
> @qsmtco/context-persistence@2.2.0 test
> jest --verbose

FAIL tests/hooks.test.js
  Hook: preCompaction
    ✕ should read state and call writeState with empty object when state exists (22 ms)
    ✕ should skip when no state file (1 ms)
    ✕ should catch write errors and return ok:false (2 ms)
  Hook: postCompaction
    ✕ should inject anchor using context_anchor when available (1 ms)
    ✕ should fallback to conversation_summary if context_anchor missing (1 ms)
    ✕ should generate anchor via summarization when no existing and agent.tools available (1 ms)
    ✕ should handle empty state by skipping (6 ms)
    ✕ should handle session without injection method (1 ms)
    ✕ should log error on unexpected failure (2 ms)
  Hook: sessionStart
    ✕ should inject resume message using state anchor or fallback (3 ms)
    ✓ should skip injection if no state file (2 ms)
    ✕ should skip if state stale >24h (1 ms)
    ✕ should perform prefetch when configured (1 ms)
    ✕ should skip prefetch if tool missing (1 ms)
    ✕ should handle state errors without throwing (4 ms)
  Hook: shutdown
    ✕ should log cache statistics on shutdown (2 ms)
    ✕ should handle missing cache stats gracefully (2 ms)
    ✓ should not throw if logging fails

  ● Hook: preCompaction › should read state and call writeState with empty object when state exists

    expect(jest.fn()).toHaveBeenCalledWith(...expected)

    - Expected
    + Received

      {},
    - Any<Object>,

    Number of calls: 1

      45 |
      46 |     expect(state.readState).toHaveBeenCalledTimes(1);
    > 47 |     expect(state.writeState).toHaveBeenCalledWith({}, expect.any(Object));
         |                              ^
      48 |     expect(ctx.log.info).toHaveBeenCalledWith(expect.stringContaining('state saved'));
      49 |     expect(result.ok).toBe(true);
      50 |     expect(result.action).toBe('saved');

      at Object.<anonymous> (tests/hooks.test.js:47:30)

  ● Hook: preCompaction › should skip when no state file

    expect(received).not.toHaveBeenCalled()

    Matcher error: received value must be a mock or spy function

    Received has type:  function
    Received has value: [Function writeState]

      57 |     const result = await preCompaction(ctx);
      58 |
    > 59 |     expect(state.writeState).not.toHaveBeenCalled();
         |                                  ^
      60 |     expect(ctx.log.debug).toHaveBeenCalledWith(expect.stringContaining('no state'));
      61 |     expect(result.ok).toBe(true);
      62 |     expect(result.skipped).toBe('no_state');

      at Object.<anonymous> (tests/hooks.test.js:59:34)

  ● Hook: preCompaction › should catch write errors and return ok:false

    expect(jest.fn()).toHaveBeenCalledWith(...expected)

    Expected: StringContaining "pre-compaction failed"
    Received: "[context-persistence] pre-compaction failed:", [Error: Disk full]

    Number of calls: 1

      70 |     const result = await preCompaction(ctx);
      71 |
    > 72 |     expect(ctx.log.error).toHaveBeenCalledWith(expect.stringContaining('pre-compaction failed'));
         |                           ^
      73 |     expect(result.ok).toBe(false);
      74 |     expect(result.error).toBe('Disk full');
      75 |   });

      at Object.<anonymous> (tests/hooks.test.js:72:27)

  ● Hook: postCompaction › should inject anchor using context_anchor when available

    expect(jest.fn()).toHaveBeenCalledWith(...expected)

    Expected: StringMatching /^\[State Anchor\] Existing anchor for project/

    Number of calls: 0

       95 |     const result = await postCompaction(ctx);
       96 |
    >  97 |     expect(ctx.session.addSystemMessage).toHaveBeenCalledWith(
          |                                          ^
       98 |       expect.stringMatching(/^\[State Anchor\] Existing anchor for project/)
       99 |     );
      100 |     expect(result.ok).toBe(true);

      at Object.<anonymous> (tests/hooks.test.js:97:42)

  ● Hook: postCompaction › should fallback to conversation_summary if context_anchor missing

    expect(jest.fn()).toHaveBeenCalledWith(...expected)

    Expected: StringMatching /^\[State Anchor\] Fallback summary text/

    Number of calls: 0

      115 |     await postCompaction(ctx);
      116 |
    > 117 |     expect(ctx.session.addSystemMessage).toHaveBeenCalledWith(
          |                                          ^
      118 |       expect.stringMatching(/^\[State Anchor\] Fallback summary text/)
      119 |     );
      120 |   });

      at Object.<anonymous> (tests/hooks.test.js:117:42)

  ● Hook: postCompaction › should generate anchor via summarization when no existing and agent.tools available

    expect(jest.fn()).toHaveBeenCalled()

    Expected number of calls: >= 1
    Received number of calls:    0

      143 |     await postCompaction(ctx);
      144 |
    > 145 |     expect(mockSummarize).toHaveBeenCalled();
          |                           ^
      146 |     expect(ctx.session.addSystemMessage).toHaveBeenCalledWith(
      147 |       expect.stringMatching(/^\[State Anchor\] Generated summary by LLM/)
      148 |     );

      at Object.<anonymous> (tests/hooks.test.js:145:27)

  ● Hook: postCompaction › should handle empty state by skipping

    expect(received).toBe(expected) // Object.is equality

    Expected: "empty_state"
    Received: "no_state_file"

      163 |     expect(ctx.session.addSystemMessage).not.toHaveBeenCalled();
      164 |     expect(result.ok).toBe(true);
    > 165 |     expect(result.skipped).toBe('empty_state');
          |                            ^
      166 |   });
      167 |
      168 |   it('should handle session without injection method', async () => {

      at Object.<anonymous> (tests/hooks.test.js:165:28)

  ● Hook: postCompaction › should handle session without injection method

    expect(jest.fn()).toHaveBeenCalledWith(...expected)

    Expected: StringContaining "session object has no message injection method"

    Number of calls: 0

      177 |     const result = await postCompaction(ctx);
      178 |
    > 179 |     expect(ctx.log.warn).toHaveBeenCalledWith(expect.stringContaining('session object has no message injection method'));
          |                          ^
      180 |     expect(result.ok).toBe(false);
      181 |     expect(result.error).toBe('session_api_mismatch');
      182 |   });

      at Object.<anonymous> (tests/hooks.test.js:179:26)

  ● Hook: postCompaction › should log error on unexpected failure

    expect(jest.fn()).toHaveBeenCalledWith(...expected)

    Expected: StringContaining "post-compaction error"

    Number of calls: 0

      187 |
      188 |     await postCompaction(ctx);
    > 189 |     expect(ctx.log.error).toHaveBeenCalledWith(expect.stringContaining('post-compaction error'));
          |                           ^
      190 |   });
      191 | });
      192 |

      at Object.<anonymous> (tests/hooks.test.js:189:27)

  ● Hook: sessionStart › should inject resume message using state anchor or fallback

    expect(jest.fn()).toHaveBeenCalledWith(...expected)

    Expected: "[Resume] Earlier work summary"

    Number of calls: 0

      210 |     const result = await sessionStart(ctx);
      211 |
    > 212 |     expect(ctx.session.addSystemMessage).toHaveBeenCalledWith(
          |                                          ^
      213 |       '[Resume] Earlier work summary'
      214 |     );
      215 |     expect(ctx.log.info).toHaveBeenCalledWith(expect.stringContaining('state injected'));

      at Object.<anonymous> (tests/hooks.test.js:212:42)

  ● Hook: sessionStart › should skip if state stale >24h

    expect(received).toBe(expected) // Object.is equality

    Expected: "stale_state"
    Received: "no_state_file"

      240 |
      241 |     expect(result.ok).toBe(true);
    > 242 |     expect(result.skipped).toBe('stale_state');
          |                            ^
      243 |     expect(result.ageHours).toBeGreaterThan(24);
      244 |   });
      245 |

      at Object.<anonymous> (tests/hooks.test.js:242:28)

  ● Hook: sessionStart › should perform prefetch when configured

    expect(jest.fn()).toHaveBeenCalledTimes(expected)

    Expected number of calls: 1
    Received number of calls: 0

      258 |     const result = await sessionStart(ctx);
      259 |
    > 260 |     expect(mockPrefetch).toHaveBeenCalledTimes(1);
          |                          ^
      261 |     expect(mockPrefetch).toHaveBeenCalledWith(
      262 |       expect.objectContaining({
      263 |         queries: ['query1', 'query2']

      at Object.<anonymous> (tests/hooks.test.js:260:26)

  ● Hook: sessionStart › should skip prefetch if tool missing

    expect(jest.fn()).toHaveBeenCalledWith(...expected)

    Expected: StringContaining "cached_memory_search tool not available"

    Number of calls: 0

      278 |     await sessionStart(ctx);
      279 |
    > 280 |     expect(ctx.log.warn).toHaveBeenCalledWith(expect.stringContaining('cached_memory_search tool not available'));
          |                          ^
      281 |   });
      282 |
      283 |   it('should handle state errors without throwing', async () => {

      at Object.<anonymous> (tests/hooks.test.js:280:26)

  ● Hook: sessionStart › should handle state errors without throwing

    expect(jest.fn()).toHaveBeenCalledWith(...expected)

    Expected: StringContaining "session-start error"

    Number of calls: 0

      287 |
      288 |     await expect(sessionStart(ctx)).resolves.not.toThrow();
    > 289 |     expect(ctx.log.error).toHaveBeenCalledWith(expect.stringContaining('session-start error'));
          |                           ^
      290 |   });
      291 | });
      292 |

      at Object.<anonymous> (tests/hooks.test.js:289:27)

  ● Hook: shutdown › should log cache statistics on shutdown

    expect(jest.fn()).toHaveBeenCalledWith(...expected)

    Expected: StringContaining "Shutdown cache stats", ObjectContaining {"hits": 1234, "max": 100, "misses": 567, "size": 42}
    Received
           1: "[context-persistence] shutdown: cache statistics:"
           2: "  - Size: 0/100 entries"
           3: "  - TTL: 300000ms"

    Number of calls: 4

      309 |     await shutdown(ctx);
      310 |
    > 311 |     expect(ctx.log.info).toHaveBeenCalledWith(
          |                          ^
      312 |       expect.stringContaining('Shutdown cache stats'),
      313 |       expect.objectContaining({
      314 |         size: 42,

      at Object.<anonymous> (tests/hooks.test.js:311:26)

  ● Hook: shutdown › should handle missing cache stats gracefully

    expect(jest.fn()).toHaveBeenCalledWith(...expected)

    Expected: StringContaining "Shutdown cache stats", undefined
    Received
           1: "[context-persistence] shutdown: cache statistics:"
           2: "  - Size: 0/100 entries"
           3: "  - TTL: 300000ms"

    Number of calls: 4

      325 |
      326 |     await expect(shutdown(ctx)).resolves.not.toThrow();
    > 327 |     expect(ctx.log.info).toHaveBeenCalledWith(expect.stringContaining('Shutdown cache stats'), undefined);
          |                          ^
      328 |   });
      329 |
      330 |   it('should not throw if logging fails', async () => {

      at Object.<anonymous> (tests/hooks.test.js:327:26)

FAIL tests/cli.test.js
  CLI command: show
    command: show
      ✕ should print formatted state when file exists (59 ms)
      ✕ should print message when file missing (4 ms)
    command: set
      ✕ should call writeState with provided key-value (2 ms)
      ✕ should parse JSON values when string starts with { or [ (1 ms)
      ✕ should reject invalid key names (3 ms)
      ✕ should print success message on valid write (6 ms)
      ✕ should handle write errors and throw (2 ms)
    command: cache-stats
      ✕ should display cache statistics (2 ms)
    command: cache-clear
      ✕ should clear the cache and report count (2 ms)
      ✕ should handle missing cache gracefully (3 ms)

  ● CLI command: show › command: show › should print formatted state when file exists

    TypeError: program.command is not a function

      25 |
      26 | module.exports = function registerCommands(program) {
    > 27 |   const cmd = program.command('context-persistence')
         |                       ^
      28 |     .description('Context Persistence plugin commands');
      29 |
      30 |   cmd.command('show')

      at registerCommands (cli/commands.js:27:23)
      at Object.<anonymous> (tests/cli.test.js:115:7)

  ● CLI command: show › command: show › should print message when file missing

    TypeError: program.command is not a function

      25 |
      26 | module.exports = function registerCommands(program) {
    > 27 |   const cmd = program.command('context-persistence')
         |                       ^
      28 |     .description('Context Persistence plugin commands');
      29 |
      30 |   cmd.command('show')

      at registerCommands (cli/commands.js:27:23)
      at Object.<anonymous> (tests/cli.test.js:160:7)

  ● CLI command: show › command: set › should call writeState with provided key-value

    TypeError: program.command is not a function

      25 |
      26 | module.exports = function registerCommands(program) {
    > 27 |   const cmd = program.command('context-persistence')
         |                       ^
      28 |     .description('Context Persistence plugin commands');
      29 |
      30 |   cmd.command('show')

      at registerCommands (cli/commands.js:27:23)
      at Object.<anonymous> (tests/cli.test.js:194:7)

  ● CLI command: show › command: set › should parse JSON values when string starts with { or [

    TypeError: program.command is not a function

      25 |
      26 | module.exports = function registerCommands(program) {
    > 27 |   const cmd = program.command('context-persistence')
         |                       ^
      28 |     .description('Context Persistence plugin commands');
      29 |
      30 |   cmd.command('show')

      at registerCommands (cli/commands.js:27:23)
      at Object.<anonymous> (tests/cli.test.js:212:7)

  ● CLI command: show › command: set › should reject invalid key names

    TypeError: program.command is not a function

      25 |
      26 | module.exports = function registerCommands(program) {
    > 27 |   const cmd = program.command('context-persistence')
         |                       ^
      28 |     .description('Context Persistence plugin commands');
      29 |
      30 |   cmd.command('show')

      at registerCommands (cli/commands.js:27:23)
      at Object.<anonymous> (tests/cli.test.js:228:7)

  ● CLI command: show › command: set › should print success message on valid write

    TypeError: program.command is not a function

      25 |
      26 | module.exports = function registerCommands(program) {
    > 27 |   const cmd = program.command('context-persistence')
         |                       ^
      28 |     .description('Context Persistence plugin commands');
      29 |
      30 |   cmd.command('show')

      at registerCommands (cli/commands.js:27:23)
      at Object.<anonymous> (tests/cli.test.js:245:7)

  ● CLI command: show › command: set › should handle write errors and throw

    TypeError: program.command is not a function

      25 |
      26 | module.exports = function registerCommands(program) {
    > 27 |   const cmd = program.command('context-persistence')
         |                       ^
      28 |     .description('Context Persistence plugin commands');
      29 |
      30 |   cmd.command('show')

      at registerCommands (cli/commands.js:27:23)
      at Object.<anonymous> (tests/cli.test.js:260:7)

  ● CLI command: show › command: cache-stats › should display cache statistics

    TypeError: program.command is not a function

      25 |
      26 | module.exports = function registerCommands(program) {
    > 27 |   const cmd = program.command('context-persistence')
         |                       ^
      28 |     .description('Context Persistence plugin commands');
      29 |
      30 |   cmd.command('show')

      at registerCommands (cli/commands.js:27:23)
      at Object.<anonymous> (tests/cli.test.js:290:7)

  ● CLI command: show › command: cache-clear › should clear the cache and report count

    TypeError: program.command is not a function

      25 |
      26 | module.exports = function registerCommands(program) {
    > 27 |   const cmd = program.command('context-persistence')
         |                       ^
      28 |     .description('Context Persistence plugin commands');
      29 |
      30 |   cmd.command('show')

      at registerCommands (cli/commands.js:27:23)
      at Object.<anonymous> (tests/cli.test.js:328:7)

  ● CLI command: show › command: cache-clear › should handle missing cache gracefully

    TypeError: program.command is not a function

      25 |
      26 | module.exports = function registerCommands(program) {
    > 27 |   const cmd = program.command('context-persistence')
         |                       ^
      28 |     .description('Context Persistence plugin commands');
      29 |
      30 |   cmd.command('show')

      at registerCommands (cli/commands.js:27:23)
      at Object.<anonymous> (tests/cli.test.js:343:7)

FAIL tests/tools.test.js
  Tools - context_persistence_read
    ✓ should return state object when file exists (19 ms)
    ✓ should throw if state file does not exist (12 ms)
    ✓ should not modify state (1 ms)
  Tools - context_persistence_write
    ✓ should update single field (2 ms)
    ✓ should update multiple fields (1 ms)
    ✓ should reject invalid field type for body (1 ms)
    ✓ should reject empty update object (2 ms)
    ✓ should propagate writeState errors (1 ms)
    ✓ should return updated timestamp and path (1 ms)
  Tools - context_persistence_discover
    ✕ should call discoverFromSessions with default parameters (2 ms)
    ✕ should pass custom args to discoverFromSessions (1 ms)
    ✓ should throw if memory_search not available (1 ms)
    ✓ should include _meta in result (1 ms)
  Tools - cached_memory_search
    ✓ should throw if query argument missing (1 ms)
    ✕ should call memory_search on cache miss (3 ms)
    ✕ should return cached result on hit (2 ms)
    ✕ should validate cache entry using isCacheValid (1 ms)
    ✓ should pass through memory_search errors (1 ms)
    ✕ should handle cache disabled (getCache returns null)
    ✕ should enrich results with _cachedMtime (1 ms)
  Tools - context_persistence_summarize
    ✕ should call LLM tool with correct prompt (1 ms)
    ✕ should write anchor to state if writeToState is true (1 ms)
    ✕ should skip writing to state if writeToState is false (1 ms)
    ✕ should handle different LLM response formats (1 ms)
    ✕ should throw if no LLM tool available (22 ms)
    ✓ should throw if state file does not exist (1 ms)
    ✕ should handle LLM timeout (10s limit) (3 ms)
    ✕ should handle empty or short anchor gracefully
    ✕ should use custom maxTokens parameter (1 ms)
  Tools - context_persistence_prefetch
    ✕ should call cached_memory_search for each query (1 ms)
    ✕ should handle prefetch failures gracefully (2 ms)
    ✓ should return empty array if queries omitted
    ✓ should throw if queries is not an array (1 ms)
    ✓ should execute queries in parallel (1 ms)
  Tools Schemas
    ✓ should define schemas for all six tools (3 ms)
    ✓ each schema should have name, description, parameters (3 ms)
    ✓ cached_memory_search schema should require query
    ✓ context_persistence_write should have additionalProperties false (1 ms)

  ● Tools - context_persistence_discover › should call discoverFromSessions with default parameters

    context_persistence_discover failed: Cannot read properties of undefined (reading 'success')

      216 |     };
      217 |   } catch (err) {
    > 218 |     throw new Error(`context_persistence_discover failed: ${err.message}`);
          |           ^
      219 |   }
      220 | }
      221 |

      at Object.context_persistence_discover (tools/index.js:218:11)
      at Object.<anonymous> (tests/tools.test.js:194:5)

  ● Tools - context_persistence_discover › should pass custom args to discoverFromSessions

    context_persistence_discover failed: Cannot read properties of undefined (reading 'success')

      216 |     };
      217 |   } catch (err) {
    > 218 |     throw new Error(`context_persistence_discover failed: ${err.message}`);
          |           ^
      219 |   }
      220 | }
      221 |

      at Object.context_persistence_discover (tools/index.js:218:11)
      at Object.<anonymous> (tests/tools.test.js:214:5)

  ● Tools - cached_memory_search › should call memory_search on cache miss

    expect(jest.fn()).toHaveBeenCalledWith(...expected)

    - Expected
    + Received

      {"query": "test"},
    + {"log": {"debug": [Function mockConstructor]}, "tools": {"memory_search": [Function mockConstructor]}},

    Number of calls: 1

      292 |     const result = await tools.cached_memory_search(ctx, { query: 'test' });
      293 |
    > 294 |     expect(mockMemorySearch).toHaveBeenCalledWith({ query: 'test' });
          |                              ^
      295 |     expect(mockCache.set).toHaveBeenCalled();
      296 |     expect(result).toBeDefined();
      297 |   });

      at Object.<anonymous> (tests/tools.test.js:294:30)

  ● Tools - cached_memory_search › should return cached result on hit

    expect(received).toEqual(expected) // deep equality

    Expected: [{"content": "cached result", "source": "cached.md"}]
    Received: undefined

      319 |
      320 |     expect(mockMemorySearch).not.toHaveBeenCalled();
    > 321 |     expect(result).toEqual(cachedEntry.value);
          |                    ^
      322 |   });
      323 |
      324 |   it('should validate cache entry using isCacheValid', async () => {

      at Object.<anonymous> (tests/tools.test.js:321:20)

  ● Tools - cached_memory_search › should validate cache entry using isCacheValid

    expect(jest.fn()).toHaveBeenCalled()

    Expected number of calls: >= 1
    Received number of calls:    0

      346 |     await tools.cached_memory_search(ctx, { query: 'test' });
      347 |
    > 348 |     expect(mockMemorySearch).toHaveBeenCalled();
          |                              ^
      349 |     expect(mockCache.delete).toHaveBeenCalled();
      350 |   });
      351 |

      at Object.<anonymous> (tests/tools.test.js:348:30)

  ● Tools - cached_memory_search › should handle cache disabled (getCache returns null)

    TypeError: Cannot read properties of null (reading 'get')

      238 |
      239 |   // Attempt cache lookup
    > 240 |   const cached = cache.get(key);
          |                        ^
      241 |
      242 |   if (cached) {
      243 |     // Validate against file mtimes

      at Object.cached_memory_search (tools/index.js:240:24)
      at Object.<anonymous> (tests/tools.test.js:375:32)

  ● Tools - cached_memory_search › should enrich results with _cachedMtime

    expect(received).toBe(expected) // Object.is equality

    Expected: 200000
    Received: undefined

      398 |     const setArg = state.getCache().set.mock.calls[0][1];
      399 |     expect(setArg.results.length).toBe(2);
    > 400 |     expect(setArg.results[1]._cachedMtime).toBe(200000);
          |                                            ^
      401 |   });
      402 | });
      403 |

      at Object.<anonymous> (tests/tools.test.js:400:44)

  ● Tools - context_persistence_summarize › should call LLM tool with correct prompt

    memory_search tool not available in context

      257 |   const tool = ctx.tools?.memory_search;
      258 |   if (!tool) {
    > 259 |     throw new Error('memory_search tool not available in context');
          |           ^
      260 |   }
      261 |
      262 |   ctx.log?.debug?.(`[cached_memory_search] cache miss for query: "${args.query.substring(0, 50)}..."`);

      at cached_memory_search (tools/index.js:259:11)
      at Object.context_persistence_summarize (tools/index.js:321:32)
      at Object.<anonymous> (tests/tools.test.js:440:20)

  ● Tools - context_persistence_summarize › should write anchor to state if writeToState is true

    memory_search tool not available in context

      257 |   const tool = ctx.tools?.memory_search;
      258 |   if (!tool) {
    > 259 |     throw new Error('memory_search tool not available in context');
          |           ^
      260 |   }
      261 |
      262 |   ctx.log?.debug?.(`[cached_memory_search] cache miss for query: "${args.query.substring(0, 50)}..."`);

      at cached_memory_search (tools/index.js:259:11)
      at Object.context_persistence_summarize (tools/index.js:321:32)
      at Object.<anonymous> (tests/tools.test.js:475:5)

  ● Tools - context_persistence_summarize › should skip writing to state if writeToState is false

    memory_search tool not available in context

      257 |   const tool = ctx.tools?.memory_search;
      258 |   if (!tool) {
    > 259 |     throw new Error('memory_search tool not available in context');
          |           ^
      260 |   }
      261 |
      262 |   ctx.log?.debug?.(`[cached_memory_search] cache miss for query: "${args.query.substring(0, 50)}..."`);

      at cached_memory_search (tools/index.js:259:11)
      at Object.context_persistence_summarize (tools/index.js:321:32)
      at Object.<anonymous> (tests/tools.test.js:502:5)

  ● Tools - context_persistence_summarize › should handle different LLM response formats

    memory_search tool not available in context

      257 |   const tool = ctx.tools?.memory_search;
      258 |   if (!tool) {
    > 259 |     throw new Error('memory_search tool not available in context');
          |           ^
      260 |   }
      261 |
      262 |   ctx.log?.debug?.(`[cached_memory_search] cache miss for query: "${args.query.substring(0, 50)}..."`);

      at cached_memory_search (tools/index.js:259:11)
      at Object.context_persistence_summarize (tools/index.js:321:32)
      at Object.<anonymous> (tests/tools.test.js:533:22)

  ● Tools - context_persistence_summarize › should throw if no LLM tool available

    expect(received).rejects.toThrow(expected)

    Expected pattern: /No LLM tool available/
    Received message: "memory_search tool not available in context"

          257 |   const tool = ctx.tools?.memory_search;
          258 |   if (!tool) {
        > 259 |     throw new Error('memory_search tool not available in context');
              |           ^
          260 |   }
          261 |
          262 |   ctx.log?.debug?.(`[cached_memory_search] cache miss for query: "${args.query.substring(0, 50)}..."`);

      at cached_memory_search (tools/index.js:259:11)
      at Object.context_persistence_summarize (tools/index.js:321:32)
      at Object.<anonymous> (tests/tools.test.js:556:5)
      at Object.toThrow (node_modules/expect/build/index.js:2155:20)
      at Object.<anonymous> (tests/tools.test.js:557:16)

  ● Tools - context_persistence_summarize › should handle LLM timeout (10s limit)

    expect(received).rejects.toThrow(expected)

    Expected pattern: /timeout/
    Received message: "memory_search tool not available in context"

          257 |   const tool = ctx.tools?.memory_search;
          258 |   if (!tool) {
        > 259 |     throw new Error('memory_search tool not available in context');
              |           ^
          260 |   }
          261 |
          262 |   ctx.log?.debug?.(`[cached_memory_search] cache miss for query: "${args.query.substring(0, 50)}..."`);

      at cached_memory_search (tools/index.js:259:11)
      at Object.context_persistence_summarize (tools/index.js:321:32)
      at Object.<anonymous> (tests/tools.test.js:597:5)
      at Object.toThrow (node_modules/expect/build/index.js:2155:20)
      at Object.<anonymous> (tests/tools.test.js:597:72)

  ● Tools - context_persistence_summarize › should handle empty or short anchor gracefully

    memory_search tool not available in context

      257 |   const tool = ctx.tools?.memory_search;
      258 |   if (!tool) {
    > 259 |     throw new Error('memory_search tool not available in context');
          |           ^
      260 |   }
      261 |
      262 |   ctx.log?.debug?.(`[cached_memory_search] cache miss for query: "${args.query.substring(0, 50)}..."`);

      at cached_memory_search (tools/index.js:259:11)
      at Object.context_persistence_summarize (tools/index.js:321:32)
      at Object.<anonymous> (tests/tools.test.js:616:20)

  ● Tools - context_persistence_summarize › should use custom maxTokens parameter

    memory_search tool not available in context

      257 |   const tool = ctx.tools?.memory_search;
      258 |   if (!tool) {
    > 259 |     throw new Error('memory_search tool not available in context');
          |           ^
      260 |   }
      261 |
      262 |   ctx.log?.debug?.(`[cached_memory_search] cache miss for query: "${args.query.substring(0, 50)}..."`);

      at cached_memory_search (tools/index.js:259:11)
      at Object.context_persistence_summarize (tools/index.js:321:32)
      at Object.<anonymous> (tests/tools.test.js:636:5)

  ● Tools - context_persistence_prefetch › should call cached_memory_search for each query

    expect(jest.fn()).toHaveBeenCalledTimes(expected)

    Expected number of calls: 2
    Received number of calls: 0

      663 |     });
      664 |
    > 665 |     expect(mockCached).toHaveBeenCalledTimes(2);
          |                        ^
      666 |     expect(mockCached).toHaveBeenCalledWith(ctx, { query: 'q1', limit: 5, minScore: 0.3 });
      667 |     expect(mockCached).toHaveBeenCalledWith(ctx, { query: 'q2', limit: 5, minScore: 0.3 });
      668 |     expect(result.prefetched).toHaveLength(2);

      at Object.<anonymous> (tests/tools.test.js:665:24)

  ● Tools - context_persistence_prefetch › should handle prefetch failures gracefully

    expect(received).toBe(expected) // Object.is equality

    Expected: true
    Received: false

      687 |
      688 |     expect(result.prefetched).toHaveLength(3);
    > 689 |     expect(result.prefetched[0].ok).toBe(true);
          |                                     ^
      690 |     expect(result.prefetched[1].ok).toBe(false);
      691 |     expect(result.prefetched[1].error).toBe('failed');
      692 |     expect(result.prefetched[2].ok).toBe(true);

      at Object.<anonymous> (tests/tools.test.js:689:37)

  console.log
    readState benchmark: avg=0.22ms, p95=1.00ms, max=6.00ms

      at Object.<anonymous> (tests/performance.test.js:72:15)

  console.log
    writeState benchmark: avg=0.37ms, p95=1.00ms, max=3.00ms

      at Object.<anonymous> (tests/performance.test.js:102:15)

  console.log
    [session-state-tracker] Cache evicted: perf-test-key-0... (reason: evict)

      at LRUCache.disposeAfter (lib/state.js:78:17)

  console.log
    [session-state-tracker] Cache evicted: perf-test-key-1... (reason: evict)

      at LRUCache.disposeAfter (lib/state.js:78:17)

  console.log
    [session-state-tracker] Cache evicted: perf-test-key-2... (reason: evict)

      at LRUCache.disposeAfter (lib/state.js:78:17)

  console.log
    [session-state-tracker] Cache evicted: perf-test-key-3... (reason: evict)

      at LRUCache.disposeAfter (lib/state.js:78:17)

  console.log
    [session-state-tracker] Cache evicted: perf-test-key-4... (reason: evict)

      at LRUCache.disposeAfter (lib/state.js:78:17)

  console.log
    [session-state-tracker] Cache evicted: perf-test-key-5... (reason: evict)

      at LRUCache.disposeAfter (lib/state.js:78:17)

  console.log
    [session-state-tracker] writeState (dryRun): would write: ---
    last_action: A
    next_steps: []
    project: DryRun
    status: active
    task: Test
    updated: '2026-02-26T05:28:45.719Z'
    version: '2.1'
    ---
    ...

      at Object.writeState (lib/state.js:407:13)

  console.log
    [session-state-tracker] Cache evicted: perf-test-key-6... (reason: evict)

      at LRUCache.disposeAfter (lib/state.js:78:17)

  console.log
    [session-state-tracker] Cache evicted: perf-test-key-7... (reason: evict)

      at LRUCache.disposeAfter (lib/state.js:78:17)

  console.log
    [session-state-tracker] Cache evicted: perf-test-key-8... (reason: evict)

      at LRUCache.disposeAfter (lib/state.js:78:17)

  console.log
    [session-state-tracker] Cache evicted: perf-test-key-9... (reason: evict)

      at LRUCache.disposeAfter (lib/state.js:78:17)

  console.log
    [session-state-tracker] Cache evicted: perf-test-key-10... (reason: evict)

      at LRUCache.disposeAfter (lib/state.js:78:17)

  console.log
    [session-state-tracker] Cache evicted: perf-test-key-11... (reason: evict)

      at LRUCache.disposeAfter (lib/state.js:78:17)

  console.log
    [session-state-tracker] Cache evicted: perf-test-key-12... (reason: evict)

      at LRUCache.disposeAfter (lib/state.js:78:17)

  console.log
    [session-state-tracker] Cache reconfigured and recreated

      at Object.configureCache (lib/state.js:121:15)

  console.log
    [session-state-tracker] Cache evicted: perf-test-key-13... (reason: evict)

      at LRUCache.disposeAfter (lib/state.js:78:17)

  console.log
    [session-state-tracker] Cache reconfigured and recreated

      at Object.configureCache (lib/state.js:121:15)

  console.log
    [session-state-tracker] Cache evicted: perf-test-key-14... (reason: evict)

      at LRUCache.disposeAfter (lib/state.js:78:17)

  console.log
    [session-state-tracker] Cache reconfigured and recreated

      at Object.configureCache (lib/state.js:121:15)

  console.log
    [session-state-tracker] Cache evicted: perf-test-key-15... (reason: evict)

      at LRUCache.disposeAfter (lib/state.js:78:17)

  console.log
    [session-state-tracker] Cache evicted: perf-test-key-16... (reason: evict)

      at LRUCache.disposeAfter (lib/state.js:78:17)

  console.log
    [session-state-tracker] Cache reconfigured and recreated

      at Object.configureCache (lib/state.js:121:15)

  console.log
    [session-state-tracker] Cache evicted: perf-test-key-17... (reason: evict)

      at LRUCache.disposeAfter (lib/state.js:78:17)

  console.log
    [session-state-tracker] Cache evicted: perf-test-key-18... (reason: evict)

      at LRUCache.disposeAfter (lib/state.js:78:17)

  console.log
    [session-state-tracker] Cache evicted: perf-test-key-19... (reason: evict)

      at LRUCache.disposeAfter (lib/state.js:78:17)

  console.log
    [session-state-tracker] Cache reconfigured and recreated

      at Object.configureCache (lib/state.js:121:15)

  console.log
    [session-state-tracker] Cache evicted: perf-test-key-20... (reason: evict)

      at LRUCache.disposeAfter (lib/state.js:78:17)

  console.log
    [session-state-tracker] Cache reconfigured and recreated

      at Object.configureCache (lib/state.js:121:15)

  console.log
    [session-state-tracker] Cache evicted: perf-test-key-21... (reason: evict)

      at LRUCache.disposeAfter (lib/state.js:78:17)

  console.log
    [session-state-tracker] Cache reconfigured and recreated

      at Object.configureCache (lib/state.js:121:15)

  console.log
    [session-state-tracker] Cache evicted: perf-test-key-22... (reason: evict)

      at LRUCache.disposeAfter (lib/state.js:78:17)

  console.log
    [session-state-tracker] Cache evicted: perf-test-key-23... (reason: evict)

      at LRUCache.disposeAfter (lib/state.js:78:17)

  console.log
    [session-state-tracker] Cache evicted: perf-test-key-24... (reason: evict)

      at LRUCache.disposeAfter (lib/state.js:78:17)

  console.log
    [session-state-tracker] Cache evicted: perf-test-key-25... (reason: evict)

      at LRUCache.disposeAfter (lib/state.js:78:17)

  console.log
    [session-state-tracker] Cache evicted: perf-test-key-26... (reason: evict)

      at LRUCache.disposeAfter (lib/state.js:78:17)

  console.log
    [session-state-tracker] Cache evicted: perf-test-key-27... (reason: evict)

      at LRUCache.disposeAfter (lib/state.js:78:17)

  console.log
    [session-state-tracker] Cache evicted: perf-test-key-28... (reason: evict)

      at LRUCache.disposeAfter (lib/state.js:78:17)

  console.log
    [session-state-tracker] Cache evicted: perf-test-key-29... (reason: evict)

      at LRUCache.disposeAfter (lib/state.js:78:17)

  console.log
    [session-state-tracker] Cache evicted: perf-test-key-30... (reason: evict)

      at LRUCache.disposeAfter (lib/state.js:78:17)

  console.log
    [session-state-tracker] Cache evicted: perf-test-key-31... (reason: evict)

      at LRUCache.disposeAfter (lib/state.js:78:17)

  console.log
    [session-state-tracker] Cache evicted: perf-test-key-32... (reason: evict)

      at LRUCache.disposeAfter (lib/state.js:78:17)

  console.log
    [session-state-tracker] Cache evicted: perf-test-key-33... (reason: evict)

      at LRUCache.disposeAfter (lib/state.js:78:17)

  console.log
    [session-state-tracker] Cache evicted: perf-test-key-34... (reason: evict)

      at LRUCache.disposeAfter (lib/state.js:78:17)

  console.log
    [session-state-tracker] Cache evicted: perf-test-key-35... (reason: evict)

      at LRUCache.disposeAfter (lib/state.js:78:17)

  console.log
    [session-state-tracker] Cache evicted: perf-test-key-36... (reason: evict)

      at LRUCache.disposeAfter (lib/state.js:78:17)

  console.log
    [session-state-tracker] Cache evicted: perf-test-key-37... (reason: evict)

      at LRUCache.disposeAfter (lib/state.js:78:17)

  console.log
    [session-state-tracker] Cache evicted: perf-test-key-38... (reason: evict)

      at LRUCache.disposeAfter (lib/state.js:78:17)

  console.log
    [session-state-tracker] Cache evicted: perf-test-key-39... (reason: evict)

      at LRUCache.disposeAfter (lib/state.js:78:17)

  console.log
    [session-state-tracker] Cache evicted: perf-test-key-40... (reason: evict)

      at LRUCache.disposeAfter (lib/state.js:78:17)

  console.log
    [session-state-tracker] Cache evicted: perf-test-key-41... (reason: evict)

      at LRUCache.disposeAfter (lib/state.js:78:17)

  console.log
    [session-state-tracker] Cache evicted: perf-test-key-42... (reason: evict)

      at LRUCache.disposeAfter (lib/state.js:78:17)

  console.log
    [session-state-tracker] Cache evicted: test-key... (reason: delete)

      at LRUCache.disposeAfter (lib/state.js:118:19)

  console.log
    [session-state-tracker] Cache evicted: perf-test-key-43... (reason: evict)

      at LRUCache.disposeAfter (lib/state.js:78:17)

  console.log
    [session-state-tracker] Cache evicted: perf-test-key-44... (reason: evict)

      at LRUCache.disposeAfter (lib/state.js:78:17)

  console.log
    [session-state-tracker] Cache evicted: perf-test-key-45... (reason: evict)

      at LRUCache.disposeAfter (lib/state.js:78:17)

  console.log
    [session-state-tracker] Cache evicted: perf-test-key-46... (reason: evict)

      at LRUCache.disposeAfter (lib/state.js:78:17)

  console.log
    [session-state-tracker] Cache evicted: perf-test-key-47... (reason: evict)

      at LRUCache.disposeAfter (lib/state.js:78:17)

  console.log
    [session-state-tracker] Cache evicted: perf-test-key-48... (reason: evict)

      at LRUCache.disposeAfter (lib/state.js:78:17)

  console.log
    [session-state-tracker] Cache evicted: perf-test-key-49... (reason: evict)

      at LRUCache.disposeAfter (lib/state.js:78:17)

  console.log
    [session-state-tracker] Cache evicted: perf-test-key-50... (reason: evict)

      at LRUCache.disposeAfter (lib/state.js:78:17)

  console.log
    [session-state-tracker] Cache evicted: perf-test-key-51... (reason: evict)

      at LRUCache.disposeAfter (lib/state.js:78:17)

  console.error
    [session-state-tracker] discoverFromSessions error: Search failed

      486 |   } catch (err) {
      487 |     // Discovery failure: return a safe empty state but log
    > 488 |     console.error('[session-state-tracker] discoverFromSessions error:', err.message);
          |             ^
      489 |     throw err;
      490 |   }
      491 | }

      at discoverFromSessions (lib/state.js:488:13)
      at Object.<anonymous> (tests/state.test.js:638:7)

  console.log
    [session-state-tracker] Cache evicted: perf-test-key-52... (reason: evict)

      at LRUCache.disposeAfter (lib/state.js:78:17)

  console.log
    [session-state-tracker] Cache evicted: perf-test-key-53... (reason: evict)

      at LRUCache.disposeAfter (lib/state.js:78:17)

  console.log
    [session-state-tracker] Cache evicted: perf-test-key-54... (reason: evict)

      at LRUCache.disposeAfter (lib/state.js:78:17)

  console.log
    [session-state-tracker] Cache evicted: perf-test-key-55... (reason: evict)

      at LRUCache.disposeAfter (lib/state.js:78:17)

  console.log
    [session-state-tracker] Cache evicted: perf-test-key-56... (reason: evict)

      at LRUCache.disposeAfter (lib/state.js:78:17)

  console.log
    [session-state-tracker] Cache evicted: perf-test-key-57... (reason: evict)

      at LRUCache.disposeAfter (lib/state.js:78:17)

  console.log
    [session-state-tracker] Cache evicted: perf-test-key-58... (reason: evict)

      at LRUCache.disposeAfter (lib/state.js:78:17)

  console.log
    [session-state-tracker] Cache reconfigured and recreated

      at configureCache (lib/state.js:121:15)

  console.log
    [session-state-tracker] Cache evicted: perf-test-key-59... (reason: evict)

      at LRUCache.disposeAfter (lib/state.js:78:17)

  console.log
    [session-state-tracker] Cache reconfigured and recreated

      at Object.configureCache (lib/state.js:121:15)

  console.log
    [session-state-tracker] Cache evicted: perf-test-key-60... (reason: evict)

      at LRUCache.disposeAfter (lib/state.js:78:17)

  console.log
    [session-state-tracker] Cache reconfigured and recreated

      at configureCache (lib/state.js:121:15)

  console.log
    [session-state-tracker] Cache evicted: perf-test-key-61... (reason: evict)

      at LRUCache.disposeAfter (lib/state.js:78:17)

  console.log
    [session-state-tracker] Cache reconfigured and recreated

      at Object.configureCache (lib/state.js:121:15)

  console.log
    [session-state-tracker] Cache evicted: perf-test-key-62... (reason: evict)

      at LRUCache.disposeAfter (lib/state.js:78:17)

  console.log
    [session-state-tracker] Cache evicted: perf-test-key-63... (reason: evict)

      at LRUCache.disposeAfter (lib/state.js:78:17)

  console.log
    [session-state-tracker] Cache evicted: perf-test-key-64... (reason: evict)

      at LRUCache.disposeAfter (lib/state.js:78:17)

  console.log
    [session-state-tracker] Cache evicted: perf-test-key-65... (reason: evict)

      at LRUCache.disposeAfter (lib/state.js:78:17)

  console.log
    [session-state-tracker] Cache evicted: perf-test-key-66... (reason: evict)

      at LRUCache.disposeAfter (lib/state.js:78:17)

  console.log
    [session-state-tracker] Cache evicted: perf-test-key-67... (reason: evict)

      at LRUCache.disposeAfter (lib/state.js:78:17)

  console.log
    [session-state-tracker] Cache evicted: perf-test-key-68... (reason: evict)

      at LRUCache.disposeAfter (lib/state.js:78:17)

  console.log
    [session-state-tracker] Cache evicted: perf-test-key-69... (reason: evict)

      at LRUCache.disposeAfter (lib/state.js:78:17)

  console.log
    [session-state-tracker] Cache stale: file error /tmp/cp-test-YnvWtj/does-not-exist.txt - ENOENT: no such file or directory, stat '/tmp/cp-test-YnvWtj/does-not-exist.txt'

      at Object.isCacheValid (lib/state.js:186:17)

  console.log
    [session-state-tracker] Cache evicted: perf-test-key-70... (reason: evict)

      at LRUCache.disposeAfter (lib/state.js:78:17)

  console.log
    [session-state-tracker] Cache evicted: perf-test-key-71... (reason: evict)

      at LRUCache.disposeAfter (lib/state.js:78:17)

  console.log
    [session-state-tracker] Cache evicted: perf-test-key-72... (reason: evict)

      at LRUCache.disposeAfter (lib/state.js:78:17)

  console.log
    [session-state-tracker] Cache evicted: perf-test-key-73... (reason: evict)

      at LRUCache.disposeAfter (lib/state.js:78:17)

  console.log
    [session-state-tracker] Cache evicted: perf-test-key-74... (reason: evict)

      at LRUCache.disposeAfter (lib/state.js:78:17)

  console.log
    [session-state-tracker] Cache evicted: perf-test-key-75... (reason: evict)

      at LRUCache.disposeAfter (lib/state.js:78:17)

  console.log
    [session-state-tracker] Cache evicted: perf-test-key-76... (reason: evict)

      at LRUCache.disposeAfter (lib/state.js:78:17)

  console.log
    [session-state-tracker] Cache evicted: perf-test-key-77... (reason: evict)

      at LRUCache.disposeAfter (lib/state.js:78:17)

  console.log
    [session-state-tracker] Cache evicted: perf-test-key-78... (reason: evict)

      at LRUCache.disposeAfter (lib/state.js:78:17)

  console.log
    [session-state-tracker] Cache evicted: perf-test-key-79... (reason: evict)

      at LRUCache.disposeAfter (lib/state.js:78:17)

  console.log
    [session-state-tracker] Cache evicted: perf-test-key-80... (reason: evict)

      at LRUCache.disposeAfter (lib/state.js:78:17)

  console.log
    [session-state-tracker] Cache evicted: perf-test-key-81... (reason: evict)

      at LRUCache.disposeAfter (lib/state.js:78:17)

  console.log
    [session-state-tracker] Cache evicted: perf-test-key-82... (reason: evict)

      at LRUCache.disposeAfter (lib/state.js:78:17)

  console.log
    [session-state-tracker] Cache evicted: perf-test-key-83... (reason: evict)

      at LRUCache.disposeAfter (lib/state.js:78:17)

  console.log
    [session-state-tracker] Cache evicted: perf-test-key-84... (reason: evict)

      at LRUCache.disposeAfter (lib/state.js:78:17)

  console.log
    [session-state-tracker] Cache evicted: perf-test-key-85... (reason: evict)

      at LRUCache.disposeAfter (lib/state.js:78:17)

  console.log
    [session-state-tracker] Cache evicted: perf-test-key-86... (reason: evict)

      at LRUCache.disposeAfter (lib/state.js:78:17)

  console.log
    [session-state-tracker] Cache evicted: perf-test-key-87... (reason: evict)

      at LRUCache.disposeAfter (lib/state.js:78:17)

  console.log
    [session-state-tracker] Cache evicted: perf-test-key-88... (reason: evict)

      at LRUCache.disposeAfter (lib/state.js:78:17)

  console.log
    [session-state-tracker] Cache evicted: perf-test-key-89... (reason: evict)

      at LRUCache.disposeAfter (lib/state.js:78:17)

FAIL tests/state.test.js
  lib/state.js - Core State Management
    getStateFilePath
      ✓ should return absolute path to CONTEXT_PERSISTENCE.md in workspace (9 ms)
    validate
      ✓ should accept valid state object (2 ms)
      ✓ should reject missing required fields (4 ms)
      ✓ should reject invalid status enum (2 ms)
      ✓ should reject next_steps not an array (3 ms)
      ✓ should reject invalid updated format (2 ms)
      ✕ should accept optional fields when absent (3 ms)
    parseFile
      ✓ should parse valid frontmatter and body (6 ms)
      ✓ should handle empty body (5 ms)
      ✓ should throw on missing frontmatter delimiter (4 ms)
      ✓ should throw on invalid YAML (4 ms)
      ✓ should handle body containing "---" by rejoining (3 ms)
    readState
      ✓ should return parsed state when file exists (9 ms)
      ✓ should return null when file does not exist (1 ms)
      ✕ should backup corrupt file and return null (3 ms)
      ✕ should handle empty file and return null (2 ms)
      ✕ should auto-migrate state missing version field (3 ms)
      ✓ should handle unicode and special characters (3 ms)
    writeState
      ✕ should write valid state file atomically (4 ms)
      ✓ should auto-generate updated timestamp (2 ms)
      ✓ should merge with existing state preserving unspecified fields (3 ms)
      ✓ should add version 2.1 automatically on initial write (2 ms)
      ✕ should validate schema and reject invalid data (3 ms)
      ✓ should clean up temp file on validation failure (2 ms)
      ✕ should handle disk full scenario gracefully (3 ms)
      ✕ should raise permission error appropriately (3 ms)
      ✓ should allow dryRun option without writing (19 ms)
      ✓ should accept body updates (3 ms)
      ✓ should preserve existing fields when body is updated (3 ms)
    configureCache
      ✓ should set default values when called with empty config (2 ms)
      ✓ should configure cache with custom max and TTL (3 ms)
      ✕ should ignore undefined values (9 ms)
      ✕ should handle zero max (set to at least 1) (3 ms)
    getCache and getCacheStats
      ✕ should return cache instance with required methods (2 ms)
      ✓ should store and retrieve values (1 ms)
      ✓ should return undefined for non-existent key (31 ms)
      ✓ getCacheStats should return size, max, ttl, and keys (2 ms)
    discoverFromSessions
      ✓ should synthesize state from memory search results (3 ms)
      ✓ should write discovered state automatically (2 ms)
      ✕ should handle memory search with no results (2 ms)
      ✕ should propagate errors from memory_search (5 ms)
      ✓ should accept query override option (2 ms)
    getConfig and setConfig
      ✓ should store and return plugin config (3 ms)
      ✓ should apply cache configuration when setConfig called (3 ms)
    SCHEMA constant
      ✓ should define all required fields (3 ms)
      ✓ should have correct enum values for status (1 ms)
    truncateAnchor
      ✓ should truncate text exceeding max tokens (2 ms)
      ✓ should not truncate short text (1 ms)
      ✓ should handle empty string (1 ms)
    isCacheValid
      ✓ should return false for null/undefined results (1 ms)
      ✓ should return false for non-array (1 ms)
      ✓ should return true for array without file references (1 ms)
      ✕ should invalidate if file mtime changed (1 ms)
      ✓ should invalidate if file deleted (2 ms)

  ● lib/state.js - Core State Management › validate › should accept optional fields when absent

    expect(received).not.toThrow()

    Error name:    "Error"
    Error message: "State validation failed: missing required field: 'updated'"

          303 |
          304 |   if (errors.length > 0) {
        > 305 |     throw new Error(`State validation failed: ${errors.join('; ')}`);
              |           ^
          306 |   }
          307 | }
          308 |

      at Object.validate (lib/state.js:305:11)
      at tests/state.test.js:121:26
      at Object.<anonymous> (node_modules/expect/build/index.js:1824:9)
      at Object.throwingMatcher [as toThrow] (node_modules/expect/build/index.js:2235:93)
      at Object.<anonymous> (tests/state.test.js:121:47)
      at Object.<anonymous> (tests/state.test.js:121:47)

  ● lib/state.js - Core State Management › readState › should backup corrupt file and return null

    YAMLException: Failed to parse YAML frontmatter: bad indentation of a mapping entry (3:3)

     1 | version: "2.1"
     2 | project: "Test"
     3 |   bad_indent: true
    -------^

      327 |
      328 |   try {
    > 329 |     const frontmatter = yaml.load(fmStr);
          |                              ^
      330 |     if (!frontmatter || typeof frontmatter !== 'object') {
      331 |       throw new Error('Invalid YAML frontmatter: must be an object');
      332 |     }

      at generateError (node_modules/js-yaml/lib/loader.js:199:10)
      at throwError (node_modules/js-yaml/lib/loader.js:203:9)
      at readBlockMapping (node_modules/js-yaml/lib/loader.js:1188:7)
      at composeNode (node_modules/js-yaml/lib/loader.js:1447:12)
      at readDocument (node_modules/js-yaml/lib/loader.js:1631:3)
      at loadDocuments (node_modules/js-yaml/lib/loader.js:1694:5)
      at Object.load (node_modules/js-yaml/lib/loader.js:1720:19)
      at parseFile (lib/state.js:329:30)
      at Object.readState (lib/state.js:348:20)
      at Object.<anonymous> (tests/state.test.js:238:34)

  ● lib/state.js - Core State Management › readState › should handle empty file and return null

    Invalid SESSION_STATE.md: missing YAML frontmatter delimiters (---)

      321 |   const parts = content.split(/^---$/m);
      322 |   if (parts.length < 3) {
    > 323 |     throw new Error('Invalid SESSION_STATE.md: missing YAML frontmatter delimiters (---)');
          |           ^
      324 |   }
      325 |   const fmStr = parts[1].trim();
      326 |   const body = parts.slice(2).join('---').trim(); // Rejoin in case body contains '---'

      at parseFile (lib/state.js:323:11)
      at Object.readState (lib/state.js:348:20)
      at Object.<anonymous> (tests/state.test.js:250:34)

  ● lib/state.js - Core State Management › readState › should auto-migrate state missing version field

    expect(received).toBe(expected) // Object.is equality

    Expected: "2.1"
    Received: undefined

      268 |
      269 |       const result = await state.readState();
    > 270 |       expect(result.version).toBe('2.1');
          |                              ^
      271 |       expect(result.project).toBe('OldProject');
      272 |       expect(result.body).toBe('Old body');
      273 |     });

      at Object.<anonymous> (tests/state.test.js:270:30)

  ● lib/state.js - Core State Management › writeState › should write valid state file atomically

    expect(received).toContain(expected) // indexOf

    Expected substring: "version: \"2.1\""
    Received string:    "---
    last_action: Wrote test
    next_steps:
      - a
      - b
    project: TestProject
    status: in-progress
    task: TestTask
    updated: '2026-02-26T05:28:45.694Z'
    version: '2.1'
    ---
    "

      314 |
      315 |       const content = await fs.promises.readFile(stateFile, 'utf8');
    > 316 |       expect(content).toContain('version: "2.1"');
          |                       ^
      317 |       expect(content).toContain('project: TestProject');
      318 |       expect(content).toContain('task: TestTask');
      319 |       expect(content).toContain('status: in-progress');

      at Object.<anonymous> (tests/state.test.js:316:23)

  ● lib/state.js - Core State Management › writeState › should validate schema and reject invalid data

    expect(received).rejects.toThrow(expected)

    Expected pattern: /enum/
    Received message: "writeState validation error: State validation failed: field 'status' must be one of [active, blocked, done, in-progress], got 'invalid-status'"

          303 |
          304 |   if (errors.length > 0) {
        > 305 |     throw new Error(`State validation failed: ${errors.join('; ')}`);
              |           ^
          306 |   }
          307 | }
          308 |

      at validate (lib/state.js:305:11)
      at Object.writeState (lib/state.js:391:7)
      at Object.<anonymous> (tests/state.test.js:388:7)
      at Object.toThrow (node_modules/expect/build/index.js:2155:20)
      at Object.<anonymous> (tests/state.test.js:395:19)

  ● lib/state.js - Core State Management › writeState › should handle disk full scenario gracefully

    expect(received).rejects.toMatchObject()

    Received promise resolved instead of rejected
    Resolved to value: {"path": "/tmp/cp-test-TYb3eq/CONTEXT_PERSISTENCE.md", "success": true, "updated": "2026-02-26T05:28:45.711Z"}

      424 |       );
      425 |
    > 426 |       await expect(state.writeState({
          |             ^
      427 |         version: '2.1',
      428 |         project: 'P',
      429 |         task: 'T',

      at expect (node_modules/expect/build/index.js:2116:15)
      at Object.<anonymous> (tests/state.test.js:426:13)

  ● lib/state.js - Core State Management › writeState › should raise permission error appropriately

    expect(received).rejects.toMatchObject()

    Received promise resolved instead of rejected
    Resolved to value: {"path": "/tmp/cp-test-jcXbfY/CONTEXT_PERSISTENCE.md", "success": true, "updated": "2026-02-26T05:28:45.715Z"}

      442 |       );
      443 |
    > 444 |       await expect(state.writeState({
          |             ^
      445 |         version: '2.1',
      446 |         project: 'P',
      447 |         task: 'T',

      at expect (node_modules/expect/build/index.js:2116:15)
      at Object.<anonymous> (tests/state.test.js:444:13)

  ● lib/state.js - Core State Management › configureCache › should ignore undefined values

    expect(received).toBe(expected) // Object.is equality

    Expected: 30
    Received: undefined

      525 |       state.configureCache({ max: undefined });
      526 |       const stats = state.getCacheStats();
    > 527 |       expect(stats.max).toBe(30);
          |                         ^
      528 |       expect(stats.ttl).toBe(120000);
      529 |     });
      530 |

      at Object.<anonymous> (tests/state.test.js:527:25)

  ● lib/state.js - Core State Management › configureCache › should handle zero max (set to at least 1)

    expect(received).toBeGreaterThanOrEqual(expected)

    Expected: >= 1
    Received:    0

      532 |       state.configureCache({ max: 0 });
      533 |       const stats = state.getCacheStats();
    > 534 |       expect(stats.max).toBeGreaterThanOrEqual(1);
          |                         ^
      535 |     });
      536 |   });
      537 |

      at Object.<anonymous> (tests/state.test.js:534:25)

  ● lib/state.js - Core State Management › getCache and getCacheStats › should return cache instance with required methods

    expect(received).toBe(expected) // Object.is equality

    Expected: "function"
    Received: "number"

      543 |       expect(typeof cache.set).toBe('function');
      544 |       expect(typeof cache.clear).toBe('function');
    > 545 |       expect(typeof cache.size).toBe('function');
          |                                 ^
      546 |       expect(typeof cache.keys).toBe('function');
      547 |     });
      548 |

      at Object.<anonymous> (tests/state.test.js:545:33)

  ● lib/state.js - Core State Management › discoverFromSessions › should handle memory search with no results

    expect(received).toBe(expected) // Object.is equality

    Expected: "Discovered from recent conversation"
    Received: ""

      627 |
      628 |       expect(result.project).toBe('');
    > 629 |       expect(result.task).toBe('Discovered from recent conversation');
          |                           ^
      630 |       expect(result.next_steps).toEqual([]);
      631 |     });
      632 |

      at Object.<anonymous> (tests/state.test.js:629:27)

  ● lib/state.js - Core State Management › discoverFromSessions › should propagate errors from memory_search

    expect(received).rejects.toThrow(expected)

    Expected substring: "discoverFromSessions error: Search failed"
    Received message:   "Search failed"

          633 |     it('should propagate errors from memory_search', async () => {
          634 |       const mockMemorySearch = async () => {
        > 635 |         throw new Error('Search failed');
              |               ^
          636 |       };
          637 |
          638 |       await expect(discoverFromSessions(mockMemorySearch))

      at mockMemorySearch (tests/state.test.js:635:15)
      at discoverFromSessions (lib/state.js:443:27)
      at Object.<anonymous> (tests/state.test.js:638:20)
      at Object.toThrow (node_modules/expect/build/index.js:2155:20)
      at Object.<anonymous> (tests/state.test.js:639:18)

  ● lib/state.js - Core State Management › isCacheValid › should invalidate if file mtime changed

    No space left on device

      421 |     it('should handle disk full scenario gracefully', async () => {
      422 |       const writeFileSpy = jest.spyOn(fs.promises, 'writeFile').mockRejectedValueOnce(
    > 423 |         Object.assign(new Error('No space left on device'), { code: 'ENOSPC' })
          |                       ^
      424 |       );
      425 |
      426 |       await expect(state.writeState({

      at Object.<anonymous> (tests/state.test.js:423:23)

  console.log
    [session-state-tracker] Cache evicted: perf-test-key-90... (reason: evict)

      at LRUCache.disposeAfter (lib/state.js:78:17)

  console.log
    [session-state-tracker] Cache evicted: perf-test-key-91... (reason: evict)

      at LRUCache.disposeAfter (lib/state.js:78:17)

  console.log
    [session-state-tracker] Cache evicted: perf-test-key-92... (reason: evict)

      at LRUCache.disposeAfter (lib/state.js:78:17)

  console.log
    [session-state-tracker] Cache evicted: perf-test-key-93... (reason: evict)

      at LRUCache.disposeAfter (lib/state.js:78:17)

  console.log
    [session-state-tracker] Cache evicted: perf-test-key-94... (reason: evict)

      at LRUCache.disposeAfter (lib/state.js:78:17)

  console.log
    [session-state-tracker] Cache evicted: perf-test-key-95... (reason: evict)

      at LRUCache.disposeAfter (lib/state.js:78:17)

  console.log
    [session-state-tracker] Cache evicted: perf-test-key-96... (reason: evict)

      at LRUCache.disposeAfter (lib/state.js:78:17)

  console.log
    [session-state-tracker] Cache evicted: perf-test-key-97... (reason: evict)

      at LRUCache.disposeAfter (lib/state.js:78:17)

  console.log
    [session-state-tracker] Cache evicted: perf-test-key-98... (reason: evict)

      at LRUCache.disposeAfter (lib/state.js:78:17)

  console.log
    [session-state-tracker] Cache evicted: perf-test-key-99... (reason: evict)

      at LRUCache.disposeAfter (lib/state.js:78:17)

  console.log
    [session-state-tracker] Cache evicted: perf-test-key-100... (reason: evict)

      at LRUCache.disposeAfter (lib/state.js:78:17)

  console.log
    [session-state-tracker] Cache evicted: perf-test-key-101... (reason: evict)

      at LRUCache.disposeAfter (lib/state.js:78:17)

  console.log
    [session-state-tracker] Cache evicted: perf-test-key-102... (reason: evict)

      at LRUCache.disposeAfter (lib/state.js:78:17)

  console.log
    [session-state-tracker] Cache evicted: perf-test-key-103... (reason: evict)

      at LRUCache.disposeAfter (lib/state.js:78:17)

  console.log
    [session-state-tracker] Cache evicted: perf-test-key-104... (reason: evict)

      at LRUCache.disposeAfter (lib/state.js:78:17)

  console.log
    [session-state-tracker] Cache evicted: perf-test-key-105... (reason: evict)

      at LRUCache.disposeAfter (lib/state.js:78:17)

  console.log
    [session-state-tracker] Cache evicted: perf-test-key-106... (reason: evict)

      at LRUCache.disposeAfter (lib/state.js:78:17)

  console.log
    [session-state-tracker] Cache evicted: perf-test-key-107... (reason: evict)

      at LRUCache.disposeAfter (lib/state.js:78:17)

  console.log
    [session-state-tracker] Cache evicted: perf-test-key-108... (reason: evict)

      at LRUCache.disposeAfter (lib/state.js:78:17)

  console.log
    [session-state-tracker] Cache evicted: perf-test-key-109... (reason: evict)

      at LRUCache.disposeAfter (lib/state.js:78:17)

  console.log
    [session-state-tracker] Cache evicted: perf-test-key-110... (reason: evict)

      at LRUCache.disposeAfter (lib/state.js:78:17)

  console.log
    [session-state-tracker] Cache evicted: perf-test-key-111... (reason: evict)

      at LRUCache.disposeAfter (lib/state.js:78:17)

  console.log
    [session-state-tracker] Cache evicted: perf-test-key-112... (reason: evict)

      at LRUCache.disposeAfter (lib/state.js:78:17)

  console.log
    [session-state-tracker] Cache evicted: perf-test-key-113... (reason: evict)

      at LRUCache.disposeAfter (lib/state.js:78:17)

  console.log
    [session-state-tracker] Cache evicted: perf-test-key-114... (reason: evict)

      at LRUCache.disposeAfter (lib/state.js:78:17)

  console.log
    [session-state-tracker] Cache evicted: perf-test-key-115... (reason: evict)

      at LRUCache.disposeAfter (lib/state.js:78:17)

  console.log
    [session-state-tracker] Cache evicted: perf-test-key-116... (reason: evict)

      at LRUCache.disposeAfter (lib/state.js:78:17)

  console.log
    [session-state-tracker] Cache evicted: perf-test-key-117... (reason: evict)

      at LRUCache.disposeAfter (lib/state.js:78:17)

  console.log
    [session-state-tracker] Cache evicted: perf-test-key-118... (reason: evict)

      at LRUCache.disposeAfter (lib/state.js:78:17)

  console.log
    [session-state-tracker] Cache evicted: perf-test-key-119... (reason: evict)

      at LRUCache.disposeAfter (lib/state.js:78:17)

  console.log
    [session-state-tracker] Cache evicted: perf-test-key-120... (reason: evict)

      at LRUCache.disposeAfter (lib/state.js:78:17)

  console.log
    [session-state-tracker] Cache evicted: perf-test-key-121... (reason: evict)

      at LRUCache.disposeAfter (lib/state.js:78:17)

  console.log
    [session-state-tracker] Cache evicted: perf-test-key-122... (reason: evict)

      at LRUCache.disposeAfter (lib/state.js:78:17)

  console.log
    [session-state-tracker] Cache evicted: perf-test-key-123... (reason: evict)

      at LRUCache.disposeAfter (lib/state.js:78:17)

  console.log
    [session-state-tracker] Cache evicted: perf-test-key-124... (reason: evict)

      at LRUCache.disposeAfter (lib/state.js:78:17)

  console.log
    [session-state-tracker] Cache evicted: perf-test-key-125... (reason: evict)

      at LRUCache.disposeAfter (lib/state.js:78:17)

  console.log
    [session-state-tracker] Cache evicted: perf-test-key-126... (reason: evict)

      at LRUCache.disposeAfter (lib/state.js:78:17)

  console.log
    [session-state-tracker] Cache evicted: perf-test-key-127... (reason: evict)

      at LRUCache.disposeAfter (lib/state.js:78:17)

  console.log
    [session-state-tracker] Cache evicted: perf-test-key-128... (reason: evict)

      at LRUCache.disposeAfter (lib/state.js:78:17)

  console.log
    [session-state-tracker] Cache evicted: perf-test-key-129... (reason: evict)

      at LRUCache.disposeAfter (lib/state.js:78:17)

  console.log
    [session-state-tracker] Cache evicted: perf-test-key-130... (reason: evict)

      at LRUCache.disposeAfter (lib/state.js:78:17)

  console.log
    [session-state-tracker] Cache evicted: perf-test-key-131... (reason: evict)

      at LRUCache.disposeAfter (lib/state.js:78:17)

  console.log
    [session-state-tracker] Cache evicted: perf-test-key-132... (reason: evict)

      at LRUCache.disposeAfter (lib/state.js:78:17)

  console.log
    [session-state-tracker] Cache evicted: perf-test-key-133... (reason: evict)

      at LRUCache.disposeAfter (lib/state.js:78:17)

  console.log
    [session-state-tracker] Cache evicted: perf-test-key-134... (reason: evict)

      at LRUCache.disposeAfter (lib/state.js:78:17)

  console.log
    [session-state-tracker] Cache evicted: perf-test-key-135... (reason: evict)

      at LRUCache.disposeAfter (lib/state.js:78:17)

  console.log
    [session-state-tracker] Cache evicted: perf-test-key-136... (reason: evict)

      at LRUCache.disposeAfter (lib/state.js:78:17)

  console.log
    [session-state-tracker] Cache evicted: perf-test-key-137... (reason: evict)

      at LRUCache.disposeAfter (lib/state.js:78:17)

  console.log
    [session-state-tracker] Cache evicted: perf-test-key-138... (reason: evict)

      at LRUCache.disposeAfter (lib/state.js:78:17)

  console.log
    [session-state-tracker] Cache evicted: perf-test-key-139... (reason: evict)

      at LRUCache.disposeAfter (lib/state.js:78:17)

  console.log
    [session-state-tracker] Cache evicted: perf-test-key-140... (reason: evict)

      at LRUCache.disposeAfter (lib/state.js:78:17)

  console.log
    [session-state-tracker] Cache evicted: perf-test-key-141... (reason: evict)

      at LRUCache.disposeAfter (lib/state.js:78:17)

  console.log
    [session-state-tracker] Cache evicted: perf-test-key-142... (reason: evict)

      at LRUCache.disposeAfter (lib/state.js:78:17)

  console.log
    [session-state-tracker] Cache evicted: perf-test-key-143... (reason: evict)

      at LRUCache.disposeAfter (lib/state.js:78:17)

  console.log
    [session-state-tracker] Cache evicted: perf-test-key-144... (reason: evict)

      at LRUCache.disposeAfter (lib/state.js:78:17)

  console.log
    [session-state-tracker] Cache evicted: perf-test-key-145... (reason: evict)

      at LRUCache.disposeAfter (lib/state.js:78:17)

  console.log
    [session-state-tracker] Cache evicted: perf-test-key-146... (reason: evict)

      at LRUCache.disposeAfter (lib/state.js:78:17)

  console.log
    [session-state-tracker] Cache evicted: perf-test-key-147... (reason: evict)

      at LRUCache.disposeAfter (lib/state.js:78:17)

  console.log
    [session-state-tracker] Cache evicted: perf-test-key-148... (reason: evict)

      at LRUCache.disposeAfter (lib/state.js:78:17)

  console.log
    [session-state-tracker] Cache evicted: perf-test-key-149... (reason: evict)

      at LRUCache.disposeAfter (lib/state.js:78:17)

  console.log
    [session-state-tracker] Cache evicted: perf-test-key-150... (reason: evict)

      at LRUCache.disposeAfter (lib/state.js:78:17)

  console.log
    [session-state-tracker] Cache evicted: perf-test-key-151... (reason: evict)

      at LRUCache.disposeAfter (lib/state.js:78:17)

  console.log
    [session-state-tracker] Cache evicted: perf-test-key-152... (reason: evict)

      at LRUCache.disposeAfter (lib/state.js:78:17)

  console.log
    [session-state-tracker] Cache evicted: perf-test-key-153... (reason: evict)

      at LRUCache.disposeAfter (lib/state.js:78:17)

  console.log
    [session-state-tracker] Cache evicted: perf-test-key-154... (reason: evict)

      at LRUCache.disposeAfter (lib/state.js:78:17)

  console.log
    [session-state-tracker] Cache evicted: perf-test-key-155... (reason: evict)

      at LRUCache.disposeAfter (lib/state.js:78:17)

  console.log
    [session-state-tracker] Cache evicted: perf-test-key-156... (reason: evict)

      at LRUCache.disposeAfter (lib/state.js:78:17)

  console.log
    [session-state-tracker] Cache evicted: perf-test-key-157... (reason: evict)

      at LRUCache.disposeAfter (lib/state.js:78:17)

  console.log
    [session-state-tracker] Cache evicted: perf-test-key-158... (reason: evict)

      at LRUCache.disposeAfter (lib/state.js:78:17)

  console.log
    [session-state-tracker] Cache evicted: perf-test-key-159... (reason: evict)

      at LRUCache.disposeAfter (lib/state.js:78:17)

  console.log
    [session-state-tracker] Cache evicted: perf-test-key-160... (reason: evict)

      at LRUCache.disposeAfter (lib/state.js:78:17)

  console.log
    [session-state-tracker] Cache evicted: perf-test-key-161... (reason: evict)

      at LRUCache.disposeAfter (lib/state.js:78:17)

  console.log
    [session-state-tracker] Cache evicted: perf-test-key-162... (reason: evict)

      at LRUCache.disposeAfter (lib/state.js:78:17)

  console.log
    [session-state-tracker] Cache evicted: perf-test-key-163... (reason: evict)

      at LRUCache.disposeAfter (lib/state.js:78:17)

  console.log
    [session-state-tracker] Cache evicted: perf-test-key-164... (reason: evict)

      at LRUCache.disposeAfter (lib/state.js:78:17)

  console.log
    [session-state-tracker] Cache evicted: perf-test-key-165... (reason: evict)

      at LRUCache.disposeAfter (lib/state.js:78:17)

  console.log
    [session-state-tracker] Cache evicted: perf-test-key-166... (reason: evict)

      at LRUCache.disposeAfter (lib/state.js:78:17)

  console.log
    [session-state-tracker] Cache evicted: perf-test-key-167... (reason: evict)

      at LRUCache.disposeAfter (lib/state.js:78:17)

  console.log
    [session-state-tracker] Cache evicted: perf-test-key-168... (reason: evict)

      at LRUCache.disposeAfter (lib/state.js:78:17)

  console.log
    [session-state-tracker] Cache evicted: perf-test-key-169... (reason: evict)

      at LRUCache.disposeAfter (lib/state.js:78:17)

  console.log
    [session-state-tracker] Cache evicted: perf-test-key-170... (reason: evict)

      at LRUCache.disposeAfter (lib/state.js:78:17)

  console.log
    [session-state-tracker] Cache evicted: perf-test-key-171... (reason: evict)

      at LRUCache.disposeAfter (lib/state.js:78:17)

  console.log
    [session-state-tracker] Cache evicted: perf-test-key-172... (reason: evict)

      at LRUCache.disposeAfter (lib/state.js:78:17)

  console.log
    [session-state-tracker] Cache evicted: perf-test-key-173... (reason: evict)

      at LRUCache.disposeAfter (lib/state.js:78:17)

  console.log
    [session-state-tracker] Cache evicted: perf-test-key-174... (reason: evict)

      at LRUCache.disposeAfter (lib/state.js:78:17)

  console.log
    [session-state-tracker] Cache evicted: perf-test-key-175... (reason: evict)

      at LRUCache.disposeAfter (lib/state.js:78:17)

  console.log
    [session-state-tracker] Cache evicted: perf-test-key-176... (reason: evict)

      at LRUCache.disposeAfter (lib/state.js:78:17)

  console.log
    [session-state-tracker] Cache evicted: perf-test-key-177... (reason: evict)

      at LRUCache.disposeAfter (lib/state.js:78:17)

  console.log
    [session-state-tracker] Cache evicted: perf-test-key-178... (reason: evict)

      at LRUCache.disposeAfter (lib/state.js:78:17)

  console.log
    [session-state-tracker] Cache evicted: perf-test-key-179... (reason: evict)

      at LRUCache.disposeAfter (lib/state.js:78:17)

  console.log
    [session-state-tracker] Cache evicted: perf-test-key-180... (reason: evict)

      at LRUCache.disposeAfter (lib/state.js:78:17)

  console.log
    [session-state-tracker] Cache evicted: perf-test-key-181... (reason: evict)

      at LRUCache.disposeAfter (lib/state.js:78:17)

  console.log
    [session-state-tracker] Cache evicted: perf-test-key-182... (reason: evict)

      at LRUCache.disposeAfter (lib/state.js:78:17)

  console.log
    [session-state-tracker] Cache evicted: perf-test-key-183... (reason: evict)

      at LRUCache.disposeAfter (lib/state.js:78:17)

  console.log
    [session-state-tracker] Cache evicted: perf-test-key-184... (reason: evict)

      at LRUCache.disposeAfter (lib/state.js:78:17)

  console.log
    [session-state-tracker] Cache evicted: perf-test-key-185... (reason: evict)

      at LRUCache.disposeAfter (lib/state.js:78:17)

  console.log
    [session-state-tracker] Cache evicted: perf-test-key-186... (reason: evict)

      at LRUCache.disposeAfter (lib/state.js:78:17)

  console.log
    [session-state-tracker] Cache evicted: perf-test-key-187... (reason: evict)

      at LRUCache.disposeAfter (lib/state.js:78:17)

  console.log
    [session-state-tracker] Cache evicted: perf-test-key-188... (reason: evict)

      at LRUCache.disposeAfter (lib/state.js:78:17)

  console.log
    [session-state-tracker] Cache evicted: perf-test-key-189... (reason: evict)

      at LRUCache.disposeAfter (lib/state.js:78:17)

  console.log
    [session-state-tracker] Cache evicted: perf-test-key-190... (reason: evict)

      at LRUCache.disposeAfter (lib/state.js:78:17)

  console.log
    [session-state-tracker] Cache evicted: perf-test-key-191... (reason: evict)

      at LRUCache.disposeAfter (lib/state.js:78:17)

  console.log
    [session-state-tracker] Cache evicted: perf-test-key-192... (reason: evict)

      at LRUCache.disposeAfter (lib/state.js:78:17)

  console.log
    [session-state-tracker] Cache evicted: perf-test-key-193... (reason: evict)

      at LRUCache.disposeAfter (lib/state.js:78:17)

  console.log
    [session-state-tracker] Cache evicted: perf-test-key-194... (reason: evict)

      at LRUCache.disposeAfter (lib/state.js:78:17)

  console.log
    [session-state-tracker] Cache evicted: perf-test-key-195... (reason: evict)

      at LRUCache.disposeAfter (lib/state.js:78:17)

  console.log
    [session-state-tracker] Cache evicted: perf-test-key-196... (reason: evict)

      at LRUCache.disposeAfter (lib/state.js:78:17)

  console.log
    [session-state-tracker] Cache evicted: perf-test-key-197... (reason: evict)

      at LRUCache.disposeAfter (lib/state.js:78:17)

  console.log
    [session-state-tracker] Cache evicted: perf-test-key-198... (reason: evict)

      at LRUCache.disposeAfter (lib/state.js:78:17)

  console.log
    [session-state-tracker] Cache evicted: perf-test-key-199... (reason: evict)

      at LRUCache.disposeAfter (lib/state.js:78:17)

  console.log
    [session-state-tracker] Cache evicted: perf-test-key-200... (reason: evict)

      at LRUCache.disposeAfter (lib/state.js:78:17)

  console.log
    [session-state-tracker] Cache evicted: perf-test-key-201... (reason: evict)

      at LRUCache.disposeAfter (lib/state.js:78:17)

  console.log
    [session-state-tracker] Cache evicted: perf-test-key-202... (reason: evict)

      at LRUCache.disposeAfter (lib/state.js:78:17)

  console.log
    [session-state-tracker] Cache evicted: perf-test-key-203... (reason: evict)

      at LRUCache.disposeAfter (lib/state.js:78:17)

  console.log
    [session-state-tracker] Cache evicted: perf-test-key-204... (reason: evict)

      at LRUCache.disposeAfter (lib/state.js:78:17)

  console.log
    [session-state-tracker] Cache evicted: perf-test-key-205... (reason: evict)

      at LRUCache.disposeAfter (lib/state.js:78:17)

  console.log
    [session-state-tracker] Cache evicted: perf-test-key-206... (reason: evict)

      at LRUCache.disposeAfter (lib/state.js:78:17)

  console.log
    [session-state-tracker] Cache evicted: perf-test-key-207... (reason: evict)

      at LRUCache.disposeAfter (lib/state.js:78:17)

  console.log
    [session-state-tracker] Cache evicted: perf-test-key-208... (reason: evict)

      at LRUCache.disposeAfter (lib/state.js:78:17)

  console.log
    [session-state-tracker] Cache evicted: perf-test-key-209... (reason: evict)

      at LRUCache.disposeAfter (lib/state.js:78:17)

  console.log
    [session-state-tracker] Cache evicted: perf-test-key-210... (reason: evict)

      at LRUCache.disposeAfter (lib/state.js:78:17)

  console.log
    [session-state-tracker] Cache evicted: perf-test-key-211... (reason: evict)

      at LRUCache.disposeAfter (lib/state.js:78:17)

  console.log
    [session-state-tracker] Cache evicted: perf-test-key-212... (reason: evict)

      at LRUCache.disposeAfter (lib/state.js:78:17)

  console.log
    [session-state-tracker] Cache evicted: perf-test-key-213... (reason: evict)

      at LRUCache.disposeAfter (lib/state.js:78:17)

  console.log
    [session-state-tracker] Cache evicted: perf-test-key-214... (reason: evict)

      at LRUCache.disposeAfter (lib/state.js:78:17)

  console.log
    [session-state-tracker] Cache evicted: perf-test-key-215... (reason: evict)

      at LRUCache.disposeAfter (lib/state.js:78:17)

  console.log
    [session-state-tracker] Cache evicted: perf-test-key-216... (reason: evict)

      at LRUCache.disposeAfter (lib/state.js:78:17)

  console.log
    [session-state-tracker] Cache evicted: perf-test-key-217... (reason: evict)

      at LRUCache.disposeAfter (lib/state.js:78:17)

  console.log
    [session-state-tracker] Cache evicted: perf-test-key-218... (reason: evict)

      at LRUCache.disposeAfter (lib/state.js:78:17)

  console.log
    [session-state-tracker] Cache evicted: perf-test-key-219... (reason: evict)

      at LRUCache.disposeAfter (lib/state.js:78:17)

  console.log
    [session-state-tracker] Cache evicted: perf-test-key-220... (reason: evict)

      at LRUCache.disposeAfter (lib/state.js:78:17)

  console.log
    [session-state-tracker] Cache evicted: perf-test-key-221... (reason: evict)

      at LRUCache.disposeAfter (lib/state.js:78:17)

  console.log
    [session-state-tracker] Cache evicted: perf-test-key-222... (reason: evict)

      at LRUCache.disposeAfter (lib/state.js:78:17)

  console.log
    [session-state-tracker] Cache evicted: perf-test-key-223... (reason: evict)

      at LRUCache.disposeAfter (lib/state.js:78:17)

  console.log
    [session-state-tracker] Cache evicted: perf-test-key-224... (reason: evict)

      at LRUCache.disposeAfter (lib/state.js:78:17)

  console.log
    [session-state-tracker] Cache evicted: perf-test-key-225... (reason: evict)

      at LRUCache.disposeAfter (lib/state.js:78:17)

  console.log
    [session-state-tracker] Cache evicted: perf-test-key-226... (reason: evict)

      at LRUCache.disposeAfter (lib/state.js:78:17)

  console.log
    [session-state-tracker] Cache evicted: perf-test-key-227... (reason: evict)

      at LRUCache.disposeAfter (lib/state.js:78:17)

  console.log
    [session-state-tracker] Cache evicted: perf-test-key-228... (reason: evict)

      at LRUCache.disposeAfter (lib/state.js:78:17)

  console.log
    [session-state-tracker] Cache evicted: perf-test-key-229... (reason: evict)

      at LRUCache.disposeAfter (lib/state.js:78:17)

  console.log
    [session-state-tracker] Cache evicted: perf-test-key-230... (reason: evict)

      at LRUCache.disposeAfter (lib/state.js:78:17)

  console.log
    [session-state-tracker] Cache evicted: perf-test-key-231... (reason: evict)

      at LRUCache.disposeAfter (lib/state.js:78:17)

  console.log
    [session-state-tracker] Cache evicted: perf-test-key-232... (reason: evict)

      at LRUCache.disposeAfter (lib/state.js:78:17)

  console.log
    [session-state-tracker] Cache evicted: perf-test-key-233... (reason: evict)

      at LRUCache.disposeAfter (lib/state.js:78:17)

  console.log
    [session-state-tracker] Cache evicted: perf-test-key-234... (reason: evict)

      at LRUCache.disposeAfter (lib/state.js:78:17)

  console.log
    [session-state-tracker] Cache evicted: perf-test-key-235... (reason: evict)

      at LRUCache.disposeAfter (lib/state.js:78:17)

  console.log
    [session-state-tracker] Cache evicted: perf-test-key-236... (reason: evict)

      at LRUCache.disposeAfter (lib/state.js:78:17)

  console.log
    [session-state-tracker] Cache evicted: perf-test-key-237... (reason: evict)

      at LRUCache.disposeAfter (lib/state.js:78:17)

  console.log
    [session-state-tracker] Cache evicted: perf-test-key-238... (reason: evict)

      at LRUCache.disposeAfter (lib/state.js:78:17)

  console.log
    [session-state-tracker] Cache evicted: perf-test-key-239... (reason: evict)

      at LRUCache.disposeAfter (lib/state.js:78:17)

  console.log
    [session-state-tracker] Cache evicted: perf-test-key-240... (reason: evict)

      at LRUCache.disposeAfter (lib/state.js:78:17)

  console.log
    [session-state-tracker] Cache evicted: perf-test-key-241... (reason: evict)

      at LRUCache.disposeAfter (lib/state.js:78:17)

  console.log
    [session-state-tracker] Cache evicted: perf-test-key-242... (reason: evict)

      at LRUCache.disposeAfter (lib/state.js:78:17)

  console.log
    [session-state-tracker] Cache evicted: perf-test-key-243... (reason: evict)

      at LRUCache.disposeAfter (lib/state.js:78:17)

  console.log
    [session-state-tracker] Cache evicted: perf-test-key-244... (reason: evict)

      at LRUCache.disposeAfter (lib/state.js:78:17)

  console.log
    [session-state-tracker] Cache evicted: perf-test-key-245... (reason: evict)

      at LRUCache.disposeAfter (lib/state.js:78:17)

  console.log
    [session-state-tracker] Cache evicted: perf-test-key-246... (reason: evict)

      at LRUCache.disposeAfter (lib/state.js:78:17)

  console.log
    [session-state-tracker] Cache evicted: perf-test-key-247... (reason: evict)

      at LRUCache.disposeAfter (lib/state.js:78:17)

  console.log
    [session-state-tracker] Cache evicted: perf-test-key-248... (reason: evict)

      at LRUCache.disposeAfter (lib/state.js:78:17)

  console.log
    [session-state-tracker] Cache evicted: perf-test-key-249... (reason: evict)

      at LRUCache.disposeAfter (lib/state.js:78:17)

  console.log
    [session-state-tracker] Cache evicted: perf-test-key-250... (reason: evict)

      at LRUCache.disposeAfter (lib/state.js:78:17)

  console.log
    [session-state-tracker] Cache evicted: perf-test-key-251... (reason: evict)

      at LRUCache.disposeAfter (lib/state.js:78:17)

  console.log
    [session-state-tracker] Cache evicted: perf-test-key-252... (reason: evict)

      at LRUCache.disposeAfter (lib/state.js:78:17)

  console.log
    [session-state-tracker] Cache evicted: perf-test-key-253... (reason: evict)

      at LRUCache.disposeAfter (lib/state.js:78:17)

  console.log
    [session-state-tracker] Cache evicted: perf-test-key-254... (reason: evict)

      at LRUCache.disposeAfter (lib/state.js:78:17)

  console.log
    [session-state-tracker] Cache evicted: perf-test-key-255... (reason: evict)

      at LRUCache.disposeAfter (lib/state.js:78:17)

  console.log
    [session-state-tracker] Cache evicted: perf-test-key-256... (reason: evict)

      at LRUCache.disposeAfter (lib/state.js:78:17)

  console.log
    [session-state-tracker] Cache evicted: perf-test-key-257... (reason: evict)

      at LRUCache.disposeAfter (lib/state.js:78:17)

  console.log
    [session-state-tracker] Cache evicted: perf-test-key-258... (reason: evict)

      at LRUCache.disposeAfter (lib/state.js:78:17)

  console.log
    [session-state-tracker] Cache evicted: perf-test-key-259... (reason: evict)

      at LRUCache.disposeAfter (lib/state.js:78:17)

  console.log
    [session-state-tracker] Cache evicted: perf-test-key-260... (reason: evict)

      at LRUCache.disposeAfter (lib/state.js:78:17)

  console.log
    [session-state-tracker] Cache evicted: perf-test-key-261... (reason: evict)

      at LRUCache.disposeAfter (lib/state.js:78:17)

  console.log
    [session-state-tracker] Cache evicted: perf-test-key-262... (reason: evict)

      at LRUCache.disposeAfter (lib/state.js:78:17)

  console.log
    [session-state-tracker] Cache evicted: perf-test-key-263... (reason: evict)

      at LRUCache.disposeAfter (lib/state.js:78:17)

  console.log
    [session-state-tracker] Cache evicted: perf-test-key-264... (reason: evict)

      at LRUCache.disposeAfter (lib/state.js:78:17)

  console.log
    [session-state-tracker] Cache evicted: perf-test-key-265... (reason: evict)

      at LRUCache.disposeAfter (lib/state.js:78:17)

  console.log
    [session-state-tracker] Cache evicted: perf-test-key-266... (reason: evict)

      at LRUCache.disposeAfter (lib/state.js:78:17)

  console.log
    [session-state-tracker] Cache evicted: perf-test-key-267... (reason: evict)

      at LRUCache.disposeAfter (lib/state.js:78:17)

  console.log
    [session-state-tracker] Cache evicted: perf-test-key-268... (reason: evict)

      at LRUCache.disposeAfter (lib/state.js:78:17)

  console.log
    [session-state-tracker] Cache evicted: perf-test-key-269... (reason: evict)

      at LRUCache.disposeAfter (lib/state.js:78:17)

  console.log
    [session-state-tracker] Cache evicted: perf-test-key-270... (reason: evict)

      at LRUCache.disposeAfter (lib/state.js:78:17)

  console.log
    [session-state-tracker] Cache evicted: perf-test-key-271... (reason: evict)

      at LRUCache.disposeAfter (lib/state.js:78:17)

  console.log
    [session-state-tracker] Cache evicted: perf-test-key-272... (reason: evict)

      at LRUCache.disposeAfter (lib/state.js:78:17)

  console.log
    [session-state-tracker] Cache evicted: perf-test-key-273... (reason: evict)

      at LRUCache.disposeAfter (lib/state.js:78:17)

  console.log
    [session-state-tracker] Cache evicted: perf-test-key-274... (reason: evict)

      at LRUCache.disposeAfter (lib/state.js:78:17)

  console.log
    [session-state-tracker] Cache evicted: perf-test-key-275... (reason: evict)

      at LRUCache.disposeAfter (lib/state.js:78:17)

  console.log
    [session-state-tracker] Cache evicted: perf-test-key-276... (reason: evict)

      at LRUCache.disposeAfter (lib/state.js:78:17)

  console.log
    [session-state-tracker] Cache evicted: perf-test-key-277... (reason: evict)

      at LRUCache.disposeAfter (lib/state.js:78:17)

  console.log
    [session-state-tracker] Cache evicted: perf-test-key-278... (reason: evict)

      at LRUCache.disposeAfter (lib/state.js:78:17)

  console.log
    [session-state-tracker] Cache evicted: perf-test-key-279... (reason: evict)

      at LRUCache.disposeAfter (lib/state.js:78:17)

  console.log
    [session-state-tracker] Cache evicted: perf-test-key-280... (reason: evict)

      at LRUCache.disposeAfter (lib/state.js:78:17)

  console.log
    [session-state-tracker] Cache evicted: perf-test-key-281... (reason: evict)

      at LRUCache.disposeAfter (lib/state.js:78:17)

  console.log
    [session-state-tracker] Cache evicted: perf-test-key-282... (reason: evict)

      at LRUCache.disposeAfter (lib/state.js:78:17)

  console.log
    [session-state-tracker] Cache evicted: perf-test-key-283... (reason: evict)

      at LRUCache.disposeAfter (lib/state.js:78:17)

  console.log
    [session-state-tracker] Cache evicted: perf-test-key-284... (reason: evict)

      at LRUCache.disposeAfter (lib/state.js:78:17)

  console.log
    [session-state-tracker] Cache evicted: perf-test-key-285... (reason: evict)

      at LRUCache.disposeAfter (lib/state.js:78:17)

  console.log
    [session-state-tracker] Cache evicted: perf-test-key-286... (reason: evict)

      at LRUCache.disposeAfter (lib/state.js:78:17)

  console.log
    [session-state-tracker] Cache evicted: perf-test-key-287... (reason: evict)

      at LRUCache.disposeAfter (lib/state.js:78:17)

  console.log
    [session-state-tracker] Cache evicted: perf-test-key-288... (reason: evict)

      at LRUCache.disposeAfter (lib/state.js:78:17)

  console.log
    [session-state-tracker] Cache evicted: perf-test-key-289... (reason: evict)

      at LRUCache.disposeAfter (lib/state.js:78:17)

  console.log
    [session-state-tracker] Cache evicted: perf-test-key-290... (reason: evict)

      at LRUCache.disposeAfter (lib/state.js:78:17)

  console.log
    [session-state-tracker] Cache evicted: perf-test-key-291... (reason: evict)

      at LRUCache.disposeAfter (lib/state.js:78:17)

  console.log
    [session-state-tracker] Cache evicted: perf-test-key-292... (reason: evict)

      at LRUCache.disposeAfter (lib/state.js:78:17)

  console.log
    [session-state-tracker] Cache evicted: perf-test-key-293... (reason: evict)

      at LRUCache.disposeAfter (lib/state.js:78:17)

  console.log
    [session-state-tracker] Cache evicted: perf-test-key-294... (reason: evict)

      at LRUCache.disposeAfter (lib/state.js:78:17)

  console.log
    [session-state-tracker] Cache evicted: perf-test-key-295... (reason: evict)

      at LRUCache.disposeAfter (lib/state.js:78:17)

  console.log
    [session-state-tracker] Cache evicted: perf-test-key-296... (reason: evict)

      at LRUCache.disposeAfter (lib/state.js:78:17)

  console.log
    [session-state-tracker] Cache evicted: perf-test-key-297... (reason: evict)

      at LRUCache.disposeAfter (lib/state.js:78:17)

  console.log
    [session-state-tracker] Cache evicted: perf-test-key-298... (reason: evict)

      at LRUCache.disposeAfter (lib/state.js:78:17)

  console.log
    [session-state-tracker] Cache evicted: perf-test-key-299... (reason: evict)

      at LRUCache.disposeAfter (lib/state.js:78:17)

  console.log
    [session-state-tracker] Cache evicted: perf-test-key-300... (reason: evict)

      at LRUCache.disposeAfter (lib/state.js:78:17)

  console.log
    [session-state-tracker] Cache evicted: perf-test-key-301... (reason: evict)

      at LRUCache.disposeAfter (lib/state.js:78:17)

  console.log
    [session-state-tracker] Cache evicted: perf-test-key-302... (reason: evict)

      at LRUCache.disposeAfter (lib/state.js:78:17)

  console.log
    [session-state-tracker] Cache evicted: perf-test-key-303... (reason: evict)

      at LRUCache.disposeAfter (lib/state.js:78:17)

  console.log
    [session-state-tracker] Cache evicted: perf-test-key-304... (reason: evict)

      at LRUCache.disposeAfter (lib/state.js:78:17)

  console.log
    [session-state-tracker] Cache evicted: perf-test-key-305... (reason: evict)

      at LRUCache.disposeAfter (lib/state.js:78:17)

  console.log
    [session-state-tracker] Cache evicted: perf-test-key-306... (reason: evict)

      at LRUCache.disposeAfter (lib/state.js:78:17)

  console.log
    [session-state-tracker] Cache evicted: perf-test-key-307... (reason: evict)

      at LRUCache.disposeAfter (lib/state.js:78:17)

  console.log
    [session-state-tracker] Cache evicted: perf-test-key-308... (reason: evict)

      at LRUCache.disposeAfter (lib/state.js:78:17)

  console.log
    [session-state-tracker] Cache evicted: perf-test-key-309... (reason: evict)

      at LRUCache.disposeAfter (lib/state.js:78:17)

  console.log
    [session-state-tracker] Cache evicted: perf-test-key-310... (reason: evict)

      at LRUCache.disposeAfter (lib/state.js:78:17)

  console.log
    [session-state-tracker] Cache evicted: perf-test-key-311... (reason: evict)

      at LRUCache.disposeAfter (lib/state.js:78:17)

  console.log
    [session-state-tracker] Cache evicted: perf-test-key-312... (reason: evict)

      at LRUCache.disposeAfter (lib/state.js:78:17)

  console.log
    [session-state-tracker] Cache evicted: perf-test-key-313... (reason: evict)

      at LRUCache.disposeAfter (lib/state.js:78:17)

  console.log
    [session-state-tracker] Cache evicted: perf-test-key-314... (reason: evict)

      at LRUCache.disposeAfter (lib/state.js:78:17)

  console.log
    [session-state-tracker] Cache evicted: perf-test-key-315... (reason: evict)

      at LRUCache.disposeAfter (lib/state.js:78:17)

  console.log
    [session-state-tracker] Cache evicted: perf-test-key-316... (reason: evict)

      at LRUCache.disposeAfter (lib/state.js:78:17)

  console.log
    [session-state-tracker] Cache evicted: perf-test-key-317... (reason: evict)

      at LRUCache.disposeAfter (lib/state.js:78:17)

  console.log
    [session-state-tracker] Cache evicted: perf-test-key-318... (reason: evict)

      at LRUCache.disposeAfter (lib/state.js:78:17)

  console.log
    [session-state-tracker] Cache evicted: perf-test-key-319... (reason: evict)

      at LRUCache.disposeAfter (lib/state.js:78:17)

  console.log
    [session-state-tracker] Cache evicted: perf-test-key-320... (reason: evict)

      at LRUCache.disposeAfter (lib/state.js:78:17)

  console.log
    [session-state-tracker] Cache evicted: perf-test-key-321... (reason: evict)

      at LRUCache.disposeAfter (lib/state.js:78:17)

  console.log
    [session-state-tracker] Cache evicted: perf-test-key-322... (reason: evict)

      at LRUCache.disposeAfter (lib/state.js:78:17)

  console.log
    [session-state-tracker] Cache evicted: perf-test-key-323... (reason: evict)

      at LRUCache.disposeAfter (lib/state.js:78:17)

  console.log
    [session-state-tracker] Cache evicted: perf-test-key-324... (reason: evict)

      at LRUCache.disposeAfter (lib/state.js:78:17)

  console.log
    [session-state-tracker] Cache evicted: perf-test-key-325... (reason: evict)

      at LRUCache.disposeAfter (lib/state.js:78:17)

  console.log
    [session-state-tracker] Cache evicted: perf-test-key-326... (reason: evict)

      at LRUCache.disposeAfter (lib/state.js:78:17)

  console.log
    [session-state-tracker] Cache evicted: perf-test-key-327... (reason: evict)

      at LRUCache.disposeAfter (lib/state.js:78:17)

  console.log
    [session-state-tracker] Cache evicted: perf-test-key-328... (reason: evict)

      at LRUCache.disposeAfter (lib/state.js:78:17)

  console.log
    [session-state-tracker] Cache evicted: perf-test-key-329... (reason: evict)

      at LRUCache.disposeAfter (lib/state.js:78:17)

  console.log
    [session-state-tracker] Cache evicted: perf-test-key-330... (reason: evict)

      at LRUCache.disposeAfter (lib/state.js:78:17)

  console.log
    [session-state-tracker] Cache evicted: perf-test-key-331... (reason: evict)

      at LRUCache.disposeAfter (lib/state.js:78:17)

  console.log
    [session-state-tracker] Cache evicted: perf-test-key-332... (reason: evict)

      at LRUCache.disposeAfter (lib/state.js:78:17)

  console.log
    [session-state-tracker] Cache evicted: perf-test-key-333... (reason: evict)

      at LRUCache.disposeAfter (lib/state.js:78:17)

  console.log
    [session-state-tracker] Cache evicted: perf-test-key-334... (reason: evict)

      at LRUCache.disposeAfter (lib/state.js:78:17)

  console.log
    [session-state-tracker] Cache evicted: perf-test-key-335... (reason: evict)

      at LRUCache.disposeAfter (lib/state.js:78:17)

  console.log
    [session-state-tracker] Cache evicted: perf-test-key-336... (reason: evict)

      at LRUCache.disposeAfter (lib/state.js:78:17)

  console.log
    [session-state-tracker] Cache evicted: perf-test-key-337... (reason: evict)

      at LRUCache.disposeAfter (lib/state.js:78:17)

  console.log
    [session-state-tracker] Cache evicted: perf-test-key-338... (reason: evict)

      at LRUCache.disposeAfter (lib/state.js:78:17)

  console.log
    [session-state-tracker] Cache evicted: perf-test-key-339... (reason: evict)

      at LRUCache.disposeAfter (lib/state.js:78:17)

  console.log
    [session-state-tracker] Cache evicted: perf-test-key-340... (reason: evict)

      at LRUCache.disposeAfter (lib/state.js:78:17)

  console.log
    [session-state-tracker] Cache evicted: perf-test-key-341... (reason: evict)

      at LRUCache.disposeAfter (lib/state.js:78:17)

  console.log
    [session-state-tracker] Cache evicted: perf-test-key-342... (reason: evict)

      at LRUCache.disposeAfter (lib/state.js:78:17)

  console.log
    [session-state-tracker] Cache evicted: perf-test-key-343... (reason: evict)

      at LRUCache.disposeAfter (lib/state.js:78:17)

  console.log
    [session-state-tracker] Cache evicted: perf-test-key-344... (reason: evict)

      at LRUCache.disposeAfter (lib/state.js:78:17)

  console.log
    [session-state-tracker] Cache evicted: perf-test-key-345... (reason: evict)

      at LRUCache.disposeAfter (lib/state.js:78:17)

  console.log
    [session-state-tracker] Cache evicted: perf-test-key-346... (reason: evict)

      at LRUCache.disposeAfter (lib/state.js:78:17)

  console.log
    [session-state-tracker] Cache evicted: perf-test-key-347... (reason: evict)

      at LRUCache.disposeAfter (lib/state.js:78:17)

  console.log
    [session-state-tracker] Cache evicted: perf-test-key-348... (reason: evict)

      at LRUCache.disposeAfter (lib/state.js:78:17)

  console.log
    [session-state-tracker] Cache evicted: perf-test-key-349... (reason: evict)

      at LRUCache.disposeAfter (lib/state.js:78:17)

  console.log
    [session-state-tracker] Cache evicted: perf-test-key-350... (reason: evict)

      at LRUCache.disposeAfter (lib/state.js:78:17)

  console.log
    [session-state-tracker] Cache evicted: perf-test-key-351... (reason: evict)

      at LRUCache.disposeAfter (lib/state.js:78:17)

  console.log
    [session-state-tracker] Cache evicted: perf-test-key-352... (reason: evict)

      at LRUCache.disposeAfter (lib/state.js:78:17)

  console.log
    [session-state-tracker] Cache evicted: perf-test-key-353... (reason: evict)

      at LRUCache.disposeAfter (lib/state.js:78:17)

  console.log
    [session-state-tracker] Cache evicted: perf-test-key-354... (reason: evict)

      at LRUCache.disposeAfter (lib/state.js:78:17)

  console.log
    [session-state-tracker] Cache evicted: perf-test-key-355... (reason: evict)

      at LRUCache.disposeAfter (lib/state.js:78:17)

  console.log
    [session-state-tracker] Cache evicted: perf-test-key-356... (reason: evict)

      at LRUCache.disposeAfter (lib/state.js:78:17)

  console.log
    [session-state-tracker] Cache evicted: perf-test-key-357... (reason: evict)

      at LRUCache.disposeAfter (lib/state.js:78:17)

  console.log
    [session-state-tracker] Cache evicted: perf-test-key-358... (reason: evict)

      at LRUCache.disposeAfter (lib/state.js:78:17)

  console.log
    [session-state-tracker] Cache evicted: perf-test-key-359... (reason: evict)

      at LRUCache.disposeAfter (lib/state.js:78:17)

  console.log
    [session-state-tracker] Cache evicted: perf-test-key-360... (reason: evict)

      at LRUCache.disposeAfter (lib/state.js:78:17)

  console.log
    [session-state-tracker] Cache evicted: perf-test-key-361... (reason: evict)

      at LRUCache.disposeAfter (lib/state.js:78:17)

  console.log
    [session-state-tracker] Cache evicted: perf-test-key-362... (reason: evict)

      at LRUCache.disposeAfter (lib/state.js:78:17)

  console.log
    [session-state-tracker] Cache evicted: perf-test-key-363... (reason: evict)

      at LRUCache.disposeAfter (lib/state.js:78:17)

  console.log
    [session-state-tracker] Cache evicted: perf-test-key-364... (reason: evict)

      at LRUCache.disposeAfter (lib/state.js:78:17)

  console.log
    [session-state-tracker] Cache evicted: perf-test-key-365... (reason: evict)

      at LRUCache.disposeAfter (lib/state.js:78:17)

  console.log
    [session-state-tracker] Cache evicted: perf-test-key-366... (reason: evict)

      at LRUCache.disposeAfter (lib/state.js:78:17)

  console.log
    [session-state-tracker] Cache evicted: perf-test-key-367... (reason: evict)

      at LRUCache.disposeAfter (lib/state.js:78:17)

  console.log
    [session-state-tracker] Cache evicted: perf-test-key-368... (reason: evict)

      at LRUCache.disposeAfter (lib/state.js:78:17)

  console.log
    [session-state-tracker] Cache evicted: perf-test-key-369... (reason: evict)

      at LRUCache.disposeAfter (lib/state.js:78:17)

  console.log
    [session-state-tracker] Cache evicted: perf-test-key-370... (reason: evict)

      at LRUCache.disposeAfter (lib/state.js:78:17)

  console.log
    [session-state-tracker] Cache evicted: perf-test-key-371... (reason: evict)

      at LRUCache.disposeAfter (lib/state.js:78:17)

  console.log
    [session-state-tracker] Cache evicted: perf-test-key-372... (reason: evict)

      at LRUCache.disposeAfter (lib/state.js:78:17)

  console.log
    [session-state-tracker] Cache evicted: perf-test-key-373... (reason: evict)

      at LRUCache.disposeAfter (lib/state.js:78:17)

  console.log
    [session-state-tracker] Cache evicted: perf-test-key-374... (reason: evict)

      at LRUCache.disposeAfter (lib/state.js:78:17)

  console.log
    [session-state-tracker] Cache evicted: perf-test-key-375... (reason: evict)

      at LRUCache.disposeAfter (lib/state.js:78:17)

  console.log
    [session-state-tracker] Cache evicted: perf-test-key-376... (reason: evict)

      at LRUCache.disposeAfter (lib/state.js:78:17)

  console.log
    [session-state-tracker] Cache evicted: perf-test-key-377... (reason: evict)

      at LRUCache.disposeAfter (lib/state.js:78:17)

  console.log
    [session-state-tracker] Cache evicted: perf-test-key-378... (reason: evict)

      at LRUCache.disposeAfter (lib/state.js:78:17)

  console.log
    [session-state-tracker] Cache evicted: perf-test-key-379... (reason: evict)

      at LRUCache.disposeAfter (lib/state.js:78:17)

  console.log
    [session-state-tracker] Cache evicted: perf-test-key-380... (reason: evict)

      at LRUCache.disposeAfter (lib/state.js:78:17)

  console.log
    [session-state-tracker] Cache evicted: perf-test-key-381... (reason: evict)

      at LRUCache.disposeAfter (lib/state.js:78:17)

  console.log
    [session-state-tracker] Cache evicted: perf-test-key-382... (reason: evict)

      at LRUCache.disposeAfter (lib/state.js:78:17)

  console.log
    [session-state-tracker] Cache evicted: perf-test-key-383... (reason: evict)

      at LRUCache.disposeAfter (lib/state.js:78:17)

  console.log
    [session-state-tracker] Cache evicted: perf-test-key-384... (reason: evict)

      at LRUCache.disposeAfter (lib/state.js:78:17)

  console.log
    [session-state-tracker] Cache evicted: perf-test-key-385... (reason: evict)

      at LRUCache.disposeAfter (lib/state.js:78:17)

  console.log
    [session-state-tracker] Cache evicted: perf-test-key-386... (reason: evict)

      at LRUCache.disposeAfter (lib/state.js:78:17)

  console.log
    [session-state-tracker] Cache evicted: perf-test-key-387... (reason: evict)

      at LRUCache.disposeAfter (lib/state.js:78:17)

  console.log
    [session-state-tracker] Cache evicted: perf-test-key-388... (reason: evict)

      at LRUCache.disposeAfter (lib/state.js:78:17)

  console.log
    [session-state-tracker] Cache evicted: perf-test-key-389... (reason: evict)

      at LRUCache.disposeAfter (lib/state.js:78:17)

  console.log
    [session-state-tracker] Cache evicted: perf-test-key-390... (reason: evict)

      at LRUCache.disposeAfter (lib/state.js:78:17)

  console.log
    [session-state-tracker] Cache evicted: perf-test-key-391... (reason: evict)

      at LRUCache.disposeAfter (lib/state.js:78:17)

  console.log
    [session-state-tracker] Cache evicted: perf-test-key-392... (reason: evict)

      at LRUCache.disposeAfter (lib/state.js:78:17)

  console.log
    [session-state-tracker] Cache evicted: perf-test-key-393... (reason: evict)

      at LRUCache.disposeAfter (lib/state.js:78:17)

  console.log
    [session-state-tracker] Cache evicted: perf-test-key-394... (reason: evict)

      at LRUCache.disposeAfter (lib/state.js:78:17)

  console.log
    [session-state-tracker] Cache evicted: perf-test-key-395... (reason: evict)

      at LRUCache.disposeAfter (lib/state.js:78:17)

  console.log
    [session-state-tracker] Cache evicted: perf-test-key-396... (reason: evict)

      at LRUCache.disposeAfter (lib/state.js:78:17)

  console.log
    [session-state-tracker] Cache evicted: perf-test-key-397... (reason: evict)

      at LRUCache.disposeAfter (lib/state.js:78:17)

  console.log
    [session-state-tracker] Cache evicted: perf-test-key-398... (reason: evict)

      at LRUCache.disposeAfter (lib/state.js:78:17)

  console.log
    [session-state-tracker] Cache evicted: perf-test-key-399... (reason: evict)

      at LRUCache.disposeAfter (lib/state.js:78:17)

  console.log
    [session-state-tracker] Cache evicted: perf-test-key-400... (reason: evict)

      at LRUCache.disposeAfter (lib/state.js:78:17)

  console.log
    [session-state-tracker] Cache evicted: perf-test-key-401... (reason: evict)

      at LRUCache.disposeAfter (lib/state.js:78:17)

  console.log
    [session-state-tracker] Cache evicted: perf-test-key-402... (reason: evict)

      at LRUCache.disposeAfter (lib/state.js:78:17)

  console.log
    [session-state-tracker] Cache evicted: perf-test-key-403... (reason: evict)

      at LRUCache.disposeAfter (lib/state.js:78:17)

  console.log
    [session-state-tracker] Cache evicted: perf-test-key-404... (reason: evict)

      at LRUCache.disposeAfter (lib/state.js:78:17)

  console.log
    [session-state-tracker] Cache evicted: perf-test-key-405... (reason: evict)

      at LRUCache.disposeAfter (lib/state.js:78:17)

  console.log
    [session-state-tracker] Cache evicted: perf-test-key-406... (reason: evict)

      at LRUCache.disposeAfter (lib/state.js:78:17)

  console.log
    [session-state-tracker] Cache evicted: perf-test-key-407... (reason: evict)

      at LRUCache.disposeAfter (lib/state.js:78:17)

  console.log
    [session-state-tracker] Cache evicted: perf-test-key-408... (reason: evict)

      at LRUCache.disposeAfter (lib/state.js:78:17)

  console.log
    [session-state-tracker] Cache evicted: perf-test-key-409... (reason: evict)

      at LRUCache.disposeAfter (lib/state.js:78:17)

  console.log
    [session-state-tracker] Cache evicted: perf-test-key-410... (reason: evict)

      at LRUCache.disposeAfter (lib/state.js:78:17)

  console.log
    [session-state-tracker] Cache evicted: perf-test-key-411... (reason: evict)

      at LRUCache.disposeAfter (lib/state.js:78:17)

  console.log
    [session-state-tracker] Cache evicted: perf-test-key-412... (reason: evict)

      at LRUCache.disposeAfter (lib/state.js:78:17)

  console.log
    [session-state-tracker] Cache evicted: perf-test-key-413... (reason: evict)

      at LRUCache.disposeAfter (lib/state.js:78:17)

  console.log
    [session-state-tracker] Cache evicted: perf-test-key-414... (reason: evict)

      at LRUCache.disposeAfter (lib/state.js:78:17)

  console.log
    [session-state-tracker] Cache evicted: perf-test-key-415... (reason: evict)

      at LRUCache.disposeAfter (lib/state.js:78:17)

  console.log
    [session-state-tracker] Cache evicted: perf-test-key-416... (reason: evict)

      at LRUCache.disposeAfter (lib/state.js:78:17)

  console.log
    [session-state-tracker] Cache evicted: perf-test-key-417... (reason: evict)

      at LRUCache.disposeAfter (lib/state.js:78:17)

  console.log
    [session-state-tracker] Cache evicted: perf-test-key-418... (reason: evict)

      at LRUCache.disposeAfter (lib/state.js:78:17)

  console.log
    [session-state-tracker] Cache evicted: perf-test-key-419... (reason: evict)

      at LRUCache.disposeAfter (lib/state.js:78:17)

  console.log
    [session-state-tracker] Cache evicted: perf-test-key-420... (reason: evict)

      at LRUCache.disposeAfter (lib/state.js:78:17)

  console.log
    [session-state-tracker] Cache evicted: perf-test-key-421... (reason: evict)

      at LRUCache.disposeAfter (lib/state.js:78:17)

  console.log
    [session-state-tracker] Cache evicted: perf-test-key-422... (reason: evict)

      at LRUCache.disposeAfter (lib/state.js:78:17)

  console.log
    [session-state-tracker] Cache evicted: perf-test-key-423... (reason: evict)

      at LRUCache.disposeAfter (lib/state.js:78:17)

  console.log
    [session-state-tracker] Cache evicted: perf-test-key-424... (reason: evict)

      at LRUCache.disposeAfter (lib/state.js:78:17)

  console.log
    [session-state-tracker] Cache evicted: perf-test-key-425... (reason: evict)

      at LRUCache.disposeAfter (lib/state.js:78:17)

  console.log
    [session-state-tracker] Cache evicted: perf-test-key-426... (reason: evict)

      at LRUCache.disposeAfter (lib/state.js:78:17)

  console.log
    [session-state-tracker] Cache evicted: perf-test-key-427... (reason: evict)

      at LRUCache.disposeAfter (lib/state.js:78:17)

  console.log
    [session-state-tracker] Cache evicted: perf-test-key-428... (reason: evict)

      at LRUCache.disposeAfter (lib/state.js:78:17)

  console.log
    [session-state-tracker] Cache evicted: perf-test-key-429... (reason: evict)

      at LRUCache.disposeAfter (lib/state.js:78:17)

  console.log
    [session-state-tracker] Cache evicted: perf-test-key-430... (reason: evict)

      at LRUCache.disposeAfter (lib/state.js:78:17)

  console.log
    [session-state-tracker] Cache evicted: perf-test-key-431... (reason: evict)

      at LRUCache.disposeAfter (lib/state.js:78:17)

  console.log
    [session-state-tracker] Cache evicted: perf-test-key-432... (reason: evict)

      at LRUCache.disposeAfter (lib/state.js:78:17)

  console.log
    [session-state-tracker] Cache evicted: perf-test-key-433... (reason: evict)

      at LRUCache.disposeAfter (lib/state.js:78:17)

  console.log
    [session-state-tracker] Cache evicted: perf-test-key-434... (reason: evict)

      at LRUCache.disposeAfter (lib/state.js:78:17)

  console.log
    [session-state-tracker] Cache evicted: perf-test-key-435... (reason: evict)

      at LRUCache.disposeAfter (lib/state.js:78:17)

  console.log
    [session-state-tracker] Cache evicted: perf-test-key-436... (reason: evict)

      at LRUCache.disposeAfter (lib/state.js:78:17)

  console.log
    [session-state-tracker] Cache evicted: perf-test-key-437... (reason: evict)

      at LRUCache.disposeAfter (lib/state.js:78:17)

  console.log
    [session-state-tracker] Cache evicted: perf-test-key-438... (reason: evict)

      at LRUCache.disposeAfter (lib/state.js:78:17)

  console.log
    [session-state-tracker] Cache evicted: perf-test-key-439... (reason: evict)

      at LRUCache.disposeAfter (lib/state.js:78:17)

  console.log
    [session-state-tracker] Cache evicted: perf-test-key-440... (reason: evict)

      at LRUCache.disposeAfter (lib/state.js:78:17)

  console.log
    [session-state-tracker] Cache evicted: perf-test-key-441... (reason: evict)

      at LRUCache.disposeAfter (lib/state.js:78:17)

  console.log
    [session-state-tracker] Cache evicted: perf-test-key-442... (reason: evict)

      at LRUCache.disposeAfter (lib/state.js:78:17)

  console.log
    [session-state-tracker] Cache evicted: perf-test-key-443... (reason: evict)

      at LRUCache.disposeAfter (lib/state.js:78:17)

  console.log
    [session-state-tracker] Cache evicted: perf-test-key-444... (reason: evict)

      at LRUCache.disposeAfter (lib/state.js:78:17)

  console.log
    [session-state-tracker] Cache evicted: perf-test-key-445... (reason: evict)

      at LRUCache.disposeAfter (lib/state.js:78:17)

  console.log
    [session-state-tracker] Cache evicted: perf-test-key-446... (reason: evict)

      at LRUCache.disposeAfter (lib/state.js:78:17)

  console.log
    [session-state-tracker] Cache evicted: perf-test-key-447... (reason: evict)

      at LRUCache.disposeAfter (lib/state.js:78:17)

  console.log
    [session-state-tracker] Cache evicted: perf-test-key-448... (reason: evict)

      at LRUCache.disposeAfter (lib/state.js:78:17)

  console.log
    [session-state-tracker] Cache evicted: perf-test-key-449... (reason: evict)

      at LRUCache.disposeAfter (lib/state.js:78:17)

  console.log
    [session-state-tracker] Cache evicted: perf-test-key-450... (reason: evict)

      at LRUCache.disposeAfter (lib/state.js:78:17)

  console.log
    [session-state-tracker] Cache evicted: perf-test-key-451... (reason: evict)

      at LRUCache.disposeAfter (lib/state.js:78:17)

  console.log
    [session-state-tracker] Cache evicted: perf-test-key-452... (reason: evict)

      at LRUCache.disposeAfter (lib/state.js:78:17)

  console.log
    [session-state-tracker] Cache evicted: perf-test-key-453... (reason: evict)

      at LRUCache.disposeAfter (lib/state.js:78:17)

  console.log
    [session-state-tracker] Cache evicted: perf-test-key-454... (reason: evict)

      at LRUCache.disposeAfter (lib/state.js:78:17)

  console.log
    [session-state-tracker] Cache evicted: perf-test-key-455... (reason: evict)

      at LRUCache.disposeAfter (lib/state.js:78:17)

  console.log
    [session-state-tracker] Cache evicted: perf-test-key-456... (reason: evict)

      at LRUCache.disposeAfter (lib/state.js:78:17)

  console.log
    [session-state-tracker] Cache evicted: perf-test-key-457... (reason: evict)

      at LRUCache.disposeAfter (lib/state.js:78:17)

  console.log
    [session-state-tracker] Cache evicted: perf-test-key-458... (reason: evict)

      at LRUCache.disposeAfter (lib/state.js:78:17)

  console.log
    [session-state-tracker] Cache evicted: perf-test-key-459... (reason: evict)

      at LRUCache.disposeAfter (lib/state.js:78:17)

  console.log
    [session-state-tracker] Cache evicted: perf-test-key-460... (reason: evict)

      at LRUCache.disposeAfter (lib/state.js:78:17)

  console.log
    [session-state-tracker] Cache evicted: perf-test-key-461... (reason: evict)

      at LRUCache.disposeAfter (lib/state.js:78:17)

  console.log
    [session-state-tracker] Cache evicted: perf-test-key-462... (reason: evict)

      at LRUCache.disposeAfter (lib/state.js:78:17)

  console.log
    [session-state-tracker] Cache evicted: perf-test-key-463... (reason: evict)

      at LRUCache.disposeAfter (lib/state.js:78:17)

  console.log
    [session-state-tracker] Cache evicted: perf-test-key-464... (reason: evict)

      at LRUCache.disposeAfter (lib/state.js:78:17)

  console.log
    [session-state-tracker] Cache evicted: perf-test-key-465... (reason: evict)

      at LRUCache.disposeAfter (lib/state.js:78:17)

  console.log
    [session-state-tracker] Cache evicted: perf-test-key-466... (reason: evict)

      at LRUCache.disposeAfter (lib/state.js:78:17)

  console.log
    [session-state-tracker] Cache evicted: perf-test-key-467... (reason: evict)

      at LRUCache.disposeAfter (lib/state.js:78:17)

  console.log
    [session-state-tracker] Cache evicted: perf-test-key-468... (reason: evict)

      at LRUCache.disposeAfter (lib/state.js:78:17)

  console.log
    [session-state-tracker] Cache evicted: perf-test-key-469... (reason: evict)

      at LRUCache.disposeAfter (lib/state.js:78:17)

  console.log
    [session-state-tracker] Cache evicted: perf-test-key-470... (reason: evict)

      at LRUCache.disposeAfter (lib/state.js:78:17)

  console.log
    [session-state-tracker] Cache evicted: perf-test-key-471... (reason: evict)

      at LRUCache.disposeAfter (lib/state.js:78:17)

  console.log
    [session-state-tracker] Cache evicted: perf-test-key-472... (reason: evict)

      at LRUCache.disposeAfter (lib/state.js:78:17)

  console.log
    [session-state-tracker] Cache evicted: perf-test-key-473... (reason: evict)

      at LRUCache.disposeAfter (lib/state.js:78:17)

  console.log
    [session-state-tracker] Cache evicted: perf-test-key-474... (reason: evict)

      at LRUCache.disposeAfter (lib/state.js:78:17)

  console.log
    [session-state-tracker] Cache evicted: perf-test-key-475... (reason: evict)

      at LRUCache.disposeAfter (lib/state.js:78:17)

  console.log
    [session-state-tracker] Cache evicted: perf-test-key-476... (reason: evict)

      at LRUCache.disposeAfter (lib/state.js:78:17)

  console.log
    [session-state-tracker] Cache evicted: perf-test-key-477... (reason: evict)

      at LRUCache.disposeAfter (lib/state.js:78:17)

  console.log
    [session-state-tracker] Cache evicted: perf-test-key-478... (reason: evict)

      at LRUCache.disposeAfter (lib/state.js:78:17)

  console.log
    [session-state-tracker] Cache evicted: perf-test-key-479... (reason: evict)

      at LRUCache.disposeAfter (lib/state.js:78:17)

  console.log
    [session-state-tracker] Cache evicted: perf-test-key-480... (reason: evict)

      at LRUCache.disposeAfter (lib/state.js:78:17)

  console.log
    [session-state-tracker] Cache evicted: perf-test-key-481... (reason: evict)

      at LRUCache.disposeAfter (lib/state.js:78:17)

  console.log
    [session-state-tracker] Cache evicted: perf-test-key-482... (reason: evict)

      at LRUCache.disposeAfter (lib/state.js:78:17)

  console.log
    [session-state-tracker] Cache evicted: perf-test-key-483... (reason: evict)

      at LRUCache.disposeAfter (lib/state.js:78:17)

  console.log
    [session-state-tracker] Cache evicted: perf-test-key-484... (reason: evict)

      at LRUCache.disposeAfter (lib/state.js:78:17)

  console.log
    [session-state-tracker] Cache evicted: perf-test-key-485... (reason: evict)

      at LRUCache.disposeAfter (lib/state.js:78:17)

  console.log
    [session-state-tracker] Cache evicted: perf-test-key-486... (reason: evict)

      at LRUCache.disposeAfter (lib/state.js:78:17)

  console.log
    [session-state-tracker] Cache evicted: perf-test-key-487... (reason: evict)

      at LRUCache.disposeAfter (lib/state.js:78:17)

  console.log
    [session-state-tracker] Cache evicted: perf-test-key-488... (reason: evict)

      at LRUCache.disposeAfter (lib/state.js:78:17)

  console.log
    [session-state-tracker] Cache evicted: perf-test-key-489... (reason: evict)

      at LRUCache.disposeAfter (lib/state.js:78:17)

  console.log
    [session-state-tracker] Cache evicted: perf-test-key-490... (reason: evict)

      at LRUCache.disposeAfter (lib/state.js:78:17)

  console.log
    [session-state-tracker] Cache evicted: perf-test-key-491... (reason: evict)

      at LRUCache.disposeAfter (lib/state.js:78:17)

  console.log
    [session-state-tracker] Cache evicted: perf-test-key-492... (reason: evict)

      at LRUCache.disposeAfter (lib/state.js:78:17)

  console.log
    [session-state-tracker] Cache evicted: perf-test-key-493... (reason: evict)

      at LRUCache.disposeAfter (lib/state.js:78:17)

  console.log
    [session-state-tracker] Cache evicted: perf-test-key-494... (reason: evict)

      at LRUCache.disposeAfter (lib/state.js:78:17)

  console.log
    [session-state-tracker] Cache evicted: perf-test-key-495... (reason: evict)

      at LRUCache.disposeAfter (lib/state.js:78:17)

  console.log
    [session-state-tracker] Cache evicted: perf-test-key-496... (reason: evict)

      at LRUCache.disposeAfter (lib/state.js:78:17)

  console.log
    [session-state-tracker] Cache evicted: perf-test-key-497... (reason: evict)

      at LRUCache.disposeAfter (lib/state.js:78:17)

  console.log
    [session-state-tracker] Cache evicted: perf-test-key-498... (reason: evict)

      at LRUCache.disposeAfter (lib/state.js:78:17)

  console.log
    [session-state-tracker] Cache evicted: perf-test-key-499... (reason: evict)

      at LRUCache.disposeAfter (lib/state.js:78:17)

  console.log
    [session-state-tracker] Cache evicted: perf-test-key-500... (reason: evict)

      at LRUCache.disposeAfter (lib/state.js:78:17)

  console.log
    [session-state-tracker] Cache evicted: perf-test-key-501... (reason: evict)

      at LRUCache.disposeAfter (lib/state.js:78:17)

  console.log
    [session-state-tracker] Cache evicted: perf-test-key-502... (reason: evict)

      at LRUCache.disposeAfter (lib/state.js:78:17)

  console.log
    [session-state-tracker] Cache evicted: perf-test-key-503... (reason: evict)

      at LRUCache.disposeAfter (lib/state.js:78:17)

  console.log
    [session-state-tracker] Cache evicted: perf-test-key-504... (reason: evict)

      at LRUCache.disposeAfter (lib/state.js:78:17)

  console.log
    [session-state-tracker] Cache evicted: perf-test-key-505... (reason: evict)

      at LRUCache.disposeAfter (lib/state.js:78:17)

  console.log
    [session-state-tracker] Cache evicted: perf-test-key-506... (reason: evict)

      at LRUCache.disposeAfter (lib/state.js:78:17)

  console.log
    [session-state-tracker] Cache evicted: perf-test-key-507... (reason: evict)

      at LRUCache.disposeAfter (lib/state.js:78:17)

  console.log
    [session-state-tracker] Cache evicted: perf-test-key-508... (reason: evict)

      at LRUCache.disposeAfter (lib/state.js:78:17)

  console.log
    [session-state-tracker] Cache evicted: perf-test-key-509... (reason: evict)

      at LRUCache.disposeAfter (lib/state.js:78:17)

  console.log
    [session-state-tracker] Cache evicted: perf-test-key-510... (reason: evict)

      at LRUCache.disposeAfter (lib/state.js:78:17)

  console.log
    [session-state-tracker] Cache evicted: perf-test-key-511... (reason: evict)

      at LRUCache.disposeAfter (lib/state.js:78:17)

  console.log
    [session-state-tracker] Cache evicted: perf-test-key-512... (reason: evict)

      at LRUCache.disposeAfter (lib/state.js:78:17)

  console.log
    [session-state-tracker] Cache evicted: perf-test-key-513... (reason: evict)

      at LRUCache.disposeAfter (lib/state.js:78:17)

  console.log
    [session-state-tracker] Cache evicted: perf-test-key-514... (reason: evict)

      at LRUCache.disposeAfter (lib/state.js:78:17)

  console.log
    [session-state-tracker] Cache evicted: perf-test-key-515... (reason: evict)

      at LRUCache.disposeAfter (lib/state.js:78:17)

  console.log
    [session-state-tracker] Cache evicted: perf-test-key-516... (reason: evict)

      at LRUCache.disposeAfter (lib/state.js:78:17)

  console.log
    [session-state-tracker] Cache evicted: perf-test-key-517... (reason: evict)

      at LRUCache.disposeAfter (lib/state.js:78:17)

  console.log
    [session-state-tracker] Cache evicted: perf-test-key-518... (reason: evict)

      at LRUCache.disposeAfter (lib/state.js:78:17)

  console.log
    [session-state-tracker] Cache evicted: perf-test-key-519... (reason: evict)

      at LRUCache.disposeAfter (lib/state.js:78:17)

  console.log
    [session-state-tracker] Cache evicted: perf-test-key-520... (reason: evict)

      at LRUCache.disposeAfter (lib/state.js:78:17)

  console.log
    [session-state-tracker] Cache evicted: perf-test-key-521... (reason: evict)

      at LRUCache.disposeAfter (lib/state.js:78:17)

  console.log
    [session-state-tracker] Cache evicted: perf-test-key-522... (reason: evict)

      at LRUCache.disposeAfter (lib/state.js:78:17)

  console.log
    [session-state-tracker] Cache evicted: perf-test-key-523... (reason: evict)

      at LRUCache.disposeAfter (lib/state.js:78:17)

  console.log
    [session-state-tracker] Cache evicted: perf-test-key-524... (reason: evict)

      at LRUCache.disposeAfter (lib/state.js:78:17)

  console.log
    [session-state-tracker] Cache evicted: perf-test-key-525... (reason: evict)

      at LRUCache.disposeAfter (lib/state.js:78:17)

  console.log
    [session-state-tracker] Cache evicted: perf-test-key-526... (reason: evict)

      at LRUCache.disposeAfter (lib/state.js:78:17)

  console.log
    [session-state-tracker] Cache evicted: perf-test-key-527... (reason: evict)

      at LRUCache.disposeAfter (lib/state.js:78:17)

  console.log
    [session-state-tracker] Cache evicted: perf-test-key-528... (reason: evict)

      at LRUCache.disposeAfter (lib/state.js:78:17)

  console.log
    [session-state-tracker] Cache evicted: perf-test-key-529... (reason: evict)

      at LRUCache.disposeAfter (lib/state.js:78:17)

  console.log
    [session-state-tracker] Cache evicted: perf-test-key-530... (reason: evict)

      at LRUCache.disposeAfter (lib/state.js:78:17)

  console.log
    [session-state-tracker] Cache evicted: perf-test-key-531... (reason: evict)

      at LRUCache.disposeAfter (lib/state.js:78:17)

  console.log
    [session-state-tracker] Cache evicted: perf-test-key-532... (reason: evict)

      at LRUCache.disposeAfter (lib/state.js:78:17)

  console.log
    [session-state-tracker] Cache evicted: perf-test-key-533... (reason: evict)

      at LRUCache.disposeAfter (lib/state.js:78:17)

  console.log
    [session-state-tracker] Cache evicted: perf-test-key-534... (reason: evict)

      at LRUCache.disposeAfter (lib/state.js:78:17)

  console.log
    [session-state-tracker] Cache evicted: perf-test-key-535... (reason: evict)

      at LRUCache.disposeAfter (lib/state.js:78:17)

  console.log
    [session-state-tracker] Cache evicted: perf-test-key-536... (reason: evict)

      at LRUCache.disposeAfter (lib/state.js:78:17)

  console.log
    [session-state-tracker] Cache evicted: perf-test-key-537... (reason: evict)

      at LRUCache.disposeAfter (lib/state.js:78:17)

  console.log
    [session-state-tracker] Cache evicted: perf-test-key-538... (reason: evict)

      at LRUCache.disposeAfter (lib/state.js:78:17)

  console.log
    [session-state-tracker] Cache evicted: perf-test-key-539... (reason: evict)

      at LRUCache.disposeAfter (lib/state.js:78:17)

  console.log
    [session-state-tracker] Cache evicted: perf-test-key-540... (reason: evict)

      at LRUCache.disposeAfter (lib/state.js:78:17)

  console.log
    [session-state-tracker] Cache evicted: perf-test-key-541... (reason: evict)

      at LRUCache.disposeAfter (lib/state.js:78:17)

  console.log
    [session-state-tracker] Cache evicted: perf-test-key-542... (reason: evict)

      at LRUCache.disposeAfter (lib/state.js:78:17)

  console.log
    [session-state-tracker] Cache evicted: perf-test-key-543... (reason: evict)

      at LRUCache.disposeAfter (lib/state.js:78:17)

  console.log
    [session-state-tracker] Cache evicted: perf-test-key-544... (reason: evict)

      at LRUCache.disposeAfter (lib/state.js:78:17)

  console.log
    [session-state-tracker] Cache evicted: perf-test-key-545... (reason: evict)

      at LRUCache.disposeAfter (lib/state.js:78:17)

  console.log
    [session-state-tracker] Cache evicted: perf-test-key-546... (reason: evict)

      at LRUCache.disposeAfter (lib/state.js:78:17)

  console.log
    [session-state-tracker] Cache evicted: perf-test-key-547... (reason: evict)

      at LRUCache.disposeAfter (lib/state.js:78:17)

  console.log
    [session-state-tracker] Cache evicted: perf-test-key-548... (reason: evict)

      at LRUCache.disposeAfter (lib/state.js:78:17)

  console.log
    [session-state-tracker] Cache evicted: perf-test-key-549... (reason: evict)

      at LRUCache.disposeAfter (lib/state.js:78:17)

  console.log
    [session-state-tracker] Cache evicted: perf-test-key-550... (reason: evict)

      at LRUCache.disposeAfter (lib/state.js:78:17)

  console.log
    [session-state-tracker] Cache evicted: perf-test-key-551... (reason: evict)

      at LRUCache.disposeAfter (lib/state.js:78:17)

  console.log
    [session-state-tracker] Cache evicted: perf-test-key-552... (reason: evict)

      at LRUCache.disposeAfter (lib/state.js:78:17)

  console.log
    [session-state-tracker] Cache evicted: perf-test-key-553... (reason: evict)

      at LRUCache.disposeAfter (lib/state.js:78:17)

  console.log
    [session-state-tracker] Cache evicted: perf-test-key-554... (reason: evict)

      at LRUCache.disposeAfter (lib/state.js:78:17)

  console.log
    [session-state-tracker] Cache evicted: perf-test-key-555... (reason: evict)

      at LRUCache.disposeAfter (lib/state.js:78:17)

  console.log
    [session-state-tracker] Cache evicted: perf-test-key-556... (reason: evict)

      at LRUCache.disposeAfter (lib/state.js:78:17)

  console.log
    [session-state-tracker] Cache evicted: perf-test-key-557... (reason: evict)

      at LRUCache.disposeAfter (lib/state.js:78:17)

  console.log
    [session-state-tracker] Cache evicted: perf-test-key-558... (reason: evict)

      at LRUCache.disposeAfter (lib/state.js:78:17)

  console.log
    [session-state-tracker] Cache evicted: perf-test-key-559... (reason: evict)

      at LRUCache.disposeAfter (lib/state.js:78:17)

  console.log
    [session-state-tracker] Cache evicted: perf-test-key-560... (reason: evict)

      at LRUCache.disposeAfter (lib/state.js:78:17)

  console.log
    [session-state-tracker] Cache evicted: perf-test-key-561... (reason: evict)

      at LRUCache.disposeAfter (lib/state.js:78:17)

  console.log
    [session-state-tracker] Cache evicted: perf-test-key-562... (reason: evict)

      at LRUCache.disposeAfter (lib/state.js:78:17)

  console.log
    [session-state-tracker] Cache evicted: perf-test-key-563... (reason: evict)

      at LRUCache.disposeAfter (lib/state.js:78:17)

  console.log
    [session-state-tracker] Cache evicted: perf-test-key-564... (reason: evict)

      at LRUCache.disposeAfter (lib/state.js:78:17)

  console.log
    [session-state-tracker] Cache evicted: perf-test-key-565... (reason: evict)

      at LRUCache.disposeAfter (lib/state.js:78:17)

  console.log
    [session-state-tracker] Cache evicted: perf-test-key-566... (reason: evict)

      at LRUCache.disposeAfter (lib/state.js:78:17)

  console.log
    [session-state-tracker] Cache evicted: perf-test-key-567... (reason: evict)

      at LRUCache.disposeAfter (lib/state.js:78:17)

  console.log
    [session-state-tracker] Cache evicted: perf-test-key-568... (reason: evict)

      at LRUCache.disposeAfter (lib/state.js:78:17)

  console.log
    [session-state-tracker] Cache evicted: perf-test-key-569... (reason: evict)

      at LRUCache.disposeAfter (lib/state.js:78:17)

  console.log
    [session-state-tracker] Cache evicted: perf-test-key-570... (reason: evict)

      at LRUCache.disposeAfter (lib/state.js:78:17)

  console.log
    [session-state-tracker] Cache evicted: perf-test-key-571... (reason: evict)

      at LRUCache.disposeAfter (lib/state.js:78:17)

  console.log
    [session-state-tracker] Cache evicted: perf-test-key-572... (reason: evict)

      at LRUCache.disposeAfter (lib/state.js:78:17)

  console.log
    [session-state-tracker] Cache evicted: perf-test-key-573... (reason: evict)

      at LRUCache.disposeAfter (lib/state.js:78:17)

  console.log
    [session-state-tracker] Cache evicted: perf-test-key-574... (reason: evict)

      at LRUCache.disposeAfter (lib/state.js:78:17)

  console.log
    [session-state-tracker] Cache evicted: perf-test-key-575... (reason: evict)

      at LRUCache.disposeAfter (lib/state.js:78:17)

  console.log
    [session-state-tracker] Cache evicted: perf-test-key-576... (reason: evict)

      at LRUCache.disposeAfter (lib/state.js:78:17)

  console.log
    [session-state-tracker] Cache evicted: perf-test-key-577... (reason: evict)

      at LRUCache.disposeAfter (lib/state.js:78:17)

  console.log
    [session-state-tracker] Cache evicted: perf-test-key-578... (reason: evict)

      at LRUCache.disposeAfter (lib/state.js:78:17)

  console.log
    [session-state-tracker] Cache evicted: perf-test-key-579... (reason: evict)

      at LRUCache.disposeAfter (lib/state.js:78:17)

  console.log
    [session-state-tracker] Cache evicted: perf-test-key-580... (reason: evict)

      at LRUCache.disposeAfter (lib/state.js:78:17)

  console.log
    [session-state-tracker] Cache evicted: perf-test-key-581... (reason: evict)

      at LRUCache.disposeAfter (lib/state.js:78:17)

  console.log
    [session-state-tracker] Cache evicted: perf-test-key-582... (reason: evict)

      at LRUCache.disposeAfter (lib/state.js:78:17)

  console.log
    [session-state-tracker] Cache evicted: perf-test-key-583... (reason: evict)

      at LRUCache.disposeAfter (lib/state.js:78:17)

  console.log
    [session-state-tracker] Cache evicted: perf-test-key-584... (reason: evict)

      at LRUCache.disposeAfter (lib/state.js:78:17)

  console.log
    [session-state-tracker] Cache evicted: perf-test-key-585... (reason: evict)

      at LRUCache.disposeAfter (lib/state.js:78:17)

  console.log
    [session-state-tracker] Cache evicted: perf-test-key-586... (reason: evict)

      at LRUCache.disposeAfter (lib/state.js:78:17)

  console.log
    [session-state-tracker] Cache evicted: perf-test-key-587... (reason: evict)

      at LRUCache.disposeAfter (lib/state.js:78:17)

  console.log
    [session-state-tracker] Cache evicted: perf-test-key-588... (reason: evict)

      at LRUCache.disposeAfter (lib/state.js:78:17)

  console.log
    [session-state-tracker] Cache evicted: perf-test-key-589... (reason: evict)

      at LRUCache.disposeAfter (lib/state.js:78:17)

  console.log
    [session-state-tracker] Cache evicted: perf-test-key-590... (reason: evict)

      at LRUCache.disposeAfter (lib/state.js:78:17)

  console.log
    [session-state-tracker] Cache evicted: perf-test-key-591... (reason: evict)

      at LRUCache.disposeAfter (lib/state.js:78:17)

  console.log
    [session-state-tracker] Cache evicted: perf-test-key-592... (reason: evict)

      at LRUCache.disposeAfter (lib/state.js:78:17)

  console.log
    [session-state-tracker] Cache evicted: perf-test-key-593... (reason: evict)

      at LRUCache.disposeAfter (lib/state.js:78:17)

  console.log
    [session-state-tracker] Cache evicted: perf-test-key-594... (reason: evict)

      at LRUCache.disposeAfter (lib/state.js:78:17)

  console.log
    [session-state-tracker] Cache evicted: perf-test-key-595... (reason: evict)

      at LRUCache.disposeAfter (lib/state.js:78:17)

  console.log
    [session-state-tracker] Cache evicted: perf-test-key-596... (reason: evict)

      at LRUCache.disposeAfter (lib/state.js:78:17)

  console.log
    [session-state-tracker] Cache evicted: perf-test-key-597... (reason: evict)

      at LRUCache.disposeAfter (lib/state.js:78:17)

  console.log
    [session-state-tracker] Cache evicted: perf-test-key-598... (reason: evict)

      at LRUCache.disposeAfter (lib/state.js:78:17)

  console.log
    [session-state-tracker] Cache evicted: perf-test-key-599... (reason: evict)

      at LRUCache.disposeAfter (lib/state.js:78:17)

  console.log
    [session-state-tracker] Cache evicted: perf-test-key-600... (reason: evict)

      at LRUCache.disposeAfter (lib/state.js:78:17)

  console.log
    [session-state-tracker] Cache evicted: perf-test-key-601... (reason: evict)

      at LRUCache.disposeAfter (lib/state.js:78:17)

  console.log
    [session-state-tracker] Cache evicted: perf-test-key-602... (reason: evict)

      at LRUCache.disposeAfter (lib/state.js:78:17)

  console.log
    [session-state-tracker] Cache evicted: perf-test-key-603... (reason: evict)

      at LRUCache.disposeAfter (lib/state.js:78:17)

  console.log
    [session-state-tracker] Cache evicted: perf-test-key-604... (reason: evict)

      at LRUCache.disposeAfter (lib/state.js:78:17)

  console.log
    [session-state-tracker] Cache evicted: perf-test-key-605... (reason: evict)

      at LRUCache.disposeAfter (lib/state.js:78:17)

  console.log
    [session-state-tracker] Cache evicted: perf-test-key-606... (reason: evict)

      at LRUCache.disposeAfter (lib/state.js:78:17)

  console.log
    [session-state-tracker] Cache evicted: perf-test-key-607... (reason: evict)

      at LRUCache.disposeAfter (lib/state.js:78:17)

  console.log
    [session-state-tracker] Cache evicted: perf-test-key-608... (reason: evict)

      at LRUCache.disposeAfter (lib/state.js:78:17)

  console.log
    [session-state-tracker] Cache evicted: perf-test-key-609... (reason: evict)

      at LRUCache.disposeAfter (lib/state.js:78:17)

  console.log
    [session-state-tracker] Cache evicted: perf-test-key-610... (reason: evict)

      at LRUCache.disposeAfter (lib/state.js:78:17)

  console.log
    [session-state-tracker] Cache evicted: perf-test-key-611... (reason: evict)

      at LRUCache.disposeAfter (lib/state.js:78:17)

  console.log
    [session-state-tracker] Cache evicted: perf-test-key-612... (reason: evict)

      at LRUCache.disposeAfter (lib/state.js:78:17)

  console.log
    [session-state-tracker] Cache evicted: perf-test-key-613... (reason: evict)

      at LRUCache.disposeAfter (lib/state.js:78:17)

  console.log
    [session-state-tracker] Cache evicted: perf-test-key-614... (reason: evict)

      at LRUCache.disposeAfter (lib/state.js:78:17)

  console.log
    [session-state-tracker] Cache evicted: perf-test-key-615... (reason: evict)

      at LRUCache.disposeAfter (lib/state.js:78:17)

  console.log
    [session-state-tracker] Cache evicted: perf-test-key-616... (reason: evict)

      at LRUCache.disposeAfter (lib/state.js:78:17)

  console.log
    [session-state-tracker] Cache evicted: perf-test-key-617... (reason: evict)

      at LRUCache.disposeAfter (lib/state.js:78:17)

  console.log
    [session-state-tracker] Cache evicted: perf-test-key-618... (reason: evict)

      at LRUCache.disposeAfter (lib/state.js:78:17)

  console.log
    [session-state-tracker] Cache evicted: perf-test-key-619... (reason: evict)

      at LRUCache.disposeAfter (lib/state.js:78:17)

  console.log
    [session-state-tracker] Cache evicted: perf-test-key-620... (reason: evict)

      at LRUCache.disposeAfter (lib/state.js:78:17)

  console.log
    [session-state-tracker] Cache evicted: perf-test-key-621... (reason: evict)

      at LRUCache.disposeAfter (lib/state.js:78:17)

  console.log
    [session-state-tracker] Cache evicted: perf-test-key-622... (reason: evict)

      at LRUCache.disposeAfter (lib/state.js:78:17)

  console.log
    [session-state-tracker] Cache evicted: perf-test-key-623... (reason: evict)

      at LRUCache.disposeAfter (lib/state.js:78:17)

  console.log
    [session-state-tracker] Cache evicted: perf-test-key-624... (reason: evict)

      at LRUCache.disposeAfter (lib/state.js:78:17)

  console.log
    [session-state-tracker] Cache evicted: perf-test-key-625... (reason: evict)

      at LRUCache.disposeAfter (lib/state.js:78:17)

  console.log
    [session-state-tracker] Cache evicted: perf-test-key-626... (reason: evict)

      at LRUCache.disposeAfter (lib/state.js:78:17)

  console.log
    [session-state-tracker] Cache evicted: perf-test-key-627... (reason: evict)

      at LRUCache.disposeAfter (lib/state.js:78:17)

  console.log
    [session-state-tracker] Cache evicted: perf-test-key-628... (reason: evict)

      at LRUCache.disposeAfter (lib/state.js:78:17)

  console.log
    [session-state-tracker] Cache evicted: perf-test-key-629... (reason: evict)

      at LRUCache.disposeAfter (lib/state.js:78:17)

  console.log
    [session-state-tracker] Cache evicted: perf-test-key-630... (reason: evict)

      at LRUCache.disposeAfter (lib/state.js:78:17)

  console.log
    [session-state-tracker] Cache evicted: perf-test-key-631... (reason: evict)

      at LRUCache.disposeAfter (lib/state.js:78:17)

  console.log
    [session-state-tracker] Cache evicted: perf-test-key-632... (reason: evict)

      at LRUCache.disposeAfter (lib/state.js:78:17)

  console.log
    [session-state-tracker] Cache evicted: perf-test-key-633... (reason: evict)

      at LRUCache.disposeAfter (lib/state.js:78:17)

  console.log
    [session-state-tracker] Cache evicted: perf-test-key-634... (reason: evict)

      at LRUCache.disposeAfter (lib/state.js:78:17)

  console.log
    [session-state-tracker] Cache evicted: perf-test-key-635... (reason: evict)

      at LRUCache.disposeAfter (lib/state.js:78:17)

  console.log
    [session-state-tracker] Cache evicted: perf-test-key-636... (reason: evict)

      at LRUCache.disposeAfter (lib/state.js:78:17)

  console.log
    [session-state-tracker] Cache evicted: perf-test-key-637... (reason: evict)

      at LRUCache.disposeAfter (lib/state.js:78:17)

  console.log
    [session-state-tracker] Cache evicted: perf-test-key-638... (reason: evict)

      at LRUCache.disposeAfter (lib/state.js:78:17)

  console.log
    [session-state-tracker] Cache evicted: perf-test-key-639... (reason: evict)

      at LRUCache.disposeAfter (lib/state.js:78:17)

  console.log
    [session-state-tracker] Cache evicted: perf-test-key-640... (reason: evict)

      at LRUCache.disposeAfter (lib/state.js:78:17)

  console.log
    [session-state-tracker] Cache evicted: perf-test-key-641... (reason: evict)

      at LRUCache.disposeAfter (lib/state.js:78:17)

  console.log
    [session-state-tracker] Cache evicted: perf-test-key-642... (reason: evict)

      at LRUCache.disposeAfter (lib/state.js:78:17)

  console.log
    [session-state-tracker] Cache evicted: perf-test-key-643... (reason: evict)

      at LRUCache.disposeAfter (lib/state.js:78:17)

  console.log
    [session-state-tracker] Cache evicted: perf-test-key-644... (reason: evict)

      at LRUCache.disposeAfter (lib/state.js:78:17)

  console.log
    [session-state-tracker] Cache evicted: perf-test-key-645... (reason: evict)

      at LRUCache.disposeAfter (lib/state.js:78:17)

  console.log
    [session-state-tracker] Cache evicted: perf-test-key-646... (reason: evict)

      at LRUCache.disposeAfter (lib/state.js:78:17)

  console.log
    [session-state-tracker] Cache evicted: perf-test-key-647... (reason: evict)

      at LRUCache.disposeAfter (lib/state.js:78:17)

  console.log
    [session-state-tracker] Cache evicted: perf-test-key-648... (reason: evict)

      at LRUCache.disposeAfter (lib/state.js:78:17)

  console.log
    [session-state-tracker] Cache evicted: perf-test-key-649... (reason: evict)

      at LRUCache.disposeAfter (lib/state.js:78:17)

  console.log
    [session-state-tracker] Cache evicted: perf-test-key-650... (reason: evict)

      at LRUCache.disposeAfter (lib/state.js:78:17)

  console.log
    [session-state-tracker] Cache evicted: perf-test-key-651... (reason: evict)

      at LRUCache.disposeAfter (lib/state.js:78:17)

  console.log
    [session-state-tracker] Cache evicted: perf-test-key-652... (reason: evict)

      at LRUCache.disposeAfter (lib/state.js:78:17)

  console.log
    [session-state-tracker] Cache evicted: perf-test-key-653... (reason: evict)

      at LRUCache.disposeAfter (lib/state.js:78:17)

  console.log
    [session-state-tracker] Cache evicted: perf-test-key-654... (reason: evict)

      at LRUCache.disposeAfter (lib/state.js:78:17)

  console.log
    [session-state-tracker] Cache evicted: perf-test-key-655... (reason: evict)

      at LRUCache.disposeAfter (lib/state.js:78:17)

  console.log
    [session-state-tracker] Cache evicted: perf-test-key-656... (reason: evict)

      at LRUCache.disposeAfter (lib/state.js:78:17)

  console.log
    [session-state-tracker] Cache evicted: perf-test-key-657... (reason: evict)

      at LRUCache.disposeAfter (lib/state.js:78:17)

  console.log
    [session-state-tracker] Cache evicted: perf-test-key-658... (reason: evict)

      at LRUCache.disposeAfter (lib/state.js:78:17)

  console.log
    [session-state-tracker] Cache evicted: perf-test-key-659... (reason: evict)

      at LRUCache.disposeAfter (lib/state.js:78:17)

  console.log
    [session-state-tracker] Cache evicted: perf-test-key-660... (reason: evict)

      at LRUCache.disposeAfter (lib/state.js:78:17)

  console.log
    [session-state-tracker] Cache evicted: perf-test-key-661... (reason: evict)

      at LRUCache.disposeAfter (lib/state.js:78:17)

  console.log
    [session-state-tracker] Cache evicted: perf-test-key-662... (reason: evict)

      at LRUCache.disposeAfter (lib/state.js:78:17)

  console.log
    [session-state-tracker] Cache evicted: perf-test-key-663... (reason: evict)

      at LRUCache.disposeAfter (lib/state.js:78:17)

  console.log
    [session-state-tracker] Cache evicted: perf-test-key-664... (reason: evict)

      at LRUCache.disposeAfter (lib/state.js:78:17)

  console.log
    [session-state-tracker] Cache evicted: perf-test-key-665... (reason: evict)

      at LRUCache.disposeAfter (lib/state.js:78:17)

  console.log
    [session-state-tracker] Cache evicted: perf-test-key-666... (reason: evict)

      at LRUCache.disposeAfter (lib/state.js:78:17)

  console.log
    [session-state-tracker] Cache evicted: perf-test-key-667... (reason: evict)

      at LRUCache.disposeAfter (lib/state.js:78:17)

  console.log
    [session-state-tracker] Cache evicted: perf-test-key-668... (reason: evict)

      at LRUCache.disposeAfter (lib/state.js:78:17)

  console.log
    [session-state-tracker] Cache evicted: perf-test-key-669... (reason: evict)

      at LRUCache.disposeAfter (lib/state.js:78:17)

  console.log
    [session-state-tracker] Cache evicted: perf-test-key-670... (reason: evict)

      at LRUCache.disposeAfter (lib/state.js:78:17)

  console.log
    [session-state-tracker] Cache evicted: perf-test-key-671... (reason: evict)

      at LRUCache.disposeAfter (lib/state.js:78:17)

  console.log
    [session-state-tracker] Cache evicted: perf-test-key-672... (reason: evict)

      at LRUCache.disposeAfter (lib/state.js:78:17)

  console.log
    [session-state-tracker] Cache evicted: perf-test-key-673... (reason: evict)

      at LRUCache.disposeAfter (lib/state.js:78:17)

  console.log
    [session-state-tracker] Cache evicted: perf-test-key-674... (reason: evict)

      at LRUCache.disposeAfter (lib/state.js:78:17)

  console.log
    [session-state-tracker] Cache evicted: perf-test-key-675... (reason: evict)

      at LRUCache.disposeAfter (lib/state.js:78:17)

  console.log
    [session-state-tracker] Cache evicted: perf-test-key-676... (reason: evict)

      at LRUCache.disposeAfter (lib/state.js:78:17)

  console.log
    [session-state-tracker] Cache evicted: perf-test-key-677... (reason: evict)

      at LRUCache.disposeAfter (lib/state.js:78:17)

  console.log
    [session-state-tracker] Cache evicted: perf-test-key-678... (reason: evict)

      at LRUCache.disposeAfter (lib/state.js:78:17)

  console.log
    [session-state-tracker] Cache evicted: perf-test-key-679... (reason: evict)

      at LRUCache.disposeAfter (lib/state.js:78:17)

  console.log
    [session-state-tracker] Cache evicted: perf-test-key-680... (reason: evict)

      at LRUCache.disposeAfter (lib/state.js:78:17)

  console.log
    [session-state-tracker] Cache evicted: perf-test-key-681... (reason: evict)

      at LRUCache.disposeAfter (lib/state.js:78:17)

  console.log
    [session-state-tracker] Cache evicted: perf-test-key-682... (reason: evict)

      at LRUCache.disposeAfter (lib/state.js:78:17)

  console.log
    [session-state-tracker] Cache evicted: perf-test-key-683... (reason: evict)

      at LRUCache.disposeAfter (lib/state.js:78:17)

  console.log
    [session-state-tracker] Cache evicted: perf-test-key-684... (reason: evict)

      at LRUCache.disposeAfter (lib/state.js:78:17)

  console.log
    [session-state-tracker] Cache evicted: perf-test-key-685... (reason: evict)

      at LRUCache.disposeAfter (lib/state.js:78:17)

  console.log
    [session-state-tracker] Cache evicted: perf-test-key-686... (reason: evict)

      at LRUCache.disposeAfter (lib/state.js:78:17)

  console.log
    [session-state-tracker] Cache evicted: perf-test-key-687... (reason: evict)

      at LRUCache.disposeAfter (lib/state.js:78:17)

  console.log
    [session-state-tracker] Cache evicted: perf-test-key-688... (reason: evict)

      at LRUCache.disposeAfter (lib/state.js:78:17)

  console.log
    [session-state-tracker] Cache evicted: perf-test-key-689... (reason: evict)

      at LRUCache.disposeAfter (lib/state.js:78:17)

  console.log
    [session-state-tracker] Cache evicted: perf-test-key-690... (reason: evict)

      at LRUCache.disposeAfter (lib/state.js:78:17)

  console.log
    [session-state-tracker] Cache evicted: perf-test-key-691... (reason: evict)

      at LRUCache.disposeAfter (lib/state.js:78:17)

  console.log
    [session-state-tracker] Cache evicted: perf-test-key-692... (reason: evict)

      at LRUCache.disposeAfter (lib/state.js:78:17)

  console.log
    [session-state-tracker] Cache evicted: perf-test-key-693... (reason: evict)

      at LRUCache.disposeAfter (lib/state.js:78:17)

  console.log
    [session-state-tracker] Cache evicted: perf-test-key-694... (reason: evict)

      at LRUCache.disposeAfter (lib/state.js:78:17)

  console.log
    [session-state-tracker] Cache evicted: perf-test-key-695... (reason: evict)

      at LRUCache.disposeAfter (lib/state.js:78:17)

  console.log
    [session-state-tracker] Cache evicted: perf-test-key-696... (reason: evict)

      at LRUCache.disposeAfter (lib/state.js:78:17)

  console.log
    [session-state-tracker] Cache evicted: perf-test-key-697... (reason: evict)

      at LRUCache.disposeAfter (lib/state.js:78:17)

  console.log
    [session-state-tracker] Cache evicted: perf-test-key-698... (reason: evict)

      at LRUCache.disposeAfter (lib/state.js:78:17)

  console.log
    [session-state-tracker] Cache evicted: perf-test-key-699... (reason: evict)

      at LRUCache.disposeAfter (lib/state.js:78:17)

  console.log
    [session-state-tracker] Cache evicted: perf-test-key-700... (reason: evict)

      at LRUCache.disposeAfter (lib/state.js:78:17)

  console.log
    [session-state-tracker] Cache evicted: perf-test-key-701... (reason: evict)

      at LRUCache.disposeAfter (lib/state.js:78:17)

  console.log
    [session-state-tracker] Cache evicted: perf-test-key-702... (reason: evict)

      at LRUCache.disposeAfter (lib/state.js:78:17)

  console.log
    [session-state-tracker] Cache evicted: perf-test-key-703... (reason: evict)

      at LRUCache.disposeAfter (lib/state.js:78:17)

  console.log
    [session-state-tracker] Cache evicted: perf-test-key-704... (reason: evict)

      at LRUCache.disposeAfter (lib/state.js:78:17)

  console.log
    [session-state-tracker] Cache evicted: perf-test-key-705... (reason: evict)

      at LRUCache.disposeAfter (lib/state.js:78:17)

  console.log
    [session-state-tracker] Cache evicted: perf-test-key-706... (reason: evict)

      at LRUCache.disposeAfter (lib/state.js:78:17)

  console.log
    [session-state-tracker] Cache evicted: perf-test-key-707... (reason: evict)

      at LRUCache.disposeAfter (lib/state.js:78:17)

  console.log
    [session-state-tracker] Cache evicted: perf-test-key-708... (reason: evict)

      at LRUCache.disposeAfter (lib/state.js:78:17)

  console.log
    [session-state-tracker] Cache evicted: perf-test-key-709... (reason: evict)

      at LRUCache.disposeAfter (lib/state.js:78:17)

  console.log
    [session-state-tracker] Cache evicted: perf-test-key-710... (reason: evict)

      at LRUCache.disposeAfter (lib/state.js:78:17)

  console.log
    [session-state-tracker] Cache evicted: perf-test-key-711... (reason: evict)

      at LRUCache.disposeAfter (lib/state.js:78:17)

  console.log
    [session-state-tracker] Cache evicted: perf-test-key-712... (reason: evict)

      at LRUCache.disposeAfter (lib/state.js:78:17)

  console.log
    [session-state-tracker] Cache evicted: perf-test-key-713... (reason: evict)

      at LRUCache.disposeAfter (lib/state.js:78:17)

  console.log
    [session-state-tracker] Cache evicted: perf-test-key-714... (reason: evict)

      at LRUCache.disposeAfter (lib/state.js:78:17)

  console.log
    [session-state-tracker] Cache evicted: perf-test-key-715... (reason: evict)

      at LRUCache.disposeAfter (lib/state.js:78:17)

  console.log
    [session-state-tracker] Cache evicted: perf-test-key-716... (reason: evict)

      at LRUCache.disposeAfter (lib/state.js:78:17)

  console.log
    [session-state-tracker] Cache evicted: perf-test-key-717... (reason: evict)

      at LRUCache.disposeAfter (lib/state.js:78:17)

  console.log
    [session-state-tracker] Cache evicted: perf-test-key-718... (reason: evict)

      at LRUCache.disposeAfter (lib/state.js:78:17)

  console.log
    [session-state-tracker] Cache evicted: perf-test-key-719... (reason: evict)

      at LRUCache.disposeAfter (lib/state.js:78:17)

  console.log
    [session-state-tracker] Cache evicted: perf-test-key-720... (reason: evict)

      at LRUCache.disposeAfter (lib/state.js:78:17)

  console.log
    [session-state-tracker] Cache evicted: perf-test-key-721... (reason: evict)

      at LRUCache.disposeAfter (lib/state.js:78:17)

  console.log
    [session-state-tracker] Cache evicted: perf-test-key-722... (reason: evict)

      at LRUCache.disposeAfter (lib/state.js:78:17)

  console.log
    [session-state-tracker] Cache evicted: perf-test-key-723... (reason: evict)

      at LRUCache.disposeAfter (lib/state.js:78:17)

  console.log
    [session-state-tracker] Cache evicted: perf-test-key-724... (reason: evict)

      at LRUCache.disposeAfter (lib/state.js:78:17)

  console.log
    [session-state-tracker] Cache evicted: perf-test-key-725... (reason: evict)

      at LRUCache.disposeAfter (lib/state.js:78:17)

  console.log
    [session-state-tracker] Cache evicted: perf-test-key-726... (reason: evict)

      at LRUCache.disposeAfter (lib/state.js:78:17)

  console.log
    [session-state-tracker] Cache evicted: perf-test-key-727... (reason: evict)

      at LRUCache.disposeAfter (lib/state.js:78:17)

  console.log
    [session-state-tracker] Cache evicted: perf-test-key-728... (reason: evict)

      at LRUCache.disposeAfter (lib/state.js:78:17)

  console.log
    [session-state-tracker] Cache evicted: perf-test-key-729... (reason: evict)

      at LRUCache.disposeAfter (lib/state.js:78:17)

  console.log
    [session-state-tracker] Cache evicted: perf-test-key-730... (reason: evict)

      at LRUCache.disposeAfter (lib/state.js:78:17)

  console.log
    [session-state-tracker] Cache evicted: perf-test-key-731... (reason: evict)

      at LRUCache.disposeAfter (lib/state.js:78:17)

  console.log
    [session-state-tracker] Cache evicted: perf-test-key-732... (reason: evict)

      at LRUCache.disposeAfter (lib/state.js:78:17)

  console.log
    [session-state-tracker] Cache evicted: perf-test-key-733... (reason: evict)

      at LRUCache.disposeAfter (lib/state.js:78:17)

  console.log
    [session-state-tracker] Cache evicted: perf-test-key-734... (reason: evict)

      at LRUCache.disposeAfter (lib/state.js:78:17)

  console.log
    [session-state-tracker] Cache evicted: perf-test-key-735... (reason: evict)

      at LRUCache.disposeAfter (lib/state.js:78:17)

  console.log
    [session-state-tracker] Cache evicted: perf-test-key-736... (reason: evict)

      at LRUCache.disposeAfter (lib/state.js:78:17)

  console.log
    [session-state-tracker] Cache evicted: perf-test-key-737... (reason: evict)

      at LRUCache.disposeAfter (lib/state.js:78:17)

  console.log
    [session-state-tracker] Cache evicted: perf-test-key-738... (reason: evict)

      at LRUCache.disposeAfter (lib/state.js:78:17)

  console.log
    [session-state-tracker] Cache evicted: perf-test-key-739... (reason: evict)

      at LRUCache.disposeAfter (lib/state.js:78:17)

  console.log
    [session-state-tracker] Cache evicted: perf-test-key-740... (reason: evict)

      at LRUCache.disposeAfter (lib/state.js:78:17)

  console.log
    [session-state-tracker] Cache evicted: perf-test-key-741... (reason: evict)

      at LRUCache.disposeAfter (lib/state.js:78:17)

  console.log
    [session-state-tracker] Cache evicted: perf-test-key-742... (reason: evict)

      at LRUCache.disposeAfter (lib/state.js:78:17)

  console.log
    [session-state-tracker] Cache evicted: perf-test-key-743... (reason: evict)

      at LRUCache.disposeAfter (lib/state.js:78:17)

  console.log
    [session-state-tracker] Cache evicted: perf-test-key-744... (reason: evict)

      at LRUCache.disposeAfter (lib/state.js:78:17)

  console.log
    [session-state-tracker] Cache evicted: perf-test-key-745... (reason: evict)

      at LRUCache.disposeAfter (lib/state.js:78:17)

  console.log
    [session-state-tracker] Cache evicted: perf-test-key-746... (reason: evict)

      at LRUCache.disposeAfter (lib/state.js:78:17)

  console.log
    [session-state-tracker] Cache evicted: perf-test-key-747... (reason: evict)

      at LRUCache.disposeAfter (lib/state.js:78:17)

  console.log
    [session-state-tracker] Cache evicted: perf-test-key-748... (reason: evict)

      at LRUCache.disposeAfter (lib/state.js:78:17)

  console.log
    [session-state-tracker] Cache evicted: perf-test-key-749... (reason: evict)

      at LRUCache.disposeAfter (lib/state.js:78:17)

  console.log
    [session-state-tracker] Cache evicted: perf-test-key-750... (reason: evict)

      at LRUCache.disposeAfter (lib/state.js:78:17)

  console.log
    [session-state-tracker] Cache evicted: perf-test-key-751... (reason: evict)

      at LRUCache.disposeAfter (lib/state.js:78:17)

  console.log
    [session-state-tracker] Cache evicted: perf-test-key-752... (reason: evict)

      at LRUCache.disposeAfter (lib/state.js:78:17)

  console.log
    [session-state-tracker] Cache evicted: perf-test-key-753... (reason: evict)

      at LRUCache.disposeAfter (lib/state.js:78:17)

  console.log
    [session-state-tracker] Cache evicted: perf-test-key-754... (reason: evict)

      at LRUCache.disposeAfter (lib/state.js:78:17)

  console.log
    [session-state-tracker] Cache evicted: perf-test-key-755... (reason: evict)

      at LRUCache.disposeAfter (lib/state.js:78:17)

  console.log
    [session-state-tracker] Cache evicted: perf-test-key-756... (reason: evict)

      at LRUCache.disposeAfter (lib/state.js:78:17)

  console.log
    [session-state-tracker] Cache evicted: perf-test-key-757... (reason: evict)

      at LRUCache.disposeAfter (lib/state.js:78:17)

  console.log
    [session-state-tracker] Cache evicted: perf-test-key-758... (reason: evict)

      at LRUCache.disposeAfter (lib/state.js:78:17)

  console.log
    [session-state-tracker] Cache evicted: perf-test-key-759... (reason: evict)

      at LRUCache.disposeAfter (lib/state.js:78:17)

  console.log
    [session-state-tracker] Cache evicted: perf-test-key-760... (reason: evict)

      at LRUCache.disposeAfter (lib/state.js:78:17)

  console.log
    [session-state-tracker] Cache evicted: perf-test-key-761... (reason: evict)

      at LRUCache.disposeAfter (lib/state.js:78:17)

  console.log
    [session-state-tracker] Cache evicted: perf-test-key-762... (reason: evict)

      at LRUCache.disposeAfter (lib/state.js:78:17)

  console.log
    [session-state-tracker] Cache evicted: perf-test-key-763... (reason: evict)

      at LRUCache.disposeAfter (lib/state.js:78:17)

  console.log
    [session-state-tracker] Cache evicted: perf-test-key-764... (reason: evict)

      at LRUCache.disposeAfter (lib/state.js:78:17)

  console.log
    [session-state-tracker] Cache evicted: perf-test-key-765... (reason: evict)

      at LRUCache.disposeAfter (lib/state.js:78:17)

  console.log
    [session-state-tracker] Cache evicted: perf-test-key-766... (reason: evict)

      at LRUCache.disposeAfter (lib/state.js:78:17)

  console.log
    [session-state-tracker] Cache evicted: perf-test-key-767... (reason: evict)

      at LRUCache.disposeAfter (lib/state.js:78:17)

  console.log
    [session-state-tracker] Cache evicted: perf-test-key-768... (reason: evict)

      at LRUCache.disposeAfter (lib/state.js:78:17)

  console.log
    [session-state-tracker] Cache evicted: perf-test-key-769... (reason: evict)

      at LRUCache.disposeAfter (lib/state.js:78:17)

  console.log
    [session-state-tracker] Cache evicted: perf-test-key-770... (reason: evict)

      at LRUCache.disposeAfter (lib/state.js:78:17)

  console.log
    [session-state-tracker] Cache evicted: perf-test-key-771... (reason: evict)

      at LRUCache.disposeAfter (lib/state.js:78:17)

  console.log
    [session-state-tracker] Cache evicted: perf-test-key-772... (reason: evict)

      at LRUCache.disposeAfter (lib/state.js:78:17)

  console.log
    [session-state-tracker] Cache evicted: perf-test-key-773... (reason: evict)

      at LRUCache.disposeAfter (lib/state.js:78:17)

  console.log
    [session-state-tracker] Cache evicted: perf-test-key-774... (reason: evict)

      at LRUCache.disposeAfter (lib/state.js:78:17)

  console.log
    [session-state-tracker] Cache evicted: perf-test-key-775... (reason: evict)

      at LRUCache.disposeAfter (lib/state.js:78:17)

  console.log
    [session-state-tracker] Cache evicted: perf-test-key-776... (reason: evict)

      at LRUCache.disposeAfter (lib/state.js:78:17)

  console.log
    [session-state-tracker] Cache evicted: perf-test-key-777... (reason: evict)

      at LRUCache.disposeAfter (lib/state.js:78:17)

  console.log
    [session-state-tracker] Cache evicted: perf-test-key-778... (reason: evict)

      at LRUCache.disposeAfter (lib/state.js:78:17)

  console.log
    [session-state-tracker] Cache evicted: perf-test-key-779... (reason: evict)

      at LRUCache.disposeAfter (lib/state.js:78:17)

  console.log
    [session-state-tracker] Cache evicted: perf-test-key-780... (reason: evict)

      at LRUCache.disposeAfter (lib/state.js:78:17)

  console.log
    [session-state-tracker] Cache evicted: perf-test-key-781... (reason: evict)

      at LRUCache.disposeAfter (lib/state.js:78:17)

  console.log
    [session-state-tracker] Cache evicted: perf-test-key-782... (reason: evict)

      at LRUCache.disposeAfter (lib/state.js:78:17)

  console.log
    [session-state-tracker] Cache evicted: perf-test-key-783... (reason: evict)

      at LRUCache.disposeAfter (lib/state.js:78:17)

  console.log
    [session-state-tracker] Cache evicted: perf-test-key-784... (reason: evict)

      at LRUCache.disposeAfter (lib/state.js:78:17)

  console.log
    [session-state-tracker] Cache evicted: perf-test-key-785... (reason: evict)

      at LRUCache.disposeAfter (lib/state.js:78:17)

  console.log
    [session-state-tracker] Cache evicted: perf-test-key-786... (reason: evict)

      at LRUCache.disposeAfter (lib/state.js:78:17)

  console.log
    [session-state-tracker] Cache evicted: perf-test-key-787... (reason: evict)

      at LRUCache.disposeAfter (lib/state.js:78:17)

  console.log
    [session-state-tracker] Cache evicted: perf-test-key-788... (reason: evict)

      at LRUCache.disposeAfter (lib/state.js:78:17)

  console.log
    [session-state-tracker] Cache evicted: perf-test-key-789... (reason: evict)

      at LRUCache.disposeAfter (lib/state.js:78:17)

  console.log
    [session-state-tracker] Cache evicted: perf-test-key-790... (reason: evict)

      at LRUCache.disposeAfter (lib/state.js:78:17)

  console.log
    [session-state-tracker] Cache evicted: perf-test-key-791... (reason: evict)

      at LRUCache.disposeAfter (lib/state.js:78:17)

  console.log
    [session-state-tracker] Cache evicted: perf-test-key-792... (reason: evict)

      at LRUCache.disposeAfter (lib/state.js:78:17)

  console.log
    [session-state-tracker] Cache evicted: perf-test-key-793... (reason: evict)

      at LRUCache.disposeAfter (lib/state.js:78:17)

  console.log
    [session-state-tracker] Cache evicted: perf-test-key-794... (reason: evict)

      at LRUCache.disposeAfter (lib/state.js:78:17)

  console.log
    [session-state-tracker] Cache evicted: perf-test-key-795... (reason: evict)

      at LRUCache.disposeAfter (lib/state.js:78:17)

  console.log
    [session-state-tracker] Cache evicted: perf-test-key-796... (reason: evict)

      at LRUCache.disposeAfter (lib/state.js:78:17)

  console.log
    [session-state-tracker] Cache evicted: perf-test-key-797... (reason: evict)

      at LRUCache.disposeAfter (lib/state.js:78:17)

  console.log
    [session-state-tracker] Cache evicted: perf-test-key-798... (reason: evict)

      at LRUCache.disposeAfter (lib/state.js:78:17)

  console.log
    [session-state-tracker] Cache evicted: perf-test-key-799... (reason: evict)

      at LRUCache.disposeAfter (lib/state.js:78:17)

  console.log
    [session-state-tracker] Cache evicted: perf-test-key-800... (reason: evict)

      at LRUCache.disposeAfter (lib/state.js:78:17)

  console.log
    [session-state-tracker] Cache evicted: perf-test-key-801... (reason: evict)

      at LRUCache.disposeAfter (lib/state.js:78:17)

  console.log
    [session-state-tracker] Cache evicted: perf-test-key-802... (reason: evict)

      at LRUCache.disposeAfter (lib/state.js:78:17)

  console.log
    [session-state-tracker] Cache evicted: perf-test-key-803... (reason: evict)

      at LRUCache.disposeAfter (lib/state.js:78:17)

  console.log
    [session-state-tracker] Cache evicted: perf-test-key-804... (reason: evict)

      at LRUCache.disposeAfter (lib/state.js:78:17)

  console.log
    [session-state-tracker] Cache evicted: perf-test-key-805... (reason: evict)

      at LRUCache.disposeAfter (lib/state.js:78:17)

  console.log
    [session-state-tracker] Cache evicted: perf-test-key-806... (reason: evict)

      at LRUCache.disposeAfter (lib/state.js:78:17)

  console.log
    [session-state-tracker] Cache evicted: perf-test-key-807... (reason: evict)

      at LRUCache.disposeAfter (lib/state.js:78:17)

  console.log
    [session-state-tracker] Cache evicted: perf-test-key-808... (reason: evict)

      at LRUCache.disposeAfter (lib/state.js:78:17)

  console.log
    [session-state-tracker] Cache evicted: perf-test-key-809... (reason: evict)

      at LRUCache.disposeAfter (lib/state.js:78:17)

  console.log
    [session-state-tracker] Cache evicted: perf-test-key-810... (reason: evict)

      at LRUCache.disposeAfter (lib/state.js:78:17)

  console.log
    [session-state-tracker] Cache evicted: perf-test-key-811... (reason: evict)

      at LRUCache.disposeAfter (lib/state.js:78:17)

  console.log
    [session-state-tracker] Cache evicted: perf-test-key-812... (reason: evict)

      at LRUCache.disposeAfter (lib/state.js:78:17)

  console.log
    [session-state-tracker] Cache evicted: perf-test-key-813... (reason: evict)

      at LRUCache.disposeAfter (lib/state.js:78:17)

  console.log
    [session-state-tracker] Cache evicted: perf-test-key-814... (reason: evict)

      at LRUCache.disposeAfter (lib/state.js:78:17)

  console.log
    [session-state-tracker] Cache evicted: perf-test-key-815... (reason: evict)

      at LRUCache.disposeAfter (lib/state.js:78:17)

  console.log
    [session-state-tracker] Cache evicted: perf-test-key-816... (reason: evict)

      at LRUCache.disposeAfter (lib/state.js:78:17)

  console.log
    [session-state-tracker] Cache evicted: perf-test-key-817... (reason: evict)

      at LRUCache.disposeAfter (lib/state.js:78:17)

  console.log
    [session-state-tracker] Cache evicted: perf-test-key-818... (reason: evict)

      at LRUCache.disposeAfter (lib/state.js:78:17)

  console.log
    [session-state-tracker] Cache evicted: perf-test-key-819... (reason: evict)

      at LRUCache.disposeAfter (lib/state.js:78:17)

  console.log
    [session-state-tracker] Cache evicted: perf-test-key-820... (reason: evict)

      at LRUCache.disposeAfter (lib/state.js:78:17)

  console.log
    [session-state-tracker] Cache evicted: perf-test-key-821... (reason: evict)

      at LRUCache.disposeAfter (lib/state.js:78:17)

  console.log
    [session-state-tracker] Cache evicted: perf-test-key-822... (reason: evict)

      at LRUCache.disposeAfter (lib/state.js:78:17)

  console.log
    [session-state-tracker] Cache evicted: perf-test-key-823... (reason: evict)

      at LRUCache.disposeAfter (lib/state.js:78:17)

  console.log
    [session-state-tracker] Cache evicted: perf-test-key-824... (reason: evict)

      at LRUCache.disposeAfter (lib/state.js:78:17)

  console.log
    [session-state-tracker] Cache evicted: perf-test-key-825... (reason: evict)

      at LRUCache.disposeAfter (lib/state.js:78:17)

  console.log
    [session-state-tracker] Cache evicted: perf-test-key-826... (reason: evict)

      at LRUCache.disposeAfter (lib/state.js:78:17)

  console.log
    [session-state-tracker] Cache evicted: perf-test-key-827... (reason: evict)

      at LRUCache.disposeAfter (lib/state.js:78:17)

  console.log
    [session-state-tracker] Cache evicted: perf-test-key-828... (reason: evict)

      at LRUCache.disposeAfter (lib/state.js:78:17)

  console.log
    [session-state-tracker] Cache evicted: perf-test-key-829... (reason: evict)

      at LRUCache.disposeAfter (lib/state.js:78:17)

  console.log
    [session-state-tracker] Cache evicted: perf-test-key-830... (reason: evict)

      at LRUCache.disposeAfter (lib/state.js:78:17)

  console.log
    [session-state-tracker] Cache evicted: perf-test-key-831... (reason: evict)

      at LRUCache.disposeAfter (lib/state.js:78:17)

  console.log
    [session-state-tracker] Cache evicted: perf-test-key-832... (reason: evict)

      at LRUCache.disposeAfter (lib/state.js:78:17)

  console.log
    [session-state-tracker] Cache evicted: perf-test-key-833... (reason: evict)

      at LRUCache.disposeAfter (lib/state.js:78:17)

  console.log
    [session-state-tracker] Cache evicted: perf-test-key-834... (reason: evict)

      at LRUCache.disposeAfter (lib/state.js:78:17)

  console.log
    [session-state-tracker] Cache evicted: perf-test-key-835... (reason: evict)

      at LRUCache.disposeAfter (lib/state.js:78:17)

  console.log
    [session-state-tracker] Cache evicted: perf-test-key-836... (reason: evict)

      at LRUCache.disposeAfter (lib/state.js:78:17)

  console.log
    [session-state-tracker] Cache evicted: perf-test-key-837... (reason: evict)

      at LRUCache.disposeAfter (lib/state.js:78:17)

  console.log
    [session-state-tracker] Cache evicted: perf-test-key-838... (reason: evict)

      at LRUCache.disposeAfter (lib/state.js:78:17)

  console.log
    [session-state-tracker] Cache evicted: perf-test-key-839... (reason: evict)

      at LRUCache.disposeAfter (lib/state.js:78:17)

  console.log
    [session-state-tracker] Cache evicted: perf-test-key-840... (reason: evict)

      at LRUCache.disposeAfter (lib/state.js:78:17)

  console.log
    [session-state-tracker] Cache evicted: perf-test-key-841... (reason: evict)

      at LRUCache.disposeAfter (lib/state.js:78:17)

  console.log
    [session-state-tracker] Cache evicted: perf-test-key-842... (reason: evict)

      at LRUCache.disposeAfter (lib/state.js:78:17)

  console.log
    [session-state-tracker] Cache evicted: perf-test-key-843... (reason: evict)

      at LRUCache.disposeAfter (lib/state.js:78:17)

  console.log
    [session-state-tracker] Cache evicted: perf-test-key-844... (reason: evict)

      at LRUCache.disposeAfter (lib/state.js:78:17)

  console.log
    [session-state-tracker] Cache evicted: perf-test-key-845... (reason: evict)

      at LRUCache.disposeAfter (lib/state.js:78:17)

  console.log
    [session-state-tracker] Cache evicted: perf-test-key-846... (reason: evict)

      at LRUCache.disposeAfter (lib/state.js:78:17)

  console.log
    [session-state-tracker] Cache evicted: perf-test-key-847... (reason: evict)

      at LRUCache.disposeAfter (lib/state.js:78:17)

  console.log
    [session-state-tracker] Cache evicted: perf-test-key-848... (reason: evict)

      at LRUCache.disposeAfter (lib/state.js:78:17)

  console.log
    [session-state-tracker] Cache evicted: perf-test-key-849... (reason: evict)

      at LRUCache.disposeAfter (lib/state.js:78:17)

  console.log
    [session-state-tracker] Cache evicted: perf-test-key-850... (reason: evict)

      at LRUCache.disposeAfter (lib/state.js:78:17)

  console.log
    [session-state-tracker] Cache evicted: perf-test-key-851... (reason: evict)

      at LRUCache.disposeAfter (lib/state.js:78:17)

  console.log
    [session-state-tracker] Cache evicted: perf-test-key-852... (reason: evict)

      at LRUCache.disposeAfter (lib/state.js:78:17)

  console.log
    [session-state-tracker] Cache evicted: perf-test-key-853... (reason: evict)

      at LRUCache.disposeAfter (lib/state.js:78:17)

  console.log
    [session-state-tracker] Cache evicted: perf-test-key-854... (reason: evict)

      at LRUCache.disposeAfter (lib/state.js:78:17)

  console.log
    [session-state-tracker] Cache evicted: perf-test-key-855... (reason: evict)

      at LRUCache.disposeAfter (lib/state.js:78:17)

  console.log
    [session-state-tracker] Cache evicted: perf-test-key-856... (reason: evict)

      at LRUCache.disposeAfter (lib/state.js:78:17)

  console.log
    [session-state-tracker] Cache evicted: perf-test-key-857... (reason: evict)

      at LRUCache.disposeAfter (lib/state.js:78:17)

  console.log
    [session-state-tracker] Cache evicted: perf-test-key-858... (reason: evict)

      at LRUCache.disposeAfter (lib/state.js:78:17)

  console.log
    [session-state-tracker] Cache evicted: perf-test-key-859... (reason: evict)

      at LRUCache.disposeAfter (lib/state.js:78:17)

  console.log
    [session-state-tracker] Cache evicted: perf-test-key-860... (reason: evict)

      at LRUCache.disposeAfter (lib/state.js:78:17)

  console.log
    [session-state-tracker] Cache evicted: perf-test-key-861... (reason: evict)

      at LRUCache.disposeAfter (lib/state.js:78:17)

  console.log
    [session-state-tracker] Cache evicted: perf-test-key-862... (reason: evict)

      at LRUCache.disposeAfter (lib/state.js:78:17)

  console.log
    [session-state-tracker] Cache evicted: perf-test-key-863... (reason: evict)

      at LRUCache.disposeAfter (lib/state.js:78:17)

  console.log
    [session-state-tracker] Cache evicted: perf-test-key-864... (reason: evict)

      at LRUCache.disposeAfter (lib/state.js:78:17)

  console.log
    [session-state-tracker] Cache evicted: perf-test-key-865... (reason: evict)

      at LRUCache.disposeAfter (lib/state.js:78:17)

  console.log
    [session-state-tracker] Cache evicted: perf-test-key-866... (reason: evict)

      at LRUCache.disposeAfter (lib/state.js:78:17)

  console.log
    [session-state-tracker] Cache evicted: perf-test-key-867... (reason: evict)

      at LRUCache.disposeAfter (lib/state.js:78:17)

  console.log
    [session-state-tracker] Cache evicted: perf-test-key-868... (reason: evict)

      at LRUCache.disposeAfter (lib/state.js:78:17)

  console.log
    [session-state-tracker] Cache evicted: perf-test-key-869... (reason: evict)

      at LRUCache.disposeAfter (lib/state.js:78:17)

  console.log
    [session-state-tracker] Cache evicted: perf-test-key-870... (reason: evict)

      at LRUCache.disposeAfter (lib/state.js:78:17)

  console.log
    [session-state-tracker] Cache evicted: perf-test-key-871... (reason: evict)

      at LRUCache.disposeAfter (lib/state.js:78:17)

  console.log
    [session-state-tracker] Cache evicted: perf-test-key-872... (reason: evict)

      at LRUCache.disposeAfter (lib/state.js:78:17)

  console.log
    [session-state-tracker] Cache evicted: perf-test-key-873... (reason: evict)

      at LRUCache.disposeAfter (lib/state.js:78:17)

  console.log
    [session-state-tracker] Cache evicted: perf-test-key-874... (reason: evict)

      at LRUCache.disposeAfter (lib/state.js:78:17)

  console.log
    [session-state-tracker] Cache evicted: perf-test-key-875... (reason: evict)

      at LRUCache.disposeAfter (lib/state.js:78:17)

  console.log
    [session-state-tracker] Cache evicted: perf-test-key-876... (reason: evict)

      at LRUCache.disposeAfter (lib/state.js:78:17)

  console.log
    [session-state-tracker] Cache evicted: perf-test-key-877... (reason: evict)

      at LRUCache.disposeAfter (lib/state.js:78:17)

  console.log
    [session-state-tracker] Cache evicted: perf-test-key-878... (reason: evict)

      at LRUCache.disposeAfter (lib/state.js:78:17)

  console.log
    [session-state-tracker] Cache evicted: perf-test-key-879... (reason: evict)

      at LRUCache.disposeAfter (lib/state.js:78:17)

  console.log
    [session-state-tracker] Cache evicted: perf-test-key-880... (reason: evict)

      at LRUCache.disposeAfter (lib/state.js:78:17)

  console.log
    [session-state-tracker] Cache evicted: perf-test-key-881... (reason: evict)

      at LRUCache.disposeAfter (lib/state.js:78:17)

  console.log
    [session-state-tracker] Cache evicted: perf-test-key-882... (reason: evict)

      at LRUCache.disposeAfter (lib/state.js:78:17)

  console.log
    [session-state-tracker] Cache evicted: perf-test-key-883... (reason: evict)

      at LRUCache.disposeAfter (lib/state.js:78:17)

  console.log
    [session-state-tracker] Cache evicted: perf-test-key-884... (reason: evict)

      at LRUCache.disposeAfter (lib/state.js:78:17)

  console.log
    [session-state-tracker] Cache evicted: perf-test-key-885... (reason: evict)

      at LRUCache.disposeAfter (lib/state.js:78:17)

  console.log
    [session-state-tracker] Cache evicted: perf-test-key-886... (reason: evict)

      at LRUCache.disposeAfter (lib/state.js:78:17)

  console.log
    [session-state-tracker] Cache evicted: perf-test-key-887... (reason: evict)

      at LRUCache.disposeAfter (lib/state.js:78:17)

  console.log
    [session-state-tracker] Cache evicted: perf-test-key-888... (reason: evict)

      at LRUCache.disposeAfter (lib/state.js:78:17)

  console.log
    [session-state-tracker] Cache evicted: perf-test-key-889... (reason: evict)

      at LRUCache.disposeAfter (lib/state.js:78:17)

  console.log
    [session-state-tracker] Cache evicted: perf-test-key-890... (reason: evict)

      at LRUCache.disposeAfter (lib/state.js:78:17)

  console.log
    [session-state-tracker] Cache evicted: perf-test-key-891... (reason: evict)

      at LRUCache.disposeAfter (lib/state.js:78:17)

  console.log
    [session-state-tracker] Cache evicted: perf-test-key-892... (reason: evict)

      at LRUCache.disposeAfter (lib/state.js:78:17)

  console.log
    [session-state-tracker] Cache evicted: perf-test-key-893... (reason: evict)

      at LRUCache.disposeAfter (lib/state.js:78:17)

  console.log
    [session-state-tracker] Cache evicted: perf-test-key-894... (reason: evict)

      at LRUCache.disposeAfter (lib/state.js:78:17)

  console.log
    [session-state-tracker] Cache evicted: perf-test-key-895... (reason: evict)

      at LRUCache.disposeAfter (lib/state.js:78:17)

  console.log
    [session-state-tracker] Cache evicted: perf-test-key-896... (reason: evict)

      at LRUCache.disposeAfter (lib/state.js:78:17)

  console.log
    [session-state-tracker] Cache evicted: perf-test-key-897... (reason: evict)

      at LRUCache.disposeAfter (lib/state.js:78:17)

  console.log
    [session-state-tracker] Cache evicted: perf-test-key-898... (reason: evict)

      at LRUCache.disposeAfter (lib/state.js:78:17)

  console.log
    [session-state-tracker] Cache evicted: perf-test-key-899... (reason: evict)

      at LRUCache.disposeAfter (lib/state.js:78:17)

  console.log
    cache.set avg: 0.878ms

      at Object.<anonymous> (tests/performance.test.js:127:15)

  console.log
    cache.get avg: 0.001ms

      at Object.<anonymous> (tests/performance.test.js:138:15)

  console.log
    [session-state-tracker] Cache evicted: perf-test-key-900... (reason: delete)

      at LRUCache.disposeAfter (lib/state.js:78:17)

  console.log
    [session-state-tracker] Cache evicted: perf-test-key-901... (reason: delete)

      at LRUCache.disposeAfter (lib/state.js:78:17)

  console.log
    [session-state-tracker] Cache evicted: perf-test-key-902... (reason: delete)

      at LRUCache.disposeAfter (lib/state.js:78:17)

  console.log
    [session-state-tracker] Cache evicted: perf-test-key-903... (reason: delete)

      at LRUCache.disposeAfter (lib/state.js:78:17)

  console.log
    [session-state-tracker] Cache evicted: perf-test-key-904... (reason: delete)

      at LRUCache.disposeAfter (lib/state.js:78:17)

  console.log
    [session-state-tracker] Cache evicted: perf-test-key-905... (reason: delete)

      at LRUCache.disposeAfter (lib/state.js:78:17)

  console.log
    [session-state-tracker] Cache evicted: perf-test-key-906... (reason: delete)

      at LRUCache.disposeAfter (lib/state.js:78:17)

  console.log
    [session-state-tracker] Cache evicted: perf-test-key-907... (reason: delete)

      at LRUCache.disposeAfter (lib/state.js:78:17)

  console.log
    [session-state-tracker] Cache evicted: perf-test-key-908... (reason: delete)

      at LRUCache.disposeAfter (lib/state.js:78:17)

  console.log
    [session-state-tracker] Cache evicted: perf-test-key-909... (reason: delete)

      at LRUCache.disposeAfter (lib/state.js:78:17)

  console.log
    [session-state-tracker] Cache evicted: perf-test-key-910... (reason: delete)

      at LRUCache.disposeAfter (lib/state.js:78:17)

  console.log
    [session-state-tracker] Cache evicted: perf-test-key-911... (reason: delete)

      at LRUCache.disposeAfter (lib/state.js:78:17)

  console.log
    [session-state-tracker] Cache evicted: perf-test-key-912... (reason: delete)

      at LRUCache.disposeAfter (lib/state.js:78:17)

  console.log
    [session-state-tracker] Cache evicted: perf-test-key-913... (reason: delete)

      at LRUCache.disposeAfter (lib/state.js:78:17)

  console.log
    [session-state-tracker] Cache evicted: perf-test-key-914... (reason: delete)

      at LRUCache.disposeAfter (lib/state.js:78:17)

  console.log
    [session-state-tracker] Cache evicted: perf-test-key-915... (reason: delete)

      at LRUCache.disposeAfter (lib/state.js:78:17)

  console.log
    [session-state-tracker] Cache evicted: perf-test-key-916... (reason: delete)

      at LRUCache.disposeAfter (lib/state.js:78:17)

  console.log
    [session-state-tracker] Cache evicted: perf-test-key-917... (reason: delete)

      at LRUCache.disposeAfter (lib/state.js:78:17)

  console.log
    [session-state-tracker] Cache evicted: perf-test-key-918... (reason: delete)

      at LRUCache.disposeAfter (lib/state.js:78:17)

  console.log
    [session-state-tracker] Cache evicted: perf-test-key-919... (reason: delete)

      at LRUCache.disposeAfter (lib/state.js:78:17)

  console.log
    [session-state-tracker] Cache evicted: perf-test-key-920... (reason: delete)

      at LRUCache.disposeAfter (lib/state.js:78:17)

  console.log
    [session-state-tracker] Cache evicted: perf-test-key-921... (reason: delete)

      at LRUCache.disposeAfter (lib/state.js:78:17)

  console.log
    [session-state-tracker] Cache evicted: perf-test-key-922... (reason: delete)

      at LRUCache.disposeAfter (lib/state.js:78:17)

  console.log
    [session-state-tracker] Cache evicted: perf-test-key-923... (reason: delete)

      at LRUCache.disposeAfter (lib/state.js:78:17)

  console.log
    [session-state-tracker] Cache evicted: perf-test-key-924... (reason: delete)

      at LRUCache.disposeAfter (lib/state.js:78:17)

  console.log
    [session-state-tracker] Cache evicted: perf-test-key-925... (reason: delete)

      at LRUCache.disposeAfter (lib/state.js:78:17)

  console.log
    [session-state-tracker] Cache evicted: perf-test-key-926... (reason: delete)

      at LRUCache.disposeAfter (lib/state.js:78:17)

  console.log
    [session-state-tracker] Cache evicted: perf-test-key-927... (reason: delete)

      at LRUCache.disposeAfter (lib/state.js:78:17)

  console.log
    [session-state-tracker] Cache evicted: perf-test-key-928... (reason: delete)

      at LRUCache.disposeAfter (lib/state.js:78:17)

  console.log
    [session-state-tracker] Cache evicted: perf-test-key-929... (reason: delete)

      at LRUCache.disposeAfter (lib/state.js:78:17)

  console.log
    [session-state-tracker] Cache evicted: perf-test-key-930... (reason: delete)

      at LRUCache.disposeAfter (lib/state.js:78:17)

  console.log
    [session-state-tracker] Cache evicted: perf-test-key-931... (reason: delete)

      at LRUCache.disposeAfter (lib/state.js:78:17)

  console.log
    [session-state-tracker] Cache evicted: perf-test-key-932... (reason: delete)

      at LRUCache.disposeAfter (lib/state.js:78:17)

  console.log
    [session-state-tracker] Cache evicted: perf-test-key-933... (reason: delete)

      at LRUCache.disposeAfter (lib/state.js:78:17)

  console.log
    [session-state-tracker] Cache evicted: perf-test-key-934... (reason: delete)

      at LRUCache.disposeAfter (lib/state.js:78:17)

  console.log
    [session-state-tracker] Cache evicted: perf-test-key-935... (reason: delete)

      at LRUCache.disposeAfter (lib/state.js:78:17)

  console.log
    [session-state-tracker] Cache evicted: perf-test-key-936... (reason: delete)

      at LRUCache.disposeAfter (lib/state.js:78:17)

  console.log
    [session-state-tracker] Cache evicted: perf-test-key-937... (reason: delete)

      at LRUCache.disposeAfter (lib/state.js:78:17)

  console.log
    [session-state-tracker] Cache evicted: perf-test-key-938... (reason: delete)

      at LRUCache.disposeAfter (lib/state.js:78:17)

  console.log
    [session-state-tracker] Cache evicted: perf-test-key-939... (reason: delete)

      at LRUCache.disposeAfter (lib/state.js:78:17)

  console.log
    [session-state-tracker] Cache evicted: perf-test-key-940... (reason: delete)

      at LRUCache.disposeAfter (lib/state.js:78:17)

  console.log
    [session-state-tracker] Cache evicted: perf-test-key-941... (reason: delete)

      at LRUCache.disposeAfter (lib/state.js:78:17)

  console.log
    [session-state-tracker] Cache evicted: perf-test-key-942... (reason: delete)

      at LRUCache.disposeAfter (lib/state.js:78:17)

  console.log
    [session-state-tracker] Cache evicted: perf-test-key-943... (reason: delete)

      at LRUCache.disposeAfter (lib/state.js:78:17)

  console.log
    [session-state-tracker] Cache evicted: perf-test-key-944... (reason: delete)

      at LRUCache.disposeAfter (lib/state.js:78:17)

  console.log
    [session-state-tracker] Cache evicted: perf-test-key-945... (reason: delete)

      at LRUCache.disposeAfter (lib/state.js:78:17)

  console.log
    [session-state-tracker] Cache evicted: perf-test-key-946... (reason: delete)

      at LRUCache.disposeAfter (lib/state.js:78:17)

  console.log
    [session-state-tracker] Cache evicted: perf-test-key-947... (reason: delete)

      at LRUCache.disposeAfter (lib/state.js:78:17)

  console.log
    [session-state-tracker] Cache evicted: perf-test-key-948... (reason: delete)

      at LRUCache.disposeAfter (lib/state.js:78:17)

  console.log
    [session-state-tracker] Cache evicted: perf-test-key-949... (reason: delete)

      at LRUCache.disposeAfter (lib/state.js:78:17)

  console.log
    [session-state-tracker] Cache evicted: perf-test-key-950... (reason: delete)

      at LRUCache.disposeAfter (lib/state.js:78:17)

  console.log
    [session-state-tracker] Cache evicted: perf-test-key-951... (reason: delete)

      at LRUCache.disposeAfter (lib/state.js:78:17)

  console.log
    [session-state-tracker] Cache evicted: perf-test-key-952... (reason: delete)

      at LRUCache.disposeAfter (lib/state.js:78:17)

  console.log
    [session-state-tracker] Cache evicted: perf-test-key-953... (reason: delete)

      at LRUCache.disposeAfter (lib/state.js:78:17)

  console.log
    [session-state-tracker] Cache evicted: perf-test-key-954... (reason: delete)

      at LRUCache.disposeAfter (lib/state.js:78:17)

  console.log
    [session-state-tracker] Cache evicted: perf-test-key-955... (reason: delete)

      at LRUCache.disposeAfter (lib/state.js:78:17)

  console.log
    [session-state-tracker] Cache evicted: perf-test-key-956... (reason: delete)

      at LRUCache.disposeAfter (lib/state.js:78:17)

  console.log
    [session-state-tracker] Cache evicted: perf-test-key-957... (reason: delete)

      at LRUCache.disposeAfter (lib/state.js:78:17)

  console.log
    [session-state-tracker] Cache evicted: perf-test-key-958... (reason: delete)

      at LRUCache.disposeAfter (lib/state.js:78:17)

  console.log
    [session-state-tracker] Cache evicted: perf-test-key-959... (reason: delete)

      at LRUCache.disposeAfter (lib/state.js:78:17)

  console.log
    [session-state-tracker] Cache evicted: perf-test-key-960... (reason: delete)

      at LRUCache.disposeAfter (lib/state.js:78:17)

  console.log
    [session-state-tracker] Cache evicted: perf-test-key-961... (reason: delete)

      at LRUCache.disposeAfter (lib/state.js:78:17)

  console.log
    [session-state-tracker] Cache evicted: perf-test-key-962... (reason: delete)

      at LRUCache.disposeAfter (lib/state.js:78:17)

  console.log
    [session-state-tracker] Cache evicted: perf-test-key-963... (reason: delete)

      at LRUCache.disposeAfter (lib/state.js:78:17)

  console.log
    [session-state-tracker] Cache evicted: perf-test-key-964... (reason: delete)

      at LRUCache.disposeAfter (lib/state.js:78:17)

  console.log
    [session-state-tracker] Cache evicted: perf-test-key-965... (reason: delete)

      at LRUCache.disposeAfter (lib/state.js:78:17)

  console.log
    [session-state-tracker] Cache evicted: perf-test-key-966... (reason: delete)

      at LRUCache.disposeAfter (lib/state.js:78:17)

  console.log
    [session-state-tracker] Cache evicted: perf-test-key-967... (reason: delete)

      at LRUCache.disposeAfter (lib/state.js:78:17)

  console.log
    [session-state-tracker] Cache evicted: perf-test-key-968... (reason: delete)

      at LRUCache.disposeAfter (lib/state.js:78:17)

  console.log
    [session-state-tracker] Cache evicted: perf-test-key-969... (reason: delete)

      at LRUCache.disposeAfter (lib/state.js:78:17)

  console.log
    [session-state-tracker] Cache evicted: perf-test-key-970... (reason: delete)

      at LRUCache.disposeAfter (lib/state.js:78:17)

  console.log
    [session-state-tracker] Cache evicted: perf-test-key-971... (reason: delete)

      at LRUCache.disposeAfter (lib/state.js:78:17)

  console.log
    [session-state-tracker] Cache evicted: perf-test-key-972... (reason: delete)

      at LRUCache.disposeAfter (lib/state.js:78:17)

  console.log
    [session-state-tracker] Cache evicted: perf-test-key-973... (reason: delete)

      at LRUCache.disposeAfter (lib/state.js:78:17)

  console.log
    [session-state-tracker] Cache evicted: perf-test-key-974... (reason: delete)

      at LRUCache.disposeAfter (lib/state.js:78:17)

  console.log
    [session-state-tracker] Cache evicted: perf-test-key-975... (reason: delete)

      at LRUCache.disposeAfter (lib/state.js:78:17)

  console.log
    [session-state-tracker] Cache evicted: perf-test-key-976... (reason: delete)

      at LRUCache.disposeAfter (lib/state.js:78:17)

  console.log
    [session-state-tracker] Cache evicted: perf-test-key-977... (reason: delete)

      at LRUCache.disposeAfter (lib/state.js:78:17)

  console.log
    [session-state-tracker] Cache evicted: perf-test-key-978... (reason: delete)

      at LRUCache.disposeAfter (lib/state.js:78:17)

  console.log
    [session-state-tracker] Cache evicted: perf-test-key-979... (reason: delete)

      at LRUCache.disposeAfter (lib/state.js:78:17)

  console.log
    [session-state-tracker] Cache evicted: perf-test-key-980... (reason: delete)

      at LRUCache.disposeAfter (lib/state.js:78:17)

  console.log
    [session-state-tracker] Cache evicted: perf-test-key-981... (reason: delete)

      at LRUCache.disposeAfter (lib/state.js:78:17)

  console.log
    [session-state-tracker] Cache evicted: perf-test-key-982... (reason: delete)

      at LRUCache.disposeAfter (lib/state.js:78:17)

  console.log
    [session-state-tracker] Cache evicted: perf-test-key-983... (reason: delete)

      at LRUCache.disposeAfter (lib/state.js:78:17)

  console.log
    [session-state-tracker] Cache evicted: perf-test-key-984... (reason: delete)

      at LRUCache.disposeAfter (lib/state.js:78:17)

  console.log
    [session-state-tracker] Cache evicted: perf-test-key-985... (reason: delete)

      at LRUCache.disposeAfter (lib/state.js:78:17)

  console.log
    [session-state-tracker] Cache evicted: perf-test-key-986... (reason: delete)

      at LRUCache.disposeAfter (lib/state.js:78:17)

  console.log
    [session-state-tracker] Cache evicted: perf-test-key-987... (reason: delete)

      at LRUCache.disposeAfter (lib/state.js:78:17)

  console.log
    [session-state-tracker] Cache evicted: perf-test-key-988... (reason: delete)

      at LRUCache.disposeAfter (lib/state.js:78:17)

  console.log
    [session-state-tracker] Cache evicted: perf-test-key-989... (reason: delete)

      at LRUCache.disposeAfter (lib/state.js:78:17)

  console.log
    [session-state-tracker] Cache evicted: perf-test-key-990... (reason: delete)

      at LRUCache.disposeAfter (lib/state.js:78:17)

  console.log
    [session-state-tracker] Cache evicted: perf-test-key-991... (reason: delete)

      at LRUCache.disposeAfter (lib/state.js:78:17)

  console.log
    [session-state-tracker] Cache evicted: perf-test-key-992... (reason: delete)

      at LRUCache.disposeAfter (lib/state.js:78:17)

  console.log
    [session-state-tracker] Cache evicted: perf-test-key-993... (reason: delete)

      at LRUCache.disposeAfter (lib/state.js:78:17)

  console.log
    [session-state-tracker] Cache evicted: perf-test-key-994... (reason: delete)

      at LRUCache.disposeAfter (lib/state.js:78:17)

  console.log
    [session-state-tracker] Cache evicted: perf-test-key-995... (reason: delete)

      at LRUCache.disposeAfter (lib/state.js:78:17)

  console.log
    [session-state-tracker] Cache evicted: perf-test-key-996... (reason: delete)

      at LRUCache.disposeAfter (lib/state.js:78:17)

  console.log
    [session-state-tracker] Cache evicted: perf-test-key-997... (reason: delete)

      at LRUCache.disposeAfter (lib/state.js:78:17)

  console.log
    [session-state-tracker] Cache evicted: perf-test-key-998... (reason: delete)

      at LRUCache.disposeAfter (lib/state.js:78:17)

  console.log
    [session-state-tracker] Cache evicted: perf-test-key-999... (reason: delete)

      at LRUCache.disposeAfter (lib/state.js:78:17)

  console.log
    [session-state-tracker] Cache evicted: key-0... (reason: evict)

      at LRUCache.disposeAfter (lib/state.js:78:17)

  console.log
    [session-state-tracker] Cache evicted: key-1... (reason: evict)

      at LRUCache.disposeAfter (lib/state.js:78:17)

  console.log
    [session-state-tracker] Cache evicted: key-2... (reason: evict)

      at LRUCache.disposeAfter (lib/state.js:78:17)

  console.log
    [session-state-tracker] Cache evicted: key-3... (reason: evict)

      at LRUCache.disposeAfter (lib/state.js:78:17)

  console.log
    [session-state-tracker] Cache evicted: key-4... (reason: evict)

      at LRUCache.disposeAfter (lib/state.js:78:17)

  console.log
    [session-state-tracker] Cache evicted: key-5... (reason: evict)

      at LRUCache.disposeAfter (lib/state.js:78:17)

  console.log
    [session-state-tracker] Cache evicted: key-6... (reason: evict)

      at LRUCache.disposeAfter (lib/state.js:78:17)

  console.log
    [session-state-tracker] Cache evicted: key-7... (reason: evict)

      at LRUCache.disposeAfter (lib/state.js:78:17)

  console.log
    [session-state-tracker] Cache evicted: key-8... (reason: evict)

      at LRUCache.disposeAfter (lib/state.js:78:17)

  console.log
    [session-state-tracker] Cache evicted: key-9... (reason: evict)

      at LRUCache.disposeAfter (lib/state.js:78:17)

  console.log
    [session-state-tracker] Cache evicted: key-10... (reason: evict)

      at LRUCache.disposeAfter (lib/state.js:78:17)

  console.log
    [session-state-tracker] Cache evicted: key-11... (reason: evict)

      at LRUCache.disposeAfter (lib/state.js:78:17)

  console.log
    [session-state-tracker] Cache evicted: key-12... (reason: evict)

      at LRUCache.disposeAfter (lib/state.js:78:17)

  console.log
    [session-state-tracker] Cache evicted: key-13... (reason: evict)

      at LRUCache.disposeAfter (lib/state.js:78:17)

  console.log
    [session-state-tracker] Cache evicted: key-14... (reason: evict)

      at LRUCache.disposeAfter (lib/state.js:78:17)

  console.log
    [session-state-tracker] Cache evicted: key-15... (reason: evict)

      at LRUCache.disposeAfter (lib/state.js:78:17)

  console.log
    [session-state-tracker] Cache evicted: key-16... (reason: evict)

      at LRUCache.disposeAfter (lib/state.js:78:17)

  console.log
    [session-state-tracker] Cache evicted: key-17... (reason: evict)

      at LRUCache.disposeAfter (lib/state.js:78:17)

  console.log
    [session-state-tracker] Cache evicted: key-18... (reason: evict)

      at LRUCache.disposeAfter (lib/state.js:78:17)

  console.log
    [session-state-tracker] Cache evicted: key-19... (reason: evict)

      at LRUCache.disposeAfter (lib/state.js:78:17)

  console.log
    [session-state-tracker] Cache evicted: key-20... (reason: evict)

      at LRUCache.disposeAfter (lib/state.js:78:17)

  console.log
    [session-state-tracker] Cache evicted: key-21... (reason: evict)

      at LRUCache.disposeAfter (lib/state.js:78:17)

  console.log
    [session-state-tracker] Cache evicted: key-22... (reason: evict)

      at LRUCache.disposeAfter (lib/state.js:78:17)

  console.log
    [session-state-tracker] Cache evicted: key-23... (reason: evict)

      at LRUCache.disposeAfter (lib/state.js:78:17)

  console.log
    [session-state-tracker] Cache evicted: key-24... (reason: evict)

      at LRUCache.disposeAfter (lib/state.js:78:17)

  console.log
    [session-state-tracker] Cache evicted: key-25... (reason: evict)

      at LRUCache.disposeAfter (lib/state.js:78:17)

  console.log
    [session-state-tracker] Cache evicted: key-26... (reason: evict)

      at LRUCache.disposeAfter (lib/state.js:78:17)

  console.log
    [session-state-tracker] Cache evicted: key-27... (reason: evict)

      at LRUCache.disposeAfter (lib/state.js:78:17)

  console.log
    [session-state-tracker] Cache evicted: key-28... (reason: evict)

      at LRUCache.disposeAfter (lib/state.js:78:17)

  console.log
    [session-state-tracker] Cache evicted: key-29... (reason: evict)

      at LRUCache.disposeAfter (lib/state.js:78:17)

  console.log
    [session-state-tracker] Cache evicted: key-30... (reason: evict)

      at LRUCache.disposeAfter (lib/state.js:78:17)

  console.log
    [session-state-tracker] Cache evicted: key-31... (reason: evict)

      at LRUCache.disposeAfter (lib/state.js:78:17)

  console.log
    [session-state-tracker] Cache evicted: key-32... (reason: evict)

      at LRUCache.disposeAfter (lib/state.js:78:17)

  console.log
    [session-state-tracker] Cache evicted: key-33... (reason: evict)

      at LRUCache.disposeAfter (lib/state.js:78:17)

  console.log
    [session-state-tracker] Cache evicted: key-34... (reason: evict)

      at LRUCache.disposeAfter (lib/state.js:78:17)

  console.log
    [session-state-tracker] Cache evicted: key-35... (reason: evict)

      at LRUCache.disposeAfter (lib/state.js:78:17)

  console.log
    [session-state-tracker] Cache evicted: key-36... (reason: evict)

      at LRUCache.disposeAfter (lib/state.js:78:17)

  console.log
    [session-state-tracker] Cache evicted: key-37... (reason: evict)

      at LRUCache.disposeAfter (lib/state.js:78:17)

  console.log
    [session-state-tracker] Cache evicted: key-38... (reason: evict)

      at LRUCache.disposeAfter (lib/state.js:78:17)

  console.log
    [session-state-tracker] Cache evicted: key-39... (reason: evict)

      at LRUCache.disposeAfter (lib/state.js:78:17)

  console.log
    [session-state-tracker] Cache evicted: key-40... (reason: evict)

      at LRUCache.disposeAfter (lib/state.js:78:17)

  console.log
    [session-state-tracker] Cache evicted: key-41... (reason: evict)

      at LRUCache.disposeAfter (lib/state.js:78:17)

  console.log
    [session-state-tracker] Cache evicted: key-42... (reason: evict)

      at LRUCache.disposeAfter (lib/state.js:78:17)

  console.log
    [session-state-tracker] Cache evicted: key-43... (reason: evict)

      at LRUCache.disposeAfter (lib/state.js:78:17)

  console.log
    [session-state-tracker] Cache evicted: key-44... (reason: evict)

      at LRUCache.disposeAfter (lib/state.js:78:17)

  console.log
    [session-state-tracker] Cache evicted: key-45... (reason: evict)

      at LRUCache.disposeAfter (lib/state.js:78:17)

  console.log
    [session-state-tracker] Cache evicted: key-46... (reason: evict)

      at LRUCache.disposeAfter (lib/state.js:78:17)

  console.log
    [session-state-tracker] Cache evicted: key-47... (reason: evict)

      at LRUCache.disposeAfter (lib/state.js:78:17)

  console.log
    [session-state-tracker] Cache evicted: key-48... (reason: evict)

      at LRUCache.disposeAfter (lib/state.js:78:17)

  console.log
    [session-state-tracker] Cache evicted: key-49... (reason: evict)

      at LRUCache.disposeAfter (lib/state.js:78:17)

  console.log
    [session-state-tracker] Cache evicted: key-50... (reason: evict)

      at LRUCache.disposeAfter (lib/state.js:78:17)

  console.log
    [session-state-tracker] Cache evicted: key-51... (reason: evict)

      at LRUCache.disposeAfter (lib/state.js:78:17)

  console.log
    [session-state-tracker] Cache evicted: key-52... (reason: evict)

      at LRUCache.disposeAfter (lib/state.js:78:17)

  console.log
    [session-state-tracker] Cache evicted: key-53... (reason: evict)

      at LRUCache.disposeAfter (lib/state.js:78:17)

  console.log
    [session-state-tracker] Cache evicted: key-54... (reason: evict)

      at LRUCache.disposeAfter (lib/state.js:78:17)

  console.log
    [session-state-tracker] Cache evicted: key-55... (reason: evict)

      at LRUCache.disposeAfter (lib/state.js:78:17)

  console.log
    [session-state-tracker] Cache evicted: key-56... (reason: evict)

      at LRUCache.disposeAfter (lib/state.js:78:17)

  console.log
    [session-state-tracker] Cache evicted: key-57... (reason: evict)

      at LRUCache.disposeAfter (lib/state.js:78:17)

  console.log
    [session-state-tracker] Cache evicted: key-58... (reason: evict)

      at LRUCache.disposeAfter (lib/state.js:78:17)

  console.log
    [session-state-tracker] Cache evicted: key-59... (reason: evict)

      at LRUCache.disposeAfter (lib/state.js:78:17)

  console.log
    [session-state-tracker] Cache evicted: key-60... (reason: evict)

      at LRUCache.disposeAfter (lib/state.js:78:17)

  console.log
    [session-state-tracker] Cache evicted: key-61... (reason: evict)

      at LRUCache.disposeAfter (lib/state.js:78:17)

  console.log
    [session-state-tracker] Cache evicted: key-62... (reason: evict)

      at LRUCache.disposeAfter (lib/state.js:78:17)

  console.log
    [session-state-tracker] Cache evicted: key-63... (reason: evict)

      at LRUCache.disposeAfter (lib/state.js:78:17)

  console.log
    [session-state-tracker] Cache evicted: key-64... (reason: evict)

      at LRUCache.disposeAfter (lib/state.js:78:17)

  console.log
    [session-state-tracker] Cache evicted: key-65... (reason: evict)

      at LRUCache.disposeAfter (lib/state.js:78:17)

  console.log
    [session-state-tracker] Cache evicted: key-66... (reason: evict)

      at LRUCache.disposeAfter (lib/state.js:78:17)

  console.log
    [session-state-tracker] Cache evicted: key-67... (reason: evict)

      at LRUCache.disposeAfter (lib/state.js:78:17)

  console.log
    [session-state-tracker] Cache evicted: key-68... (reason: evict)

      at LRUCache.disposeAfter (lib/state.js:78:17)

  console.log
    [session-state-tracker] Cache evicted: key-69... (reason: evict)

      at LRUCache.disposeAfter (lib/state.js:78:17)

  console.log
    [session-state-tracker] Cache evicted: key-70... (reason: evict)

      at LRUCache.disposeAfter (lib/state.js:78:17)

  console.log
    [session-state-tracker] Cache evicted: key-71... (reason: evict)

      at LRUCache.disposeAfter (lib/state.js:78:17)

  console.log
    [session-state-tracker] Cache evicted: key-72... (reason: evict)

      at LRUCache.disposeAfter (lib/state.js:78:17)

  console.log
    [session-state-tracker] Cache evicted: key-73... (reason: evict)

      at LRUCache.disposeAfter (lib/state.js:78:17)

  console.log
    [session-state-tracker] Cache evicted: key-74... (reason: evict)

      at LRUCache.disposeAfter (lib/state.js:78:17)

  console.log
    [session-state-tracker] Cache evicted: key-75... (reason: evict)

      at LRUCache.disposeAfter (lib/state.js:78:17)

  console.log
    [session-state-tracker] Cache evicted: key-76... (reason: evict)

      at LRUCache.disposeAfter (lib/state.js:78:17)

  console.log
    [session-state-tracker] Cache evicted: key-77... (reason: evict)

      at LRUCache.disposeAfter (lib/state.js:78:17)

  console.log
    [session-state-tracker] Cache evicted: key-78... (reason: evict)

      at LRUCache.disposeAfter (lib/state.js:78:17)

  console.log
    [session-state-tracker] Cache evicted: key-79... (reason: evict)

      at LRUCache.disposeAfter (lib/state.js:78:17)

  console.log
    [session-state-tracker] Cache evicted: key-80... (reason: evict)

      at LRUCache.disposeAfter (lib/state.js:78:17)

  console.log
    [session-state-tracker] Cache evicted: key-81... (reason: evict)

      at LRUCache.disposeAfter (lib/state.js:78:17)

  console.log
    [session-state-tracker] Cache evicted: key-82... (reason: evict)

      at LRUCache.disposeAfter (lib/state.js:78:17)

  console.log
    [session-state-tracker] Cache evicted: key-83... (reason: evict)

      at LRUCache.disposeAfter (lib/state.js:78:17)

  console.log
    [session-state-tracker] Cache evicted: key-84... (reason: evict)

      at LRUCache.disposeAfter (lib/state.js:78:17)

  console.log
    [session-state-tracker] Cache evicted: key-85... (reason: evict)

      at LRUCache.disposeAfter (lib/state.js:78:17)

  console.log
    [session-state-tracker] Cache evicted: key-86... (reason: evict)

      at LRUCache.disposeAfter (lib/state.js:78:17)

  console.log
    [session-state-tracker] Cache evicted: key-87... (reason: evict)

      at LRUCache.disposeAfter (lib/state.js:78:17)

  console.log
    [session-state-tracker] Cache evicted: key-88... (reason: evict)

      at LRUCache.disposeAfter (lib/state.js:78:17)

  console.log
    [session-state-tracker] Cache evicted: key-89... (reason: evict)

      at LRUCache.disposeAfter (lib/state.js:78:17)

  console.log
    [session-state-tracker] Cache evicted: key-90... (reason: evict)

      at LRUCache.disposeAfter (lib/state.js:78:17)

  console.log
    [session-state-tracker] Cache evicted: key-91... (reason: evict)

      at LRUCache.disposeAfter (lib/state.js:78:17)

  console.log
    [session-state-tracker] Cache evicted: key-92... (reason: evict)

      at LRUCache.disposeAfter (lib/state.js:78:17)

  console.log
    [session-state-tracker] Cache evicted: key-93... (reason: evict)

      at LRUCache.disposeAfter (lib/state.js:78:17)

  console.log
    [session-state-tracker] Cache evicted: key-94... (reason: evict)

      at LRUCache.disposeAfter (lib/state.js:78:17)

  console.log
    [session-state-tracker] Cache evicted: key-95... (reason: evict)

      at LRUCache.disposeAfter (lib/state.js:78:17)

  console.log
    [session-state-tracker] Cache evicted: key-96... (reason: evict)

      at LRUCache.disposeAfter (lib/state.js:78:17)

  console.log
    [session-state-tracker] Cache evicted: key-97... (reason: evict)

      at LRUCache.disposeAfter (lib/state.js:78:17)

  console.log
    [session-state-tracker] Cache evicted: key-98... (reason: evict)

      at LRUCache.disposeAfter (lib/state.js:78:17)

  console.log
    [session-state-tracker] Cache evicted: key-99... (reason: evict)

      at LRUCache.disposeAfter (lib/state.js:78:17)

  console.log
    [session-state-tracker] Cache evicted: key-100... (reason: evict)

      at LRUCache.disposeAfter (lib/state.js:78:17)

  console.log
    [session-state-tracker] Cache evicted: key-101... (reason: evict)

      at LRUCache.disposeAfter (lib/state.js:78:17)

  console.log
    [session-state-tracker] Cache evicted: key-102... (reason: evict)

      at LRUCache.disposeAfter (lib/state.js:78:17)

  console.log
    [session-state-tracker] Cache evicted: key-103... (reason: evict)

      at LRUCache.disposeAfter (lib/state.js:78:17)

  console.log
    [session-state-tracker] Cache evicted: key-104... (reason: evict)

      at LRUCache.disposeAfter (lib/state.js:78:17)

  console.log
    [session-state-tracker] Cache evicted: key-105... (reason: evict)

      at LRUCache.disposeAfter (lib/state.js:78:17)

  console.log
    [session-state-tracker] Cache evicted: key-106... (reason: evict)

      at LRUCache.disposeAfter (lib/state.js:78:17)

  console.log
    [session-state-tracker] Cache evicted: key-107... (reason: evict)

      at LRUCache.disposeAfter (lib/state.js:78:17)

  console.log
    [session-state-tracker] Cache evicted: key-108... (reason: evict)

      at LRUCache.disposeAfter (lib/state.js:78:17)

  console.log
    [session-state-tracker] Cache evicted: key-109... (reason: evict)

      at LRUCache.disposeAfter (lib/state.js:78:17)

  console.log
    [session-state-tracker] Cache evicted: key-110... (reason: evict)

      at LRUCache.disposeAfter (lib/state.js:78:17)

  console.log
    [session-state-tracker] Cache evicted: key-111... (reason: evict)

      at LRUCache.disposeAfter (lib/state.js:78:17)

  console.log
    [session-state-tracker] Cache evicted: key-112... (reason: evict)

      at LRUCache.disposeAfter (lib/state.js:78:17)

  console.log
    [session-state-tracker] Cache evicted: key-113... (reason: evict)

      at LRUCache.disposeAfter (lib/state.js:78:17)

  console.log
    [session-state-tracker] Cache evicted: key-114... (reason: evict)

      at LRUCache.disposeAfter (lib/state.js:78:17)

  console.log
    [session-state-tracker] Cache evicted: key-115... (reason: evict)

      at LRUCache.disposeAfter (lib/state.js:78:17)

  console.log
    [session-state-tracker] Cache evicted: key-116... (reason: evict)

      at LRUCache.disposeAfter (lib/state.js:78:17)

  console.log
    [session-state-tracker] Cache evicted: key-117... (reason: evict)

      at LRUCache.disposeAfter (lib/state.js:78:17)

  console.log
    [session-state-tracker] Cache evicted: key-118... (reason: evict)

      at LRUCache.disposeAfter (lib/state.js:78:17)

  console.log
    [session-state-tracker] Cache evicted: key-119... (reason: evict)

      at LRUCache.disposeAfter (lib/state.js:78:17)

  console.log
    [session-state-tracker] Cache evicted: key-120... (reason: evict)

      at LRUCache.disposeAfter (lib/state.js:78:17)

  console.log
    [session-state-tracker] Cache evicted: key-121... (reason: evict)

      at LRUCache.disposeAfter (lib/state.js:78:17)

  console.log
    [session-state-tracker] Cache evicted: key-122... (reason: evict)

      at LRUCache.disposeAfter (lib/state.js:78:17)

  console.log
    [session-state-tracker] Cache evicted: key-123... (reason: evict)

      at LRUCache.disposeAfter (lib/state.js:78:17)

  console.log
    [session-state-tracker] Cache evicted: key-124... (reason: evict)

      at LRUCache.disposeAfter (lib/state.js:78:17)

  console.log
    [session-state-tracker] Cache evicted: key-125... (reason: evict)

      at LRUCache.disposeAfter (lib/state.js:78:17)

  console.log
    [session-state-tracker] Cache evicted: key-126... (reason: evict)

      at LRUCache.disposeAfter (lib/state.js:78:17)

  console.log
    [session-state-tracker] Cache evicted: key-127... (reason: evict)

      at LRUCache.disposeAfter (lib/state.js:78:17)

  console.log
    [session-state-tracker] Cache evicted: key-128... (reason: evict)

      at LRUCache.disposeAfter (lib/state.js:78:17)

  console.log
    [session-state-tracker] Cache evicted: key-129... (reason: evict)

      at LRUCache.disposeAfter (lib/state.js:78:17)

  console.log
    [session-state-tracker] Cache evicted: key-130... (reason: evict)

      at LRUCache.disposeAfter (lib/state.js:78:17)

  console.log
    [session-state-tracker] Cache evicted: key-131... (reason: evict)

      at LRUCache.disposeAfter (lib/state.js:78:17)

  console.log
    [session-state-tracker] Cache evicted: key-132... (reason: evict)

      at LRUCache.disposeAfter (lib/state.js:78:17)

  console.log
    [session-state-tracker] Cache evicted: key-133... (reason: evict)

      at LRUCache.disposeAfter (lib/state.js:78:17)

  console.log
    [session-state-tracker] Cache evicted: key-134... (reason: evict)

      at LRUCache.disposeAfter (lib/state.js:78:17)

  console.log
    [session-state-tracker] Cache evicted: key-135... (reason: evict)

      at LRUCache.disposeAfter (lib/state.js:78:17)

  console.log
    [session-state-tracker] Cache evicted: key-136... (reason: evict)

      at LRUCache.disposeAfter (lib/state.js:78:17)

  console.log
    [session-state-tracker] Cache evicted: key-137... (reason: evict)

      at LRUCache.disposeAfter (lib/state.js:78:17)

  console.log
    [session-state-tracker] Cache evicted: key-138... (reason: evict)

      at LRUCache.disposeAfter (lib/state.js:78:17)

  console.log
    [session-state-tracker] Cache evicted: key-139... (reason: evict)

      at LRUCache.disposeAfter (lib/state.js:78:17)

  console.log
    [session-state-tracker] Cache evicted: key-140... (reason: evict)

      at LRUCache.disposeAfter (lib/state.js:78:17)

  console.log
    [session-state-tracker] Cache evicted: key-141... (reason: evict)

      at LRUCache.disposeAfter (lib/state.js:78:17)

  console.log
    [session-state-tracker] Cache evicted: key-142... (reason: evict)

      at LRUCache.disposeAfter (lib/state.js:78:17)

  console.log
    [session-state-tracker] Cache evicted: key-143... (reason: evict)

      at LRUCache.disposeAfter (lib/state.js:78:17)

  console.log
    [session-state-tracker] Cache evicted: key-144... (reason: evict)

      at LRUCache.disposeAfter (lib/state.js:78:17)

  console.log
    [session-state-tracker] Cache evicted: key-145... (reason: evict)

      at LRUCache.disposeAfter (lib/state.js:78:17)

  console.log
    [session-state-tracker] Cache evicted: key-146... (reason: evict)

      at LRUCache.disposeAfter (lib/state.js:78:17)

  console.log
    [session-state-tracker] Cache evicted: key-147... (reason: evict)

      at LRUCache.disposeAfter (lib/state.js:78:17)

  console.log
    [session-state-tracker] Cache evicted: key-148... (reason: evict)

      at LRUCache.disposeAfter (lib/state.js:78:17)

  console.log
    [session-state-tracker] Cache evicted: key-149... (reason: evict)

      at LRUCache.disposeAfter (lib/state.js:78:17)

  console.log
    [session-state-tracker] Cache evicted: key-150... (reason: evict)

      at LRUCache.disposeAfter (lib/state.js:78:17)

  console.log
    [session-state-tracker] Cache evicted: key-151... (reason: evict)

      at LRUCache.disposeAfter (lib/state.js:78:17)

  console.log
    [session-state-tracker] Cache evicted: key-152... (reason: evict)

      at LRUCache.disposeAfter (lib/state.js:78:17)

  console.log
    [session-state-tracker] Cache evicted: key-153... (reason: evict)

      at LRUCache.disposeAfter (lib/state.js:78:17)

  console.log
    [session-state-tracker] Cache evicted: key-154... (reason: evict)

      at LRUCache.disposeAfter (lib/state.js:78:17)

  console.log
    [session-state-tracker] Cache evicted: key-155... (reason: evict)

      at LRUCache.disposeAfter (lib/state.js:78:17)

  console.log
    [session-state-tracker] Cache evicted: key-156... (reason: evict)

      at LRUCache.disposeAfter (lib/state.js:78:17)

  console.log
    [session-state-tracker] Cache evicted: key-157... (reason: evict)

      at LRUCache.disposeAfter (lib/state.js:78:17)

  console.log
    [session-state-tracker] Cache evicted: key-158... (reason: evict)

      at LRUCache.disposeAfter (lib/state.js:78:17)

  console.log
    [session-state-tracker] Cache evicted: key-159... (reason: evict)

      at LRUCache.disposeAfter (lib/state.js:78:17)

  console.log
    [session-state-tracker] Cache evicted: key-160... (reason: evict)

      at LRUCache.disposeAfter (lib/state.js:78:17)

  console.log
    [session-state-tracker] Cache evicted: key-161... (reason: evict)

      at LRUCache.disposeAfter (lib/state.js:78:17)

  console.log
    [session-state-tracker] Cache evicted: key-162... (reason: evict)

      at LRUCache.disposeAfter (lib/state.js:78:17)

  console.log
    [session-state-tracker] Cache evicted: key-163... (reason: evict)

      at LRUCache.disposeAfter (lib/state.js:78:17)

  console.log
    [session-state-tracker] Cache evicted: key-164... (reason: evict)

      at LRUCache.disposeAfter (lib/state.js:78:17)

  console.log
    [session-state-tracker] Cache evicted: key-165... (reason: evict)

      at LRUCache.disposeAfter (lib/state.js:78:17)

  console.log
    [session-state-tracker] Cache evicted: key-166... (reason: evict)

      at LRUCache.disposeAfter (lib/state.js:78:17)

  console.log
    [session-state-tracker] Cache evicted: key-167... (reason: evict)

      at LRUCache.disposeAfter (lib/state.js:78:17)

  console.log
    [session-state-tracker] Cache evicted: key-168... (reason: evict)

      at LRUCache.disposeAfter (lib/state.js:78:17)

  console.log
    [session-state-tracker] Cache evicted: key-169... (reason: evict)

      at LRUCache.disposeAfter (lib/state.js:78:17)

  console.log
    [session-state-tracker] Cache evicted: key-170... (reason: evict)

      at LRUCache.disposeAfter (lib/state.js:78:17)

  console.log
    [session-state-tracker] Cache evicted: key-171... (reason: evict)

      at LRUCache.disposeAfter (lib/state.js:78:17)

  console.log
    [session-state-tracker] Cache evicted: key-172... (reason: evict)

      at LRUCache.disposeAfter (lib/state.js:78:17)

  console.log
    [session-state-tracker] Cache evicted: key-173... (reason: evict)

      at LRUCache.disposeAfter (lib/state.js:78:17)

  console.log
    [session-state-tracker] Cache evicted: key-174... (reason: evict)

      at LRUCache.disposeAfter (lib/state.js:78:17)

  console.log
    [session-state-tracker] Cache evicted: key-175... (reason: evict)

      at LRUCache.disposeAfter (lib/state.js:78:17)

  console.log
    [session-state-tracker] Cache evicted: key-176... (reason: evict)

      at LRUCache.disposeAfter (lib/state.js:78:17)

  console.log
    [session-state-tracker] Cache evicted: key-177... (reason: evict)

      at LRUCache.disposeAfter (lib/state.js:78:17)

  console.log
    [session-state-tracker] Cache evicted: key-178... (reason: evict)

      at LRUCache.disposeAfter (lib/state.js:78:17)

  console.log
    [session-state-tracker] Cache evicted: key-179... (reason: evict)

      at LRUCache.disposeAfter (lib/state.js:78:17)

  console.log
    [session-state-tracker] Cache evicted: key-180... (reason: evict)

      at LRUCache.disposeAfter (lib/state.js:78:17)

  console.log
    [session-state-tracker] Cache evicted: key-181... (reason: evict)

      at LRUCache.disposeAfter (lib/state.js:78:17)

  console.log
    [session-state-tracker] Cache evicted: key-182... (reason: evict)

      at LRUCache.disposeAfter (lib/state.js:78:17)

  console.log
    [session-state-tracker] Cache evicted: key-183... (reason: evict)

      at LRUCache.disposeAfter (lib/state.js:78:17)

  console.log
    [session-state-tracker] Cache evicted: key-184... (reason: evict)

      at LRUCache.disposeAfter (lib/state.js:78:17)

  console.log
    [session-state-tracker] Cache evicted: key-185... (reason: evict)

      at LRUCache.disposeAfter (lib/state.js:78:17)

  console.log
    [session-state-tracker] Cache evicted: key-186... (reason: evict)

      at LRUCache.disposeAfter (lib/state.js:78:17)

  console.log
    [session-state-tracker] Cache evicted: key-187... (reason: evict)

      at LRUCache.disposeAfter (lib/state.js:78:17)

  console.log
    [session-state-tracker] Cache evicted: key-188... (reason: evict)

      at LRUCache.disposeAfter (lib/state.js:78:17)

  console.log
    [session-state-tracker] Cache evicted: key-189... (reason: evict)

      at LRUCache.disposeAfter (lib/state.js:78:17)

  console.log
    [session-state-tracker] Cache evicted: key-190... (reason: evict)

      at LRUCache.disposeAfter (lib/state.js:78:17)

  console.log
    [session-state-tracker] Cache evicted: key-191... (reason: evict)

      at LRUCache.disposeAfter (lib/state.js:78:17)

  console.log
    [session-state-tracker] Cache evicted: key-192... (reason: evict)

      at LRUCache.disposeAfter (lib/state.js:78:17)

  console.log
    [session-state-tracker] Cache evicted: key-193... (reason: evict)

      at LRUCache.disposeAfter (lib/state.js:78:17)

  console.log
    [session-state-tracker] Cache evicted: key-194... (reason: evict)

      at LRUCache.disposeAfter (lib/state.js:78:17)

  console.log
    [session-state-tracker] Cache evicted: key-195... (reason: evict)

      at LRUCache.disposeAfter (lib/state.js:78:17)

  console.log
    [session-state-tracker] Cache evicted: key-196... (reason: evict)

      at LRUCache.disposeAfter (lib/state.js:78:17)

  console.log
    [session-state-tracker] Cache evicted: key-197... (reason: evict)

      at LRUCache.disposeAfter (lib/state.js:78:17)

  console.log
    [session-state-tracker] Cache evicted: key-198... (reason: evict)

      at LRUCache.disposeAfter (lib/state.js:78:17)

  console.log
    [session-state-tracker] Cache evicted: key-199... (reason: evict)

      at LRUCache.disposeAfter (lib/state.js:78:17)

  console.log
    [session-state-tracker] Cache evicted: key-200... (reason: evict)

      at LRUCache.disposeAfter (lib/state.js:78:17)

  console.log
    [session-state-tracker] Cache evicted: key-201... (reason: evict)

      at LRUCache.disposeAfter (lib/state.js:78:17)

  console.log
    [session-state-tracker] Cache evicted: key-202... (reason: evict)

      at LRUCache.disposeAfter (lib/state.js:78:17)

  console.log
    [session-state-tracker] Cache evicted: key-203... (reason: evict)

      at LRUCache.disposeAfter (lib/state.js:78:17)

  console.log
    [session-state-tracker] Cache evicted: key-204... (reason: evict)

      at LRUCache.disposeAfter (lib/state.js:78:17)

  console.log
    [session-state-tracker] Cache evicted: key-205... (reason: evict)

      at LRUCache.disposeAfter (lib/state.js:78:17)

  console.log
    [session-state-tracker] Cache evicted: key-206... (reason: evict)

      at LRUCache.disposeAfter (lib/state.js:78:17)

  console.log
    [session-state-tracker] Cache evicted: key-207... (reason: evict)

      at LRUCache.disposeAfter (lib/state.js:78:17)

  console.log
    [session-state-tracker] Cache evicted: key-208... (reason: evict)

      at LRUCache.disposeAfter (lib/state.js:78:17)

  console.log
    [session-state-tracker] Cache evicted: key-209... (reason: evict)

      at LRUCache.disposeAfter (lib/state.js:78:17)

  console.log
    [session-state-tracker] Cache evicted: key-210... (reason: evict)

      at LRUCache.disposeAfter (lib/state.js:78:17)

  console.log
    [session-state-tracker] Cache evicted: key-211... (reason: evict)

      at LRUCache.disposeAfter (lib/state.js:78:17)

  console.log
    [session-state-tracker] Cache evicted: key-212... (reason: evict)

      at LRUCache.disposeAfter (lib/state.js:78:17)

  console.log
    [session-state-tracker] Cache evicted: key-213... (reason: evict)

      at LRUCache.disposeAfter (lib/state.js:78:17)

  console.log
    [session-state-tracker] Cache evicted: key-214... (reason: evict)

      at LRUCache.disposeAfter (lib/state.js:78:17)

  console.log
    [session-state-tracker] Cache evicted: key-215... (reason: evict)

      at LRUCache.disposeAfter (lib/state.js:78:17)

  console.log
    [session-state-tracker] Cache evicted: key-216... (reason: evict)

      at LRUCache.disposeAfter (lib/state.js:78:17)

  console.log
    [session-state-tracker] Cache evicted: key-217... (reason: evict)

      at LRUCache.disposeAfter (lib/state.js:78:17)

  console.log
    [session-state-tracker] Cache evicted: key-218... (reason: evict)

      at LRUCache.disposeAfter (lib/state.js:78:17)

  console.log
    [session-state-tracker] Cache evicted: key-219... (reason: evict)

      at LRUCache.disposeAfter (lib/state.js:78:17)

  console.log
    [session-state-tracker] Cache evicted: key-220... (reason: evict)

      at LRUCache.disposeAfter (lib/state.js:78:17)

  console.log
    [session-state-tracker] Cache evicted: key-221... (reason: evict)

      at LRUCache.disposeAfter (lib/state.js:78:17)

  console.log
    [session-state-tracker] Cache evicted: key-222... (reason: evict)

      at LRUCache.disposeAfter (lib/state.js:78:17)

  console.log
    [session-state-tracker] Cache evicted: key-223... (reason: evict)

      at LRUCache.disposeAfter (lib/state.js:78:17)

  console.log
    [session-state-tracker] Cache evicted: key-224... (reason: evict)

      at LRUCache.disposeAfter (lib/state.js:78:17)

  console.log
    [session-state-tracker] Cache evicted: key-225... (reason: evict)

      at LRUCache.disposeAfter (lib/state.js:78:17)

  console.log
    [session-state-tracker] Cache evicted: key-226... (reason: evict)

      at LRUCache.disposeAfter (lib/state.js:78:17)

  console.log
    [session-state-tracker] Cache evicted: key-227... (reason: evict)

      at LRUCache.disposeAfter (lib/state.js:78:17)

  console.log
    [session-state-tracker] Cache evicted: key-228... (reason: evict)

      at LRUCache.disposeAfter (lib/state.js:78:17)

  console.log
    [session-state-tracker] Cache evicted: key-229... (reason: evict)

      at LRUCache.disposeAfter (lib/state.js:78:17)

  console.log
    [session-state-tracker] Cache evicted: key-230... (reason: evict)

      at LRUCache.disposeAfter (lib/state.js:78:17)

  console.log
    [session-state-tracker] Cache evicted: key-231... (reason: evict)

      at LRUCache.disposeAfter (lib/state.js:78:17)

  console.log
    [session-state-tracker] Cache evicted: key-232... (reason: evict)

      at LRUCache.disposeAfter (lib/state.js:78:17)

  console.log
    [session-state-tracker] Cache evicted: key-233... (reason: evict)

      at LRUCache.disposeAfter (lib/state.js:78:17)

  console.log
    [session-state-tracker] Cache evicted: key-234... (reason: evict)

      at LRUCache.disposeAfter (lib/state.js:78:17)

  console.log
    [session-state-tracker] Cache evicted: key-235... (reason: evict)

      at LRUCache.disposeAfter (lib/state.js:78:17)

  console.log
    [session-state-tracker] Cache evicted: key-236... (reason: evict)

      at LRUCache.disposeAfter (lib/state.js:78:17)

  console.log
    [session-state-tracker] Cache evicted: key-237... (reason: evict)

      at LRUCache.disposeAfter (lib/state.js:78:17)

  console.log
    [session-state-tracker] Cache evicted: key-238... (reason: evict)

      at LRUCache.disposeAfter (lib/state.js:78:17)

  console.log
    [session-state-tracker] Cache evicted: key-239... (reason: evict)

      at LRUCache.disposeAfter (lib/state.js:78:17)

  console.log
    [session-state-tracker] Cache evicted: key-240... (reason: evict)

      at LRUCache.disposeAfter (lib/state.js:78:17)

  console.log
    [session-state-tracker] Cache evicted: key-241... (reason: evict)

      at LRUCache.disposeAfter (lib/state.js:78:17)

  console.log
    [session-state-tracker] Cache evicted: key-242... (reason: evict)

      at LRUCache.disposeAfter (lib/state.js:78:17)

  console.log
    [session-state-tracker] Cache evicted: key-243... (reason: evict)

      at LRUCache.disposeAfter (lib/state.js:78:17)

  console.log
    [session-state-tracker] Cache evicted: key-244... (reason: evict)

      at LRUCache.disposeAfter (lib/state.js:78:17)

  console.log
    [session-state-tracker] Cache evicted: key-245... (reason: evict)

      at LRUCache.disposeAfter (lib/state.js:78:17)

  console.log
    [session-state-tracker] Cache evicted: key-246... (reason: evict)

      at LRUCache.disposeAfter (lib/state.js:78:17)

  console.log
    [session-state-tracker] Cache evicted: key-247... (reason: evict)

      at LRUCache.disposeAfter (lib/state.js:78:17)

  console.log
    [session-state-tracker] Cache evicted: key-248... (reason: evict)

      at LRUCache.disposeAfter (lib/state.js:78:17)

  console.log
    [session-state-tracker] Cache evicted: key-249... (reason: evict)

      at LRUCache.disposeAfter (lib/state.js:78:17)

  console.log
    [session-state-tracker] Cache evicted: key-250... (reason: evict)

      at LRUCache.disposeAfter (lib/state.js:78:17)

  console.log
    [session-state-tracker] Cache evicted: key-251... (reason: evict)

      at LRUCache.disposeAfter (lib/state.js:78:17)

  console.log
    [session-state-tracker] Cache evicted: key-252... (reason: evict)

      at LRUCache.disposeAfter (lib/state.js:78:17)

  console.log
    [session-state-tracker] Cache evicted: key-253... (reason: evict)

      at LRUCache.disposeAfter (lib/state.js:78:17)

  console.log
    [session-state-tracker] Cache evicted: key-254... (reason: evict)

      at LRUCache.disposeAfter (lib/state.js:78:17)

  console.log
    [session-state-tracker] Cache evicted: key-255... (reason: evict)

      at LRUCache.disposeAfter (lib/state.js:78:17)

  console.log
    [session-state-tracker] Cache evicted: key-256... (reason: evict)

      at LRUCache.disposeAfter (lib/state.js:78:17)

  console.log
    [session-state-tracker] Cache evicted: key-257... (reason: evict)

      at LRUCache.disposeAfter (lib/state.js:78:17)

  console.log
    [session-state-tracker] Cache evicted: key-258... (reason: evict)

      at LRUCache.disposeAfter (lib/state.js:78:17)

  console.log
    [session-state-tracker] Cache evicted: key-259... (reason: evict)

      at LRUCache.disposeAfter (lib/state.js:78:17)

  console.log
    [session-state-tracker] Cache evicted: key-260... (reason: evict)

      at LRUCache.disposeAfter (lib/state.js:78:17)

  console.log
    [session-state-tracker] Cache evicted: key-261... (reason: evict)

      at LRUCache.disposeAfter (lib/state.js:78:17)

  console.log
    [session-state-tracker] Cache evicted: key-262... (reason: evict)

      at LRUCache.disposeAfter (lib/state.js:78:17)

  console.log
    [session-state-tracker] Cache evicted: key-263... (reason: evict)

      at LRUCache.disposeAfter (lib/state.js:78:17)

  console.log
    [session-state-tracker] Cache evicted: key-264... (reason: evict)

      at LRUCache.disposeAfter (lib/state.js:78:17)

  console.log
    [session-state-tracker] Cache evicted: key-265... (reason: evict)

      at LRUCache.disposeAfter (lib/state.js:78:17)

  console.log
    [session-state-tracker] Cache evicted: key-266... (reason: evict)

      at LRUCache.disposeAfter (lib/state.js:78:17)

  console.log
    [session-state-tracker] Cache evicted: key-267... (reason: evict)

      at LRUCache.disposeAfter (lib/state.js:78:17)

  console.log
    [session-state-tracker] Cache evicted: key-268... (reason: evict)

      at LRUCache.disposeAfter (lib/state.js:78:17)

  console.log
    [session-state-tracker] Cache evicted: key-269... (reason: evict)

      at LRUCache.disposeAfter (lib/state.js:78:17)

  console.log
    [session-state-tracker] Cache evicted: key-270... (reason: evict)

      at LRUCache.disposeAfter (lib/state.js:78:17)

  console.log
    [session-state-tracker] Cache evicted: key-271... (reason: evict)

      at LRUCache.disposeAfter (lib/state.js:78:17)

  console.log
    [session-state-tracker] Cache evicted: key-272... (reason: evict)

      at LRUCache.disposeAfter (lib/state.js:78:17)

  console.log
    [session-state-tracker] Cache evicted: key-273... (reason: evict)

      at LRUCache.disposeAfter (lib/state.js:78:17)

  console.log
    [session-state-tracker] Cache evicted: key-274... (reason: evict)

      at LRUCache.disposeAfter (lib/state.js:78:17)

  console.log
    [session-state-tracker] Cache evicted: key-275... (reason: evict)

      at LRUCache.disposeAfter (lib/state.js:78:17)

  console.log
    [session-state-tracker] Cache evicted: key-276... (reason: evict)

      at LRUCache.disposeAfter (lib/state.js:78:17)

  console.log
    [session-state-tracker] Cache evicted: key-277... (reason: evict)

      at LRUCache.disposeAfter (lib/state.js:78:17)

  console.log
    [session-state-tracker] Cache evicted: key-278... (reason: evict)

      at LRUCache.disposeAfter (lib/state.js:78:17)

  console.log
    [session-state-tracker] Cache evicted: key-279... (reason: evict)

      at LRUCache.disposeAfter (lib/state.js:78:17)

  console.log
    [session-state-tracker] Cache evicted: key-280... (reason: evict)

      at LRUCache.disposeAfter (lib/state.js:78:17)

  console.log
    [session-state-tracker] Cache evicted: key-281... (reason: evict)

      at LRUCache.disposeAfter (lib/state.js:78:17)

  console.log
    [session-state-tracker] Cache evicted: key-282... (reason: evict)

      at LRUCache.disposeAfter (lib/state.js:78:17)

  console.log
    [session-state-tracker] Cache evicted: key-283... (reason: evict)

      at LRUCache.disposeAfter (lib/state.js:78:17)

  console.log
    [session-state-tracker] Cache evicted: key-284... (reason: evict)

      at LRUCache.disposeAfter (lib/state.js:78:17)

  console.log
    [session-state-tracker] Cache evicted: key-285... (reason: evict)

      at LRUCache.disposeAfter (lib/state.js:78:17)

  console.log
    [session-state-tracker] Cache evicted: key-286... (reason: evict)

      at LRUCache.disposeAfter (lib/state.js:78:17)

  console.log
    [session-state-tracker] Cache evicted: key-287... (reason: evict)

      at LRUCache.disposeAfter (lib/state.js:78:17)

  console.log
    [session-state-tracker] Cache evicted: key-288... (reason: evict)

      at LRUCache.disposeAfter (lib/state.js:78:17)

  console.log
    [session-state-tracker] Cache evicted: key-289... (reason: evict)

      at LRUCache.disposeAfter (lib/state.js:78:17)

  console.log
    [session-state-tracker] Cache evicted: key-290... (reason: evict)

      at LRUCache.disposeAfter (lib/state.js:78:17)

  console.log
    [session-state-tracker] Cache evicted: key-291... (reason: evict)

      at LRUCache.disposeAfter (lib/state.js:78:17)

  console.log
    [session-state-tracker] Cache evicted: key-292... (reason: evict)

      at LRUCache.disposeAfter (lib/state.js:78:17)

  console.log
    [session-state-tracker] Cache evicted: key-293... (reason: evict)

      at LRUCache.disposeAfter (lib/state.js:78:17)

  console.log
    [session-state-tracker] Cache evicted: key-294... (reason: evict)

      at LRUCache.disposeAfter (lib/state.js:78:17)

  console.log
    [session-state-tracker] Cache evicted: key-295... (reason: evict)

      at LRUCache.disposeAfter (lib/state.js:78:17)

  console.log
    [session-state-tracker] Cache evicted: key-296... (reason: evict)

      at LRUCache.disposeAfter (lib/state.js:78:17)

  console.log
    [session-state-tracker] Cache evicted: key-297... (reason: evict)

      at LRUCache.disposeAfter (lib/state.js:78:17)

  console.log
    [session-state-tracker] Cache evicted: key-298... (reason: evict)

      at LRUCache.disposeAfter (lib/state.js:78:17)

  console.log
    [session-state-tracker] Cache evicted: key-299... (reason: evict)

      at LRUCache.disposeAfter (lib/state.js:78:17)

  console.log
    [session-state-tracker] Cache evicted: key-300... (reason: evict)

      at LRUCache.disposeAfter (lib/state.js:78:17)

  console.log
    [session-state-tracker] Cache evicted: key-301... (reason: evict)

      at LRUCache.disposeAfter (lib/state.js:78:17)

  console.log
    [session-state-tracker] Cache evicted: key-302... (reason: evict)

      at LRUCache.disposeAfter (lib/state.js:78:17)

  console.log
    [session-state-tracker] Cache evicted: key-303... (reason: evict)

      at LRUCache.disposeAfter (lib/state.js:78:17)

  console.log
    [session-state-tracker] Cache evicted: key-304... (reason: evict)

      at LRUCache.disposeAfter (lib/state.js:78:17)

  console.log
    [session-state-tracker] Cache evicted: key-305... (reason: evict)

      at LRUCache.disposeAfter (lib/state.js:78:17)

  console.log
    [session-state-tracker] Cache evicted: key-306... (reason: evict)

      at LRUCache.disposeAfter (lib/state.js:78:17)

  console.log
    [session-state-tracker] Cache evicted: key-307... (reason: evict)

      at LRUCache.disposeAfter (lib/state.js:78:17)

  console.log
    [session-state-tracker] Cache evicted: key-308... (reason: evict)

      at LRUCache.disposeAfter (lib/state.js:78:17)

  console.log
    [session-state-tracker] Cache evicted: key-309... (reason: evict)

      at LRUCache.disposeAfter (lib/state.js:78:17)

  console.log
    [session-state-tracker] Cache evicted: key-310... (reason: evict)

      at LRUCache.disposeAfter (lib/state.js:78:17)

  console.log
    [session-state-tracker] Cache evicted: key-311... (reason: evict)

      at LRUCache.disposeAfter (lib/state.js:78:17)

  console.log
    [session-state-tracker] Cache evicted: key-312... (reason: evict)

      at LRUCache.disposeAfter (lib/state.js:78:17)

  console.log
    [session-state-tracker] Cache evicted: key-313... (reason: evict)

      at LRUCache.disposeAfter (lib/state.js:78:17)

  console.log
    [session-state-tracker] Cache evicted: key-314... (reason: evict)

      at LRUCache.disposeAfter (lib/state.js:78:17)

  console.log
    [session-state-tracker] Cache evicted: key-315... (reason: evict)

      at LRUCache.disposeAfter (lib/state.js:78:17)

  console.log
    [session-state-tracker] Cache evicted: key-316... (reason: evict)

      at LRUCache.disposeAfter (lib/state.js:78:17)

  console.log
    [session-state-tracker] Cache evicted: key-317... (reason: evict)

      at LRUCache.disposeAfter (lib/state.js:78:17)

  console.log
    [session-state-tracker] Cache evicted: key-318... (reason: evict)

      at LRUCache.disposeAfter (lib/state.js:78:17)

  console.log
    [session-state-tracker] Cache evicted: key-319... (reason: evict)

      at LRUCache.disposeAfter (lib/state.js:78:17)

  console.log
    [session-state-tracker] Cache evicted: key-320... (reason: evict)

      at LRUCache.disposeAfter (lib/state.js:78:17)

  console.log
    [session-state-tracker] Cache evicted: key-321... (reason: evict)

      at LRUCache.disposeAfter (lib/state.js:78:17)

  console.log
    [session-state-tracker] Cache evicted: key-322... (reason: evict)

      at LRUCache.disposeAfter (lib/state.js:78:17)

  console.log
    [session-state-tracker] Cache evicted: key-323... (reason: evict)

      at LRUCache.disposeAfter (lib/state.js:78:17)

  console.log
    [session-state-tracker] Cache evicted: key-324... (reason: evict)

      at LRUCache.disposeAfter (lib/state.js:78:17)

  console.log
    [session-state-tracker] Cache evicted: key-325... (reason: evict)

      at LRUCache.disposeAfter (lib/state.js:78:17)

  console.log
    [session-state-tracker] Cache evicted: key-326... (reason: evict)

      at LRUCache.disposeAfter (lib/state.js:78:17)

  console.log
    [session-state-tracker] Cache evicted: key-327... (reason: evict)

      at LRUCache.disposeAfter (lib/state.js:78:17)

  console.log
    [session-state-tracker] Cache evicted: key-328... (reason: evict)

      at LRUCache.disposeAfter (lib/state.js:78:17)

  console.log
    [session-state-tracker] Cache evicted: key-329... (reason: evict)

      at LRUCache.disposeAfter (lib/state.js:78:17)

  console.log
    [session-state-tracker] Cache evicted: key-330... (reason: evict)

      at LRUCache.disposeAfter (lib/state.js:78:17)

  console.log
    [session-state-tracker] Cache evicted: key-331... (reason: evict)

      at LRUCache.disposeAfter (lib/state.js:78:17)

  console.log
    [session-state-tracker] Cache evicted: key-332... (reason: evict)

      at LRUCache.disposeAfter (lib/state.js:78:17)

  console.log
    [session-state-tracker] Cache evicted: key-333... (reason: evict)

      at LRUCache.disposeAfter (lib/state.js:78:17)

  console.log
    [session-state-tracker] Cache evicted: key-334... (reason: evict)

      at LRUCache.disposeAfter (lib/state.js:78:17)

  console.log
    [session-state-tracker] Cache evicted: key-335... (reason: evict)

      at LRUCache.disposeAfter (lib/state.js:78:17)

  console.log
    [session-state-tracker] Cache evicted: key-336... (reason: evict)

      at LRUCache.disposeAfter (lib/state.js:78:17)

  console.log
    [session-state-tracker] Cache evicted: key-337... (reason: evict)

      at LRUCache.disposeAfter (lib/state.js:78:17)

  console.log
    [session-state-tracker] Cache evicted: key-338... (reason: evict)

      at LRUCache.disposeAfter (lib/state.js:78:17)

  console.log
    [session-state-tracker] Cache evicted: key-339... (reason: evict)

      at LRUCache.disposeAfter (lib/state.js:78:17)

  console.log
    [session-state-tracker] Cache evicted: key-340... (reason: evict)

      at LRUCache.disposeAfter (lib/state.js:78:17)

  console.log
    [session-state-tracker] Cache evicted: key-341... (reason: evict)

      at LRUCache.disposeAfter (lib/state.js:78:17)

  console.log
    [session-state-tracker] Cache evicted: key-342... (reason: evict)

      at LRUCache.disposeAfter (lib/state.js:78:17)

  console.log
    [session-state-tracker] Cache evicted: key-343... (reason: evict)

      at LRUCache.disposeAfter (lib/state.js:78:17)

  console.log
    [session-state-tracker] Cache evicted: key-344... (reason: evict)

      at LRUCache.disposeAfter (lib/state.js:78:17)

  console.log
    [session-state-tracker] Cache evicted: key-345... (reason: evict)

      at LRUCache.disposeAfter (lib/state.js:78:17)

  console.log
    [session-state-tracker] Cache evicted: key-346... (reason: evict)

      at LRUCache.disposeAfter (lib/state.js:78:17)

  console.log
    [session-state-tracker] Cache evicted: key-347... (reason: evict)

      at LRUCache.disposeAfter (lib/state.js:78:17)

  console.log
    [session-state-tracker] Cache evicted: key-348... (reason: evict)

      at LRUCache.disposeAfter (lib/state.js:78:17)

  console.log
    [session-state-tracker] Cache evicted: key-349... (reason: evict)

      at LRUCache.disposeAfter (lib/state.js:78:17)

  console.log
    [session-state-tracker] Cache evicted: key-350... (reason: evict)

      at LRUCache.disposeAfter (lib/state.js:78:17)

  console.log
    [session-state-tracker] Cache evicted: key-351... (reason: evict)

      at LRUCache.disposeAfter (lib/state.js:78:17)

  console.log
    [session-state-tracker] Cache evicted: key-352... (reason: evict)

      at LRUCache.disposeAfter (lib/state.js:78:17)

  console.log
    [session-state-tracker] Cache evicted: key-353... (reason: evict)

      at LRUCache.disposeAfter (lib/state.js:78:17)

  console.log
    [session-state-tracker] Cache evicted: key-354... (reason: evict)

      at LRUCache.disposeAfter (lib/state.js:78:17)

  console.log
    [session-state-tracker] Cache evicted: key-355... (reason: evict)

      at LRUCache.disposeAfter (lib/state.js:78:17)

  console.log
    [session-state-tracker] Cache evicted: key-356... (reason: evict)

      at LRUCache.disposeAfter (lib/state.js:78:17)

  console.log
    [session-state-tracker] Cache evicted: key-357... (reason: evict)

      at LRUCache.disposeAfter (lib/state.js:78:17)

  console.log
    [session-state-tracker] Cache evicted: key-358... (reason: evict)

      at LRUCache.disposeAfter (lib/state.js:78:17)

  console.log
    [session-state-tracker] Cache evicted: key-359... (reason: evict)

      at LRUCache.disposeAfter (lib/state.js:78:17)

  console.log
    [session-state-tracker] Cache evicted: key-360... (reason: evict)

      at LRUCache.disposeAfter (lib/state.js:78:17)

  console.log
    [session-state-tracker] Cache evicted: key-361... (reason: evict)

      at LRUCache.disposeAfter (lib/state.js:78:17)

  console.log
    [session-state-tracker] Cache evicted: key-362... (reason: evict)

      at LRUCache.disposeAfter (lib/state.js:78:17)

  console.log
    [session-state-tracker] Cache evicted: key-363... (reason: evict)

      at LRUCache.disposeAfter (lib/state.js:78:17)

  console.log
    [session-state-tracker] Cache evicted: key-364... (reason: evict)

      at LRUCache.disposeAfter (lib/state.js:78:17)

  console.log
    [session-state-tracker] Cache evicted: key-365... (reason: evict)

      at LRUCache.disposeAfter (lib/state.js:78:17)

  console.log
    [session-state-tracker] Cache evicted: key-366... (reason: evict)

      at LRUCache.disposeAfter (lib/state.js:78:17)

  console.log
    [session-state-tracker] Cache evicted: key-367... (reason: evict)

      at LRUCache.disposeAfter (lib/state.js:78:17)

  console.log
    [session-state-tracker] Cache evicted: key-368... (reason: evict)

      at LRUCache.disposeAfter (lib/state.js:78:17)

  console.log
    [session-state-tracker] Cache evicted: key-369... (reason: evict)

      at LRUCache.disposeAfter (lib/state.js:78:17)

  console.log
    [session-state-tracker] Cache evicted: key-370... (reason: evict)

      at LRUCache.disposeAfter (lib/state.js:78:17)

  console.log
    [session-state-tracker] Cache evicted: key-371... (reason: evict)

      at LRUCache.disposeAfter (lib/state.js:78:17)

  console.log
    [session-state-tracker] Cache evicted: key-372... (reason: evict)

      at LRUCache.disposeAfter (lib/state.js:78:17)

  console.log
    [session-state-tracker] Cache evicted: key-373... (reason: evict)

      at LRUCache.disposeAfter (lib/state.js:78:17)

  console.log
    [session-state-tracker] Cache evicted: key-374... (reason: evict)

      at LRUCache.disposeAfter (lib/state.js:78:17)

  console.log
    [session-state-tracker] Cache evicted: key-375... (reason: evict)

      at LRUCache.disposeAfter (lib/state.js:78:17)

  console.log
    [session-state-tracker] Cache evicted: key-376... (reason: evict)

      at LRUCache.disposeAfter (lib/state.js:78:17)

  console.log
    [session-state-tracker] Cache evicted: key-377... (reason: evict)

      at LRUCache.disposeAfter (lib/state.js:78:17)

  console.log
    [session-state-tracker] Cache evicted: key-378... (reason: evict)

      at LRUCache.disposeAfter (lib/state.js:78:17)

  console.log
    [session-state-tracker] Cache evicted: key-379... (reason: evict)

      at LRUCache.disposeAfter (lib/state.js:78:17)

  console.log
    [session-state-tracker] Cache evicted: key-380... (reason: evict)

      at LRUCache.disposeAfter (lib/state.js:78:17)

  console.log
    [session-state-tracker] Cache evicted: key-381... (reason: evict)

      at LRUCache.disposeAfter (lib/state.js:78:17)

  console.log
    [session-state-tracker] Cache evicted: key-382... (reason: evict)

      at LRUCache.disposeAfter (lib/state.js:78:17)

  console.log
    [session-state-tracker] Cache evicted: key-383... (reason: evict)

      at LRUCache.disposeAfter (lib/state.js:78:17)

  console.log
    [session-state-tracker] Cache evicted: key-384... (reason: evict)

      at LRUCache.disposeAfter (lib/state.js:78:17)

  console.log
    [session-state-tracker] Cache evicted: key-385... (reason: evict)

      at LRUCache.disposeAfter (lib/state.js:78:17)

  console.log
    [session-state-tracker] Cache evicted: key-386... (reason: evict)

      at LRUCache.disposeAfter (lib/state.js:78:17)

  console.log
    [session-state-tracker] Cache evicted: key-387... (reason: evict)

      at LRUCache.disposeAfter (lib/state.js:78:17)

  console.log
    [session-state-tracker] Cache evicted: key-388... (reason: evict)

      at LRUCache.disposeAfter (lib/state.js:78:17)

  console.log
    [session-state-tracker] Cache evicted: key-389... (reason: evict)

      at LRUCache.disposeAfter (lib/state.js:78:17)

  console.log
    [session-state-tracker] Cache evicted: key-390... (reason: evict)

      at LRUCache.disposeAfter (lib/state.js:78:17)

  console.log
    [session-state-tracker] Cache evicted: key-391... (reason: evict)

      at LRUCache.disposeAfter (lib/state.js:78:17)

  console.log
    [session-state-tracker] Cache evicted: key-392... (reason: evict)

      at LRUCache.disposeAfter (lib/state.js:78:17)

  console.log
    [session-state-tracker] Cache evicted: key-393... (reason: evict)

      at LRUCache.disposeAfter (lib/state.js:78:17)

  console.log
    [session-state-tracker] Cache evicted: key-394... (reason: evict)

      at LRUCache.disposeAfter (lib/state.js:78:17)

  console.log
    [session-state-tracker] Cache evicted: key-395... (reason: evict)

      at LRUCache.disposeAfter (lib/state.js:78:17)

  console.log
    [session-state-tracker] Cache evicted: key-396... (reason: evict)

      at LRUCache.disposeAfter (lib/state.js:78:17)

  console.log
    [session-state-tracker] Cache evicted: key-397... (reason: evict)

      at LRUCache.disposeAfter (lib/state.js:78:17)

  console.log
    [session-state-tracker] Cache evicted: key-398... (reason: evict)

      at LRUCache.disposeAfter (lib/state.js:78:17)

  console.log
    [session-state-tracker] Cache evicted: key-399... (reason: evict)

      at LRUCache.disposeAfter (lib/state.js:78:17)

  console.log
    [session-state-tracker] Cache evicted: key-400... (reason: evict)

      at LRUCache.disposeAfter (lib/state.js:78:17)

  console.log
    [session-state-tracker] Cache evicted: key-401... (reason: evict)

      at LRUCache.disposeAfter (lib/state.js:78:17)

  console.log
    [session-state-tracker] Cache evicted: key-402... (reason: evict)

      at LRUCache.disposeAfter (lib/state.js:78:17)

  console.log
    [session-state-tracker] Cache evicted: key-403... (reason: evict)

      at LRUCache.disposeAfter (lib/state.js:78:17)

  console.log
    [session-state-tracker] Cache evicted: key-404... (reason: evict)

      at LRUCache.disposeAfter (lib/state.js:78:17)

  console.log
    [session-state-tracker] Cache evicted: key-405... (reason: evict)

      at LRUCache.disposeAfter (lib/state.js:78:17)

  console.log
    [session-state-tracker] Cache evicted: key-406... (reason: evict)

      at LRUCache.disposeAfter (lib/state.js:78:17)

  console.log
    [session-state-tracker] Cache evicted: key-407... (reason: evict)

      at LRUCache.disposeAfter (lib/state.js:78:17)

  console.log
    [session-state-tracker] Cache evicted: key-408... (reason: evict)

      at LRUCache.disposeAfter (lib/state.js:78:17)

  console.log
    [session-state-tracker] Cache evicted: key-409... (reason: evict)

      at LRUCache.disposeAfter (lib/state.js:78:17)

  console.log
    [session-state-tracker] Cache evicted: key-410... (reason: evict)

      at LRUCache.disposeAfter (lib/state.js:78:17)

  console.log
    [session-state-tracker] Cache evicted: key-411... (reason: evict)

      at LRUCache.disposeAfter (lib/state.js:78:17)

  console.log
    [session-state-tracker] Cache evicted: key-412... (reason: evict)

      at LRUCache.disposeAfter (lib/state.js:78:17)

  console.log
    [session-state-tracker] Cache evicted: key-413... (reason: evict)

      at LRUCache.disposeAfter (lib/state.js:78:17)

  console.log
    [session-state-tracker] Cache evicted: key-414... (reason: evict)

      at LRUCache.disposeAfter (lib/state.js:78:17)

  console.log
    [session-state-tracker] Cache evicted: key-415... (reason: evict)

      at LRUCache.disposeAfter (lib/state.js:78:17)

  console.log
    [session-state-tracker] Cache evicted: key-416... (reason: evict)

      at LRUCache.disposeAfter (lib/state.js:78:17)

  console.log
    [session-state-tracker] Cache evicted: key-417... (reason: evict)

      at LRUCache.disposeAfter (lib/state.js:78:17)

  console.log
    [session-state-tracker] Cache evicted: key-418... (reason: evict)

      at LRUCache.disposeAfter (lib/state.js:78:17)

  console.log
    [session-state-tracker] Cache evicted: key-419... (reason: evict)

      at LRUCache.disposeAfter (lib/state.js:78:17)

  console.log
    [session-state-tracker] Cache evicted: key-420... (reason: evict)

      at LRUCache.disposeAfter (lib/state.js:78:17)

  console.log
    [session-state-tracker] Cache evicted: key-421... (reason: evict)

      at LRUCache.disposeAfter (lib/state.js:78:17)

  console.log
    [session-state-tracker] Cache evicted: key-422... (reason: evict)

      at LRUCache.disposeAfter (lib/state.js:78:17)

  console.log
    [session-state-tracker] Cache evicted: key-423... (reason: evict)

      at LRUCache.disposeAfter (lib/state.js:78:17)

  console.log
    [session-state-tracker] Cache evicted: key-424... (reason: evict)

      at LRUCache.disposeAfter (lib/state.js:78:17)

  console.log
    [session-state-tracker] Cache evicted: key-425... (reason: evict)

      at LRUCache.disposeAfter (lib/state.js:78:17)

  console.log
    [session-state-tracker] Cache evicted: key-426... (reason: evict)

      at LRUCache.disposeAfter (lib/state.js:78:17)

  console.log
    [session-state-tracker] Cache evicted: key-427... (reason: evict)

      at LRUCache.disposeAfter (lib/state.js:78:17)

  console.log
    [session-state-tracker] Cache evicted: key-428... (reason: evict)

      at LRUCache.disposeAfter (lib/state.js:78:17)

  console.log
    [session-state-tracker] Cache evicted: key-429... (reason: evict)

      at LRUCache.disposeAfter (lib/state.js:78:17)

  console.log
    [session-state-tracker] Cache evicted: key-430... (reason: evict)

      at LRUCache.disposeAfter (lib/state.js:78:17)

  console.log
    [session-state-tracker] Cache evicted: key-431... (reason: evict)

      at LRUCache.disposeAfter (lib/state.js:78:17)

  console.log
    [session-state-tracker] Cache evicted: key-432... (reason: evict)

      at LRUCache.disposeAfter (lib/state.js:78:17)

  console.log
    [session-state-tracker] Cache evicted: key-433... (reason: evict)

      at LRUCache.disposeAfter (lib/state.js:78:17)

  console.log
    [session-state-tracker] Cache evicted: key-434... (reason: evict)

      at LRUCache.disposeAfter (lib/state.js:78:17)

  console.log
    [session-state-tracker] Cache evicted: key-435... (reason: evict)

      at LRUCache.disposeAfter (lib/state.js:78:17)

  console.log
    [session-state-tracker] Cache evicted: key-436... (reason: evict)

      at LRUCache.disposeAfter (lib/state.js:78:17)

  console.log
    [session-state-tracker] Cache evicted: key-437... (reason: evict)

      at LRUCache.disposeAfter (lib/state.js:78:17)

  console.log
    [session-state-tracker] Cache evicted: key-438... (reason: evict)

      at LRUCache.disposeAfter (lib/state.js:78:17)

  console.log
    [session-state-tracker] Cache evicted: key-439... (reason: evict)

      at LRUCache.disposeAfter (lib/state.js:78:17)

  console.log
    [session-state-tracker] Cache evicted: key-440... (reason: evict)

      at LRUCache.disposeAfter (lib/state.js:78:17)

  console.log
    [session-state-tracker] Cache evicted: key-441... (reason: evict)

      at LRUCache.disposeAfter (lib/state.js:78:17)

  console.log
    [session-state-tracker] Cache evicted: key-442... (reason: evict)

      at LRUCache.disposeAfter (lib/state.js:78:17)

  console.log
    [session-state-tracker] Cache evicted: key-443... (reason: evict)

      at LRUCache.disposeAfter (lib/state.js:78:17)

  console.log
    [session-state-tracker] Cache evicted: key-444... (reason: evict)

      at LRUCache.disposeAfter (lib/state.js:78:17)

  console.log
    [session-state-tracker] Cache evicted: key-445... (reason: evict)

      at LRUCache.disposeAfter (lib/state.js:78:17)

  console.log
    [session-state-tracker] Cache evicted: key-446... (reason: evict)

      at LRUCache.disposeAfter (lib/state.js:78:17)

  console.log
    [session-state-tracker] Cache evicted: key-447... (reason: evict)

      at LRUCache.disposeAfter (lib/state.js:78:17)

  console.log
    [session-state-tracker] Cache evicted: key-448... (reason: evict)

      at LRUCache.disposeAfter (lib/state.js:78:17)

  console.log
    [session-state-tracker] Cache evicted: key-449... (reason: evict)

      at LRUCache.disposeAfter (lib/state.js:78:17)

  console.log
    [session-state-tracker] Cache evicted: key-450... (reason: evict)

      at LRUCache.disposeAfter (lib/state.js:78:17)

  console.log
    [session-state-tracker] Cache evicted: key-451... (reason: evict)

      at LRUCache.disposeAfter (lib/state.js:78:17)

  console.log
    [session-state-tracker] Cache evicted: key-452... (reason: evict)

      at LRUCache.disposeAfter (lib/state.js:78:17)

  console.log
    [session-state-tracker] Cache evicted: key-453... (reason: evict)

      at LRUCache.disposeAfter (lib/state.js:78:17)

  console.log
    [session-state-tracker] Cache evicted: key-454... (reason: evict)

      at LRUCache.disposeAfter (lib/state.js:78:17)

  console.log
    [session-state-tracker] Cache evicted: key-455... (reason: evict)

      at LRUCache.disposeAfter (lib/state.js:78:17)

  console.log
    [session-state-tracker] Cache evicted: key-456... (reason: evict)

      at LRUCache.disposeAfter (lib/state.js:78:17)

  console.log
    [session-state-tracker] Cache evicted: key-457... (reason: evict)

      at LRUCache.disposeAfter (lib/state.js:78:17)

  console.log
    [session-state-tracker] Cache evicted: key-458... (reason: evict)

      at LRUCache.disposeAfter (lib/state.js:78:17)

  console.log
    [session-state-tracker] Cache evicted: key-459... (reason: evict)

      at LRUCache.disposeAfter (lib/state.js:78:17)

  console.log
    [session-state-tracker] Cache evicted: key-460... (reason: evict)

      at LRUCache.disposeAfter (lib/state.js:78:17)

  console.log
    [session-state-tracker] Cache evicted: key-461... (reason: evict)

      at LRUCache.disposeAfter (lib/state.js:78:17)

  console.log
    [session-state-tracker] Cache evicted: key-462... (reason: evict)

      at LRUCache.disposeAfter (lib/state.js:78:17)

  console.log
    [session-state-tracker] Cache evicted: key-463... (reason: evict)

      at LRUCache.disposeAfter (lib/state.js:78:17)

  console.log
    [session-state-tracker] Cache evicted: key-464... (reason: evict)

      at LRUCache.disposeAfter (lib/state.js:78:17)

  console.log
    [session-state-tracker] Cache evicted: key-465... (reason: evict)

      at LRUCache.disposeAfter (lib/state.js:78:17)

  console.log
    [session-state-tracker] Cache evicted: key-466... (reason: evict)

      at LRUCache.disposeAfter (lib/state.js:78:17)

  console.log
    [session-state-tracker] Cache evicted: key-467... (reason: evict)

      at LRUCache.disposeAfter (lib/state.js:78:17)

  console.log
    [session-state-tracker] Cache evicted: key-468... (reason: evict)

      at LRUCache.disposeAfter (lib/state.js:78:17)

  console.log
    [session-state-tracker] Cache evicted: key-469... (reason: evict)

      at LRUCache.disposeAfter (lib/state.js:78:17)

  console.log
    [session-state-tracker] Cache evicted: key-470... (reason: evict)

      at LRUCache.disposeAfter (lib/state.js:78:17)

  console.log
    [session-state-tracker] Cache evicted: key-471... (reason: evict)

      at LRUCache.disposeAfter (lib/state.js:78:17)

  console.log
    [session-state-tracker] Cache evicted: key-472... (reason: evict)

      at LRUCache.disposeAfter (lib/state.js:78:17)

  console.log
    [session-state-tracker] Cache evicted: key-473... (reason: evict)

      at LRUCache.disposeAfter (lib/state.js:78:17)

  console.log
    [session-state-tracker] Cache evicted: key-474... (reason: evict)

      at LRUCache.disposeAfter (lib/state.js:78:17)

  console.log
    [session-state-tracker] Cache evicted: key-475... (reason: evict)

      at LRUCache.disposeAfter (lib/state.js:78:17)

  console.log
    [session-state-tracker] Cache evicted: key-476... (reason: evict)

      at LRUCache.disposeAfter (lib/state.js:78:17)

  console.log
    [session-state-tracker] Cache evicted: key-477... (reason: evict)

      at LRUCache.disposeAfter (lib/state.js:78:17)

  console.log
    [session-state-tracker] Cache evicted: key-478... (reason: evict)

      at LRUCache.disposeAfter (lib/state.js:78:17)

  console.log
    [session-state-tracker] Cache evicted: key-479... (reason: evict)

      at LRUCache.disposeAfter (lib/state.js:78:17)

  console.log
    [session-state-tracker] Cache evicted: key-480... (reason: evict)

      at LRUCache.disposeAfter (lib/state.js:78:17)

  console.log
    [session-state-tracker] Cache evicted: key-481... (reason: evict)

      at LRUCache.disposeAfter (lib/state.js:78:17)

  console.log
    [session-state-tracker] Cache evicted: key-482... (reason: evict)

      at LRUCache.disposeAfter (lib/state.js:78:17)

  console.log
    [session-state-tracker] Cache evicted: key-483... (reason: evict)

      at LRUCache.disposeAfter (lib/state.js:78:17)

  console.log
    [session-state-tracker] Cache evicted: key-484... (reason: evict)

      at LRUCache.disposeAfter (lib/state.js:78:17)

  console.log
    [session-state-tracker] Cache evicted: key-485... (reason: evict)

      at LRUCache.disposeAfter (lib/state.js:78:17)

  console.log
    [session-state-tracker] Cache evicted: key-486... (reason: evict)

      at LRUCache.disposeAfter (lib/state.js:78:17)

  console.log
    [session-state-tracker] Cache evicted: key-487... (reason: evict)

      at LRUCache.disposeAfter (lib/state.js:78:17)

  console.log
    [session-state-tracker] Cache evicted: key-488... (reason: evict)

      at LRUCache.disposeAfter (lib/state.js:78:17)

  console.log
    [session-state-tracker] Cache evicted: key-489... (reason: evict)

      at LRUCache.disposeAfter (lib/state.js:78:17)

  console.log
    [session-state-tracker] Cache evicted: key-490... (reason: evict)

      at LRUCache.disposeAfter (lib/state.js:78:17)

  console.log
    [session-state-tracker] Cache evicted: key-491... (reason: evict)

      at LRUCache.disposeAfter (lib/state.js:78:17)

  console.log
    [session-state-tracker] Cache evicted: key-492... (reason: evict)

      at LRUCache.disposeAfter (lib/state.js:78:17)

  console.log
    [session-state-tracker] Cache evicted: key-493... (reason: evict)

      at LRUCache.disposeAfter (lib/state.js:78:17)

  console.log
    [session-state-tracker] Cache evicted: key-494... (reason: evict)

      at LRUCache.disposeAfter (lib/state.js:78:17)

  console.log
    [session-state-tracker] Cache evicted: key-495... (reason: evict)

      at LRUCache.disposeAfter (lib/state.js:78:17)

  console.log
    [session-state-tracker] Cache evicted: key-496... (reason: evict)

      at LRUCache.disposeAfter (lib/state.js:78:17)

  console.log
    [session-state-tracker] Cache evicted: key-497... (reason: evict)

      at LRUCache.disposeAfter (lib/state.js:78:17)

  console.log
    [session-state-tracker] Cache evicted: key-498... (reason: evict)

      at LRUCache.disposeAfter (lib/state.js:78:17)

  console.log
    [session-state-tracker] Cache evicted: key-499... (reason: evict)

      at LRUCache.disposeAfter (lib/state.js:78:17)

  console.log
    [session-state-tracker] Cache evicted: key-500... (reason: evict)

      at LRUCache.disposeAfter (lib/state.js:78:17)

  console.log
    [session-state-tracker] Cache evicted: key-501... (reason: evict)

      at LRUCache.disposeAfter (lib/state.js:78:17)

  console.log
    [session-state-tracker] Cache evicted: key-502... (reason: evict)

      at LRUCache.disposeAfter (lib/state.js:78:17)

  console.log
    [session-state-tracker] Cache evicted: key-503... (reason: evict)

      at LRUCache.disposeAfter (lib/state.js:78:17)

  console.log
    [session-state-tracker] Cache evicted: key-504... (reason: evict)

      at LRUCache.disposeAfter (lib/state.js:78:17)

  console.log
    [session-state-tracker] Cache evicted: key-505... (reason: evict)

      at LRUCache.disposeAfter (lib/state.js:78:17)

  console.log
    [session-state-tracker] Cache evicted: key-506... (reason: evict)

      at LRUCache.disposeAfter (lib/state.js:78:17)

  console.log
    [session-state-tracker] Cache evicted: key-507... (reason: evict)

      at LRUCache.disposeAfter (lib/state.js:78:17)

  console.log
    [session-state-tracker] Cache evicted: key-508... (reason: evict)

      at LRUCache.disposeAfter (lib/state.js:78:17)

  console.log
    [session-state-tracker] Cache evicted: key-509... (reason: evict)

      at LRUCache.disposeAfter (lib/state.js:78:17)

  console.log
    [session-state-tracker] Cache evicted: key-510... (reason: evict)

      at LRUCache.disposeAfter (lib/state.js:78:17)

  console.log
    [session-state-tracker] Cache evicted: key-511... (reason: evict)

      at LRUCache.disposeAfter (lib/state.js:78:17)

  console.log
    [session-state-tracker] Cache evicted: key-512... (reason: evict)

      at LRUCache.disposeAfter (lib/state.js:78:17)

  console.log
    [session-state-tracker] Cache evicted: key-513... (reason: evict)

      at LRUCache.disposeAfter (lib/state.js:78:17)

  console.log
    [session-state-tracker] Cache evicted: key-514... (reason: evict)

      at LRUCache.disposeAfter (lib/state.js:78:17)

  console.log
    [session-state-tracker] Cache evicted: key-515... (reason: evict)

      at LRUCache.disposeAfter (lib/state.js:78:17)

  console.log
    [session-state-tracker] Cache evicted: key-516... (reason: evict)

      at LRUCache.disposeAfter (lib/state.js:78:17)

  console.log
    [session-state-tracker] Cache evicted: key-517... (reason: evict)

      at LRUCache.disposeAfter (lib/state.js:78:17)

  console.log
    [session-state-tracker] Cache evicted: key-518... (reason: evict)

      at LRUCache.disposeAfter (lib/state.js:78:17)

  console.log
    [session-state-tracker] Cache evicted: key-519... (reason: evict)

      at LRUCache.disposeAfter (lib/state.js:78:17)

  console.log
    [session-state-tracker] Cache evicted: key-520... (reason: evict)

      at LRUCache.disposeAfter (lib/state.js:78:17)

  console.log
    [session-state-tracker] Cache evicted: key-521... (reason: evict)

      at LRUCache.disposeAfter (lib/state.js:78:17)

  console.log
    [session-state-tracker] Cache evicted: key-522... (reason: evict)

      at LRUCache.disposeAfter (lib/state.js:78:17)

  console.log
    [session-state-tracker] Cache evicted: key-523... (reason: evict)

      at LRUCache.disposeAfter (lib/state.js:78:17)

  console.log
    [session-state-tracker] Cache evicted: key-524... (reason: evict)

      at LRUCache.disposeAfter (lib/state.js:78:17)

  console.log
    [session-state-tracker] Cache evicted: key-525... (reason: evict)

      at LRUCache.disposeAfter (lib/state.js:78:17)

  console.log
    [session-state-tracker] Cache evicted: key-526... (reason: evict)

      at LRUCache.disposeAfter (lib/state.js:78:17)

  console.log
    [session-state-tracker] Cache evicted: key-527... (reason: evict)

      at LRUCache.disposeAfter (lib/state.js:78:17)

  console.log
    [session-state-tracker] Cache evicted: key-528... (reason: evict)

      at LRUCache.disposeAfter (lib/state.js:78:17)

  console.log
    [session-state-tracker] Cache evicted: key-529... (reason: evict)

      at LRUCache.disposeAfter (lib/state.js:78:17)

  console.log
    [session-state-tracker] Cache evicted: key-530... (reason: evict)

      at LRUCache.disposeAfter (lib/state.js:78:17)

  console.log
    [session-state-tracker] Cache evicted: key-531... (reason: evict)

      at LRUCache.disposeAfter (lib/state.js:78:17)

  console.log
    [session-state-tracker] Cache evicted: key-532... (reason: evict)

      at LRUCache.disposeAfter (lib/state.js:78:17)

  console.log
    [session-state-tracker] Cache evicted: key-533... (reason: evict)

      at LRUCache.disposeAfter (lib/state.js:78:17)

  console.log
    [session-state-tracker] Cache evicted: key-534... (reason: evict)

      at LRUCache.disposeAfter (lib/state.js:78:17)

  console.log
    [session-state-tracker] Cache evicted: key-535... (reason: evict)

      at LRUCache.disposeAfter (lib/state.js:78:17)

  console.log
    [session-state-tracker] Cache evicted: key-536... (reason: evict)

      at LRUCache.disposeAfter (lib/state.js:78:17)

  console.log
    [session-state-tracker] Cache evicted: key-537... (reason: evict)

      at LRUCache.disposeAfter (lib/state.js:78:17)

  console.log
    [session-state-tracker] Cache evicted: key-538... (reason: evict)

      at LRUCache.disposeAfter (lib/state.js:78:17)

  console.log
    [session-state-tracker] Cache evicted: key-539... (reason: evict)

      at LRUCache.disposeAfter (lib/state.js:78:17)

  console.log
    [session-state-tracker] Cache evicted: key-540... (reason: evict)

      at LRUCache.disposeAfter (lib/state.js:78:17)

  console.log
    [session-state-tracker] Cache evicted: key-541... (reason: evict)

      at LRUCache.disposeAfter (lib/state.js:78:17)

  console.log
    [session-state-tracker] Cache evicted: key-542... (reason: evict)

      at LRUCache.disposeAfter (lib/state.js:78:17)

  console.log
    [session-state-tracker] Cache evicted: key-543... (reason: evict)

      at LRUCache.disposeAfter (lib/state.js:78:17)

  console.log
    [session-state-tracker] Cache evicted: key-544... (reason: evict)

      at LRUCache.disposeAfter (lib/state.js:78:17)

  console.log
    [session-state-tracker] Cache evicted: key-545... (reason: evict)

      at LRUCache.disposeAfter (lib/state.js:78:17)

  console.log
    [session-state-tracker] Cache evicted: key-546... (reason: evict)

      at LRUCache.disposeAfter (lib/state.js:78:17)

  console.log
    [session-state-tracker] Cache evicted: key-547... (reason: evict)

      at LRUCache.disposeAfter (lib/state.js:78:17)

  console.log
    [session-state-tracker] Cache evicted: key-548... (reason: evict)

      at LRUCache.disposeAfter (lib/state.js:78:17)

  console.log
    [session-state-tracker] Cache evicted: key-549... (reason: evict)

      at LRUCache.disposeAfter (lib/state.js:78:17)

  console.log
    [session-state-tracker] Cache evicted: key-550... (reason: evict)

      at LRUCache.disposeAfter (lib/state.js:78:17)

  console.log
    [session-state-tracker] Cache evicted: key-551... (reason: evict)

      at LRUCache.disposeAfter (lib/state.js:78:17)

  console.log
    [session-state-tracker] Cache evicted: key-552... (reason: evict)

      at LRUCache.disposeAfter (lib/state.js:78:17)

  console.log
    [session-state-tracker] Cache evicted: key-553... (reason: evict)

      at LRUCache.disposeAfter (lib/state.js:78:17)

  console.log
    [session-state-tracker] Cache evicted: key-554... (reason: evict)

      at LRUCache.disposeAfter (lib/state.js:78:17)

  console.log
    [session-state-tracker] Cache evicted: key-555... (reason: evict)

      at LRUCache.disposeAfter (lib/state.js:78:17)

  console.log
    [session-state-tracker] Cache evicted: key-556... (reason: evict)

      at LRUCache.disposeAfter (lib/state.js:78:17)

  console.log
    [session-state-tracker] Cache evicted: key-557... (reason: evict)

      at LRUCache.disposeAfter (lib/state.js:78:17)

  console.log
    [session-state-tracker] Cache evicted: key-558... (reason: evict)

      at LRUCache.disposeAfter (lib/state.js:78:17)

  console.log
    [session-state-tracker] Cache evicted: key-559... (reason: evict)

      at LRUCache.disposeAfter (lib/state.js:78:17)

  console.log
    [session-state-tracker] Cache evicted: key-560... (reason: evict)

      at LRUCache.disposeAfter (lib/state.js:78:17)

  console.log
    [session-state-tracker] Cache evicted: key-561... (reason: evict)

      at LRUCache.disposeAfter (lib/state.js:78:17)

  console.log
    [session-state-tracker] Cache evicted: key-562... (reason: evict)

      at LRUCache.disposeAfter (lib/state.js:78:17)

  console.log
    [session-state-tracker] Cache evicted: key-563... (reason: evict)

      at LRUCache.disposeAfter (lib/state.js:78:17)

  console.log
    [session-state-tracker] Cache evicted: key-564... (reason: evict)

      at LRUCache.disposeAfter (lib/state.js:78:17)

  console.log
    [session-state-tracker] Cache evicted: key-565... (reason: evict)

      at LRUCache.disposeAfter (lib/state.js:78:17)

  console.log
    [session-state-tracker] Cache evicted: key-566... (reason: evict)

      at LRUCache.disposeAfter (lib/state.js:78:17)

  console.log
    [session-state-tracker] Cache evicted: key-567... (reason: evict)

      at LRUCache.disposeAfter (lib/state.js:78:17)

  console.log
    [session-state-tracker] Cache evicted: key-568... (reason: evict)

      at LRUCache.disposeAfter (lib/state.js:78:17)

  console.log
    [session-state-tracker] Cache evicted: key-569... (reason: evict)

      at LRUCache.disposeAfter (lib/state.js:78:17)

  console.log
    [session-state-tracker] Cache evicted: key-570... (reason: evict)

      at LRUCache.disposeAfter (lib/state.js:78:17)

  console.log
    [session-state-tracker] Cache evicted: key-571... (reason: evict)

      at LRUCache.disposeAfter (lib/state.js:78:17)

  console.log
    [session-state-tracker] Cache evicted: key-572... (reason: evict)

      at LRUCache.disposeAfter (lib/state.js:78:17)

  console.log
    [session-state-tracker] Cache evicted: key-573... (reason: evict)

      at LRUCache.disposeAfter (lib/state.js:78:17)

  console.log
    [session-state-tracker] Cache evicted: key-574... (reason: evict)

      at LRUCache.disposeAfter (lib/state.js:78:17)

  console.log
    [session-state-tracker] Cache evicted: key-575... (reason: evict)

      at LRUCache.disposeAfter (lib/state.js:78:17)

  console.log
    [session-state-tracker] Cache evicted: key-576... (reason: evict)

      at LRUCache.disposeAfter (lib/state.js:78:17)

  console.log
    [session-state-tracker] Cache evicted: key-577... (reason: evict)

      at LRUCache.disposeAfter (lib/state.js:78:17)

  console.log
    [session-state-tracker] Cache evicted: key-578... (reason: evict)

      at LRUCache.disposeAfter (lib/state.js:78:17)

  console.log
    [session-state-tracker] Cache evicted: key-579... (reason: evict)

      at LRUCache.disposeAfter (lib/state.js:78:17)

  console.log
    [session-state-tracker] Cache evicted: key-580... (reason: evict)

      at LRUCache.disposeAfter (lib/state.js:78:17)

  console.log
    [session-state-tracker] Cache evicted: key-581... (reason: evict)

      at LRUCache.disposeAfter (lib/state.js:78:17)

  console.log
    [session-state-tracker] Cache evicted: key-582... (reason: evict)

      at LRUCache.disposeAfter (lib/state.js:78:17)

  console.log
    [session-state-tracker] Cache evicted: key-583... (reason: evict)

      at LRUCache.disposeAfter (lib/state.js:78:17)

  console.log
    [session-state-tracker] Cache evicted: key-584... (reason: evict)

      at LRUCache.disposeAfter (lib/state.js:78:17)

  console.log
    [session-state-tracker] Cache evicted: key-585... (reason: evict)

      at LRUCache.disposeAfter (lib/state.js:78:17)

  console.log
    [session-state-tracker] Cache evicted: key-586... (reason: evict)

      at LRUCache.disposeAfter (lib/state.js:78:17)

  console.log
    [session-state-tracker] Cache evicted: key-587... (reason: evict)

      at LRUCache.disposeAfter (lib/state.js:78:17)

  console.log
    [session-state-tracker] Cache evicted: key-588... (reason: evict)

      at LRUCache.disposeAfter (lib/state.js:78:17)

  console.log
    [session-state-tracker] Cache evicted: key-589... (reason: evict)

      at LRUCache.disposeAfter (lib/state.js:78:17)

  console.log
    [session-state-tracker] Cache evicted: key-590... (reason: evict)

      at LRUCache.disposeAfter (lib/state.js:78:17)

  console.log
    [session-state-tracker] Cache evicted: key-591... (reason: evict)

      at LRUCache.disposeAfter (lib/state.js:78:17)

  console.log
    [session-state-tracker] Cache evicted: key-592... (reason: evict)

      at LRUCache.disposeAfter (lib/state.js:78:17)

  console.log
    [session-state-tracker] Cache evicted: key-593... (reason: evict)

      at LRUCache.disposeAfter (lib/state.js:78:17)

  console.log
    [session-state-tracker] Cache evicted: key-594... (reason: evict)

      at LRUCache.disposeAfter (lib/state.js:78:17)

  console.log
    [session-state-tracker] Cache evicted: key-595... (reason: evict)

      at LRUCache.disposeAfter (lib/state.js:78:17)

  console.log
    [session-state-tracker] Cache evicted: key-596... (reason: evict)

      at LRUCache.disposeAfter (lib/state.js:78:17)

  console.log
    [session-state-tracker] Cache evicted: key-597... (reason: evict)

      at LRUCache.disposeAfter (lib/state.js:78:17)

  console.log
    [session-state-tracker] Cache evicted: key-598... (reason: evict)

      at LRUCache.disposeAfter (lib/state.js:78:17)

  console.log
    [session-state-tracker] Cache evicted: key-599... (reason: evict)

      at LRUCache.disposeAfter (lib/state.js:78:17)

  console.log
    [session-state-tracker] Cache evicted: key-600... (reason: evict)

      at LRUCache.disposeAfter (lib/state.js:78:17)

  console.log
    [session-state-tracker] Cache evicted: key-601... (reason: evict)

      at LRUCache.disposeAfter (lib/state.js:78:17)

  console.log
    [session-state-tracker] Cache evicted: key-602... (reason: evict)

      at LRUCache.disposeAfter (lib/state.js:78:17)

  console.log
    [session-state-tracker] Cache evicted: key-603... (reason: evict)

      at LRUCache.disposeAfter (lib/state.js:78:17)

  console.log
    [session-state-tracker] Cache evicted: key-604... (reason: evict)

      at LRUCache.disposeAfter (lib/state.js:78:17)

  console.log
    [session-state-tracker] Cache evicted: key-605... (reason: evict)

      at LRUCache.disposeAfter (lib/state.js:78:17)

  console.log
    [session-state-tracker] Cache evicted: key-606... (reason: evict)

      at LRUCache.disposeAfter (lib/state.js:78:17)

  console.log
    [session-state-tracker] Cache evicted: key-607... (reason: evict)

      at LRUCache.disposeAfter (lib/state.js:78:17)

  console.log
    [session-state-tracker] Cache evicted: key-608... (reason: evict)

      at LRUCache.disposeAfter (lib/state.js:78:17)

  console.log
    [session-state-tracker] Cache evicted: key-609... (reason: evict)

      at LRUCache.disposeAfter (lib/state.js:78:17)

  console.log
    [session-state-tracker] Cache evicted: key-610... (reason: evict)

      at LRUCache.disposeAfter (lib/state.js:78:17)

  console.log
    [session-state-tracker] Cache evicted: key-611... (reason: evict)

      at LRUCache.disposeAfter (lib/state.js:78:17)

  console.log
    [session-state-tracker] Cache evicted: key-612... (reason: evict)

      at LRUCache.disposeAfter (lib/state.js:78:17)

  console.log
    [session-state-tracker] Cache evicted: key-613... (reason: evict)

      at LRUCache.disposeAfter (lib/state.js:78:17)

  console.log
    [session-state-tracker] Cache evicted: key-614... (reason: evict)

      at LRUCache.disposeAfter (lib/state.js:78:17)

  console.log
    [session-state-tracker] Cache evicted: key-615... (reason: evict)

      at LRUCache.disposeAfter (lib/state.js:78:17)

  console.log
    [session-state-tracker] Cache evicted: key-616... (reason: evict)

      at LRUCache.disposeAfter (lib/state.js:78:17)

  console.log
    [session-state-tracker] Cache evicted: key-617... (reason: evict)

      at LRUCache.disposeAfter (lib/state.js:78:17)

  console.log
    [session-state-tracker] Cache evicted: key-618... (reason: evict)

      at LRUCache.disposeAfter (lib/state.js:78:17)

  console.log
    [session-state-tracker] Cache evicted: key-619... (reason: evict)

      at LRUCache.disposeAfter (lib/state.js:78:17)

  console.log
    [session-state-tracker] Cache evicted: key-620... (reason: evict)

      at LRUCache.disposeAfter (lib/state.js:78:17)

  console.log
    [session-state-tracker] Cache evicted: key-621... (reason: evict)

      at LRUCache.disposeAfter (lib/state.js:78:17)

  console.log
    [session-state-tracker] Cache evicted: key-622... (reason: evict)

      at LRUCache.disposeAfter (lib/state.js:78:17)

  console.log
    [session-state-tracker] Cache evicted: key-623... (reason: evict)

      at LRUCache.disposeAfter (lib/state.js:78:17)

  console.log
    [session-state-tracker] Cache evicted: key-624... (reason: evict)

      at LRUCache.disposeAfter (lib/state.js:78:17)

  console.log
    [session-state-tracker] Cache evicted: key-625... (reason: evict)

      at LRUCache.disposeAfter (lib/state.js:78:17)

  console.log
    [session-state-tracker] Cache evicted: key-626... (reason: evict)

      at LRUCache.disposeAfter (lib/state.js:78:17)

  console.log
    [session-state-tracker] Cache evicted: key-627... (reason: evict)

      at LRUCache.disposeAfter (lib/state.js:78:17)

  console.log
    [session-state-tracker] Cache evicted: key-628... (reason: evict)

      at LRUCache.disposeAfter (lib/state.js:78:17)

  console.log
    [session-state-tracker] Cache evicted: key-629... (reason: evict)

      at LRUCache.disposeAfter (lib/state.js:78:17)

  console.log
    [session-state-tracker] Cache evicted: key-630... (reason: evict)

      at LRUCache.disposeAfter (lib/state.js:78:17)

  console.log
    [session-state-tracker] Cache evicted: key-631... (reason: evict)

      at LRUCache.disposeAfter (lib/state.js:78:17)

  console.log
    [session-state-tracker] Cache evicted: key-632... (reason: evict)

      at LRUCache.disposeAfter (lib/state.js:78:17)

  console.log
    [session-state-tracker] Cache evicted: key-633... (reason: evict)

      at LRUCache.disposeAfter (lib/state.js:78:17)

  console.log
    [session-state-tracker] Cache evicted: key-634... (reason: evict)

      at LRUCache.disposeAfter (lib/state.js:78:17)

  console.log
    [session-state-tracker] Cache evicted: key-635... (reason: evict)

      at LRUCache.disposeAfter (lib/state.js:78:17)

  console.log
    [session-state-tracker] Cache evicted: key-636... (reason: evict)

      at LRUCache.disposeAfter (lib/state.js:78:17)

  console.log
    [session-state-tracker] Cache evicted: key-637... (reason: evict)

      at LRUCache.disposeAfter (lib/state.js:78:17)

  console.log
    [session-state-tracker] Cache evicted: key-638... (reason: evict)

      at LRUCache.disposeAfter (lib/state.js:78:17)

  console.log
    [session-state-tracker] Cache evicted: key-639... (reason: evict)

      at LRUCache.disposeAfter (lib/state.js:78:17)

  console.log
    [session-state-tracker] Cache evicted: key-640... (reason: evict)

      at LRUCache.disposeAfter (lib/state.js:78:17)

  console.log
    [session-state-tracker] Cache evicted: key-641... (reason: evict)

      at LRUCache.disposeAfter (lib/state.js:78:17)

  console.log
    [session-state-tracker] Cache evicted: key-642... (reason: evict)

      at LRUCache.disposeAfter (lib/state.js:78:17)

  console.log
    [session-state-tracker] Cache evicted: key-643... (reason: evict)

      at LRUCache.disposeAfter (lib/state.js:78:17)

  console.log
    [session-state-tracker] Cache evicted: key-644... (reason: evict)

      at LRUCache.disposeAfter (lib/state.js:78:17)

  console.log
    [session-state-tracker] Cache evicted: key-645... (reason: evict)

      at LRUCache.disposeAfter (lib/state.js:78:17)

  console.log
    [session-state-tracker] Cache evicted: key-646... (reason: evict)

      at LRUCache.disposeAfter (lib/state.js:78:17)

  console.log
    [session-state-tracker] Cache evicted: key-647... (reason: evict)

      at LRUCache.disposeAfter (lib/state.js:78:17)

  console.log
    [session-state-tracker] Cache evicted: key-648... (reason: evict)

      at LRUCache.disposeAfter (lib/state.js:78:17)

  console.log
    [session-state-tracker] Cache evicted: key-649... (reason: evict)

      at LRUCache.disposeAfter (lib/state.js:78:17)

  console.log
    [session-state-tracker] Cache evicted: key-650... (reason: evict)

      at LRUCache.disposeAfter (lib/state.js:78:17)

  console.log
    [session-state-tracker] Cache evicted: key-651... (reason: evict)

      at LRUCache.disposeAfter (lib/state.js:78:17)

  console.log
    [session-state-tracker] Cache evicted: key-652... (reason: evict)

      at LRUCache.disposeAfter (lib/state.js:78:17)

  console.log
    [session-state-tracker] Cache evicted: key-653... (reason: evict)

      at LRUCache.disposeAfter (lib/state.js:78:17)

  console.log
    [session-state-tracker] Cache evicted: key-654... (reason: evict)

      at LRUCache.disposeAfter (lib/state.js:78:17)

  console.log
    [session-state-tracker] Cache evicted: key-655... (reason: evict)

      at LRUCache.disposeAfter (lib/state.js:78:17)

  console.log
    [session-state-tracker] Cache evicted: key-656... (reason: evict)

      at LRUCache.disposeAfter (lib/state.js:78:17)

  console.log
    [session-state-tracker] Cache evicted: key-657... (reason: evict)

      at LRUCache.disposeAfter (lib/state.js:78:17)

  console.log
    [session-state-tracker] Cache evicted: key-658... (reason: evict)

      at LRUCache.disposeAfter (lib/state.js:78:17)

  console.log
    [session-state-tracker] Cache evicted: key-659... (reason: evict)

      at LRUCache.disposeAfter (lib/state.js:78:17)

  console.log
    [session-state-tracker] Cache evicted: key-660... (reason: evict)

      at LRUCache.disposeAfter (lib/state.js:78:17)

  console.log
    [session-state-tracker] Cache evicted: key-661... (reason: evict)

      at LRUCache.disposeAfter (lib/state.js:78:17)

  console.log
    [session-state-tracker] Cache evicted: key-662... (reason: evict)

      at LRUCache.disposeAfter (lib/state.js:78:17)

  console.log
    [session-state-tracker] Cache evicted: key-663... (reason: evict)

      at LRUCache.disposeAfter (lib/state.js:78:17)

  console.log
    [session-state-tracker] Cache evicted: key-664... (reason: evict)

      at LRUCache.disposeAfter (lib/state.js:78:17)

  console.log
    [session-state-tracker] Cache evicted: key-665... (reason: evict)

      at LRUCache.disposeAfter (lib/state.js:78:17)

  console.log
    [session-state-tracker] Cache evicted: key-666... (reason: evict)

      at LRUCache.disposeAfter (lib/state.js:78:17)

  console.log
    [session-state-tracker] Cache evicted: key-667... (reason: evict)

      at LRUCache.disposeAfter (lib/state.js:78:17)

  console.log
    [session-state-tracker] Cache evicted: key-668... (reason: evict)

      at LRUCache.disposeAfter (lib/state.js:78:17)

  console.log
    [session-state-tracker] Cache evicted: key-669... (reason: evict)

      at LRUCache.disposeAfter (lib/state.js:78:17)

  console.log
    [session-state-tracker] Cache evicted: key-670... (reason: evict)

      at LRUCache.disposeAfter (lib/state.js:78:17)

  console.log
    [session-state-tracker] Cache evicted: key-671... (reason: evict)

      at LRUCache.disposeAfter (lib/state.js:78:17)

  console.log
    [session-state-tracker] Cache evicted: key-672... (reason: evict)

      at LRUCache.disposeAfter (lib/state.js:78:17)

  console.log
    [session-state-tracker] Cache evicted: key-673... (reason: evict)

      at LRUCache.disposeAfter (lib/state.js:78:17)

  console.log
    [session-state-tracker] Cache evicted: key-674... (reason: evict)

      at LRUCache.disposeAfter (lib/state.js:78:17)

  console.log
    [session-state-tracker] Cache evicted: key-675... (reason: evict)

      at LRUCache.disposeAfter (lib/state.js:78:17)

  console.log
    [session-state-tracker] Cache evicted: key-676... (reason: evict)

      at LRUCache.disposeAfter (lib/state.js:78:17)

  console.log
    [session-state-tracker] Cache evicted: key-677... (reason: evict)

      at LRUCache.disposeAfter (lib/state.js:78:17)

  console.log
    [session-state-tracker] Cache evicted: key-678... (reason: evict)

      at LRUCache.disposeAfter (lib/state.js:78:17)

  console.log
    [session-state-tracker] Cache evicted: key-679... (reason: evict)

      at LRUCache.disposeAfter (lib/state.js:78:17)

  console.log
    [session-state-tracker] Cache evicted: key-680... (reason: evict)

      at LRUCache.disposeAfter (lib/state.js:78:17)

  console.log
    [session-state-tracker] Cache evicted: key-681... (reason: evict)

      at LRUCache.disposeAfter (lib/state.js:78:17)

  console.log
    [session-state-tracker] Cache evicted: key-682... (reason: evict)

      at LRUCache.disposeAfter (lib/state.js:78:17)

  console.log
    [session-state-tracker] Cache evicted: key-683... (reason: evict)

      at LRUCache.disposeAfter (lib/state.js:78:17)

  console.log
    [session-state-tracker] Cache evicted: key-684... (reason: evict)

      at LRUCache.disposeAfter (lib/state.js:78:17)

  console.log
    [session-state-tracker] Cache evicted: key-685... (reason: evict)

      at LRUCache.disposeAfter (lib/state.js:78:17)

  console.log
    [session-state-tracker] Cache evicted: key-686... (reason: evict)

      at LRUCache.disposeAfter (lib/state.js:78:17)

  console.log
    [session-state-tracker] Cache evicted: key-687... (reason: evict)

      at LRUCache.disposeAfter (lib/state.js:78:17)

  console.log
    [session-state-tracker] Cache evicted: key-688... (reason: evict)

      at LRUCache.disposeAfter (lib/state.js:78:17)

  console.log
    [session-state-tracker] Cache evicted: key-689... (reason: evict)

      at LRUCache.disposeAfter (lib/state.js:78:17)

  console.log
    [session-state-tracker] Cache evicted: key-690... (reason: evict)

      at LRUCache.disposeAfter (lib/state.js:78:17)

  console.log
    [session-state-tracker] Cache evicted: key-691... (reason: evict)

      at LRUCache.disposeAfter (lib/state.js:78:17)

  console.log
    [session-state-tracker] Cache evicted: key-692... (reason: evict)

      at LRUCache.disposeAfter (lib/state.js:78:17)

  console.log
    [session-state-tracker] Cache evicted: key-693... (reason: evict)

      at LRUCache.disposeAfter (lib/state.js:78:17)

  console.log
    [session-state-tracker] Cache evicted: key-694... (reason: evict)

      at LRUCache.disposeAfter (lib/state.js:78:17)

  console.log
    [session-state-tracker] Cache evicted: key-695... (reason: evict)

      at LRUCache.disposeAfter (lib/state.js:78:17)

  console.log
    [session-state-tracker] Cache evicted: key-696... (reason: evict)

      at LRUCache.disposeAfter (lib/state.js:78:17)

  console.log
    [session-state-tracker] Cache evicted: key-697... (reason: evict)

      at LRUCache.disposeAfter (lib/state.js:78:17)

  console.log
    [session-state-tracker] Cache evicted: key-698... (reason: evict)

      at LRUCache.disposeAfter (lib/state.js:78:17)

  console.log
    [session-state-tracker] Cache evicted: key-699... (reason: evict)

      at LRUCache.disposeAfter (lib/state.js:78:17)

  console.log
    [session-state-tracker] Cache evicted: key-700... (reason: evict)

      at LRUCache.disposeAfter (lib/state.js:78:17)

  console.log
    [session-state-tracker] Cache evicted: key-701... (reason: evict)

      at LRUCache.disposeAfter (lib/state.js:78:17)

  console.log
    [session-state-tracker] Cache evicted: key-702... (reason: evict)

      at LRUCache.disposeAfter (lib/state.js:78:17)

  console.log
    [session-state-tracker] Cache evicted: key-703... (reason: evict)

      at LRUCache.disposeAfter (lib/state.js:78:17)

  console.log
    [session-state-tracker] Cache evicted: key-704... (reason: evict)

      at LRUCache.disposeAfter (lib/state.js:78:17)

  console.log
    [session-state-tracker] Cache evicted: key-705... (reason: evict)

      at LRUCache.disposeAfter (lib/state.js:78:17)

  console.log
    [session-state-tracker] Cache evicted: key-706... (reason: evict)

      at LRUCache.disposeAfter (lib/state.js:78:17)

  console.log
    [session-state-tracker] Cache evicted: key-707... (reason: evict)

      at LRUCache.disposeAfter (lib/state.js:78:17)

  console.log
    [session-state-tracker] Cache evicted: key-708... (reason: evict)

      at LRUCache.disposeAfter (lib/state.js:78:17)

  console.log
    [session-state-tracker] Cache evicted: key-709... (reason: evict)

      at LRUCache.disposeAfter (lib/state.js:78:17)

  console.log
    [session-state-tracker] Cache evicted: key-710... (reason: evict)

      at LRUCache.disposeAfter (lib/state.js:78:17)

  console.log
    [session-state-tracker] Cache evicted: key-711... (reason: evict)

      at LRUCache.disposeAfter (lib/state.js:78:17)

  console.log
    [session-state-tracker] Cache evicted: key-712... (reason: evict)

      at LRUCache.disposeAfter (lib/state.js:78:17)

  console.log
    [session-state-tracker] Cache evicted: key-713... (reason: evict)

      at LRUCache.disposeAfter (lib/state.js:78:17)

  console.log
    [session-state-tracker] Cache evicted: key-714... (reason: evict)

      at LRUCache.disposeAfter (lib/state.js:78:17)

  console.log
    [session-state-tracker] Cache evicted: key-715... (reason: evict)

      at LRUCache.disposeAfter (lib/state.js:78:17)

  console.log
    [session-state-tracker] Cache evicted: key-716... (reason: evict)

      at LRUCache.disposeAfter (lib/state.js:78:17)

  console.log
    [session-state-tracker] Cache evicted: key-717... (reason: evict)

      at LRUCache.disposeAfter (lib/state.js:78:17)

  console.log
    [session-state-tracker] Cache evicted: key-718... (reason: evict)

      at LRUCache.disposeAfter (lib/state.js:78:17)

  console.log
    [session-state-tracker] Cache evicted: key-719... (reason: evict)

      at LRUCache.disposeAfter (lib/state.js:78:17)

  console.log
    [session-state-tracker] Cache evicted: key-720... (reason: evict)

      at LRUCache.disposeAfter (lib/state.js:78:17)

  console.log
    [session-state-tracker] Cache evicted: key-721... (reason: evict)

      at LRUCache.disposeAfter (lib/state.js:78:17)

  console.log
    [session-state-tracker] Cache evicted: key-722... (reason: evict)

      at LRUCache.disposeAfter (lib/state.js:78:17)

  console.log
    [session-state-tracker] Cache evicted: key-723... (reason: evict)

      at LRUCache.disposeAfter (lib/state.js:78:17)

  console.log
    [session-state-tracker] Cache evicted: key-724... (reason: evict)

      at LRUCache.disposeAfter (lib/state.js:78:17)

  console.log
    [session-state-tracker] Cache evicted: key-725... (reason: evict)

      at LRUCache.disposeAfter (lib/state.js:78:17)

  console.log
    [session-state-tracker] Cache evicted: key-726... (reason: evict)

      at LRUCache.disposeAfter (lib/state.js:78:17)

  console.log
    [session-state-tracker] Cache evicted: key-727... (reason: evict)

      at LRUCache.disposeAfter (lib/state.js:78:17)

  console.log
    [session-state-tracker] Cache evicted: key-728... (reason: evict)

      at LRUCache.disposeAfter (lib/state.js:78:17)

  console.log
    [session-state-tracker] Cache evicted: key-729... (reason: evict)

      at LRUCache.disposeAfter (lib/state.js:78:17)

  console.log
    [session-state-tracker] Cache evicted: key-730... (reason: evict)

      at LRUCache.disposeAfter (lib/state.js:78:17)

  console.log
    [session-state-tracker] Cache evicted: key-731... (reason: evict)

      at LRUCache.disposeAfter (lib/state.js:78:17)

  console.log
    [session-state-tracker] Cache evicted: key-732... (reason: evict)

      at LRUCache.disposeAfter (lib/state.js:78:17)

  console.log
    [session-state-tracker] Cache evicted: key-733... (reason: evict)

      at LRUCache.disposeAfter (lib/state.js:78:17)

  console.log
    [session-state-tracker] Cache evicted: key-734... (reason: evict)

      at LRUCache.disposeAfter (lib/state.js:78:17)

  console.log
    [session-state-tracker] Cache evicted: key-735... (reason: evict)

      at LRUCache.disposeAfter (lib/state.js:78:17)

  console.log
    [session-state-tracker] Cache evicted: key-736... (reason: evict)

      at LRUCache.disposeAfter (lib/state.js:78:17)

  console.log
    [session-state-tracker] Cache evicted: key-737... (reason: evict)

      at LRUCache.disposeAfter (lib/state.js:78:17)

  console.log
    [session-state-tracker] Cache evicted: key-738... (reason: evict)

      at LRUCache.disposeAfter (lib/state.js:78:17)

  console.log
    [session-state-tracker] Cache evicted: key-739... (reason: evict)

      at LRUCache.disposeAfter (lib/state.js:78:17)

  console.log
    [session-state-tracker] Cache evicted: key-740... (reason: evict)

      at LRUCache.disposeAfter (lib/state.js:78:17)

  console.log
    [session-state-tracker] Cache evicted: key-741... (reason: evict)

      at LRUCache.disposeAfter (lib/state.js:78:17)

  console.log
    [session-state-tracker] Cache evicted: key-742... (reason: evict)

      at LRUCache.disposeAfter (lib/state.js:78:17)

  console.log
    [session-state-tracker] Cache evicted: key-743... (reason: evict)

      at LRUCache.disposeAfter (lib/state.js:78:17)

  console.log
    [session-state-tracker] Cache evicted: key-744... (reason: evict)

      at LRUCache.disposeAfter (lib/state.js:78:17)

  console.log
    [session-state-tracker] Cache evicted: key-745... (reason: evict)

      at LRUCache.disposeAfter (lib/state.js:78:17)

  console.log
    [session-state-tracker] Cache evicted: key-746... (reason: evict)

      at LRUCache.disposeAfter (lib/state.js:78:17)

  console.log
    [session-state-tracker] Cache evicted: key-747... (reason: evict)

      at LRUCache.disposeAfter (lib/state.js:78:17)

  console.log
    [session-state-tracker] Cache evicted: key-748... (reason: evict)

      at LRUCache.disposeAfter (lib/state.js:78:17)

  console.log
    [session-state-tracker] Cache evicted: key-749... (reason: evict)

      at LRUCache.disposeAfter (lib/state.js:78:17)

  console.log
    [session-state-tracker] Cache evicted: key-750... (reason: evict)

      at LRUCache.disposeAfter (lib/state.js:78:17)

  console.log
    [session-state-tracker] Cache evicted: key-751... (reason: evict)

      at LRUCache.disposeAfter (lib/state.js:78:17)

  console.log
    [session-state-tracker] Cache evicted: key-752... (reason: evict)

      at LRUCache.disposeAfter (lib/state.js:78:17)

  console.log
    [session-state-tracker] Cache evicted: key-753... (reason: evict)

      at LRUCache.disposeAfter (lib/state.js:78:17)

  console.log
    [session-state-tracker] Cache evicted: key-754... (reason: evict)

      at LRUCache.disposeAfter (lib/state.js:78:17)

  console.log
    [session-state-tracker] Cache evicted: key-755... (reason: evict)

      at LRUCache.disposeAfter (lib/state.js:78:17)

  console.log
    [session-state-tracker] Cache evicted: key-756... (reason: evict)

      at LRUCache.disposeAfter (lib/state.js:78:17)

  console.log
    [session-state-tracker] Cache evicted: key-757... (reason: evict)

      at LRUCache.disposeAfter (lib/state.js:78:17)

  console.log
    [session-state-tracker] Cache evicted: key-758... (reason: evict)

      at LRUCache.disposeAfter (lib/state.js:78:17)

  console.log
    [session-state-tracker] Cache evicted: key-759... (reason: evict)

      at LRUCache.disposeAfter (lib/state.js:78:17)

  console.log
    [session-state-tracker] Cache evicted: key-760... (reason: evict)

      at LRUCache.disposeAfter (lib/state.js:78:17)

  console.log
    [session-state-tracker] Cache evicted: key-761... (reason: evict)

      at LRUCache.disposeAfter (lib/state.js:78:17)

  console.log
    [session-state-tracker] Cache evicted: key-762... (reason: evict)

      at LRUCache.disposeAfter (lib/state.js:78:17)

  console.log
    [session-state-tracker] Cache evicted: key-763... (reason: evict)

      at LRUCache.disposeAfter (lib/state.js:78:17)

  console.log
    [session-state-tracker] Cache evicted: key-764... (reason: evict)

      at LRUCache.disposeAfter (lib/state.js:78:17)

  console.log
    [session-state-tracker] Cache evicted: key-765... (reason: evict)

      at LRUCache.disposeAfter (lib/state.js:78:17)

  console.log
    [session-state-tracker] Cache evicted: key-766... (reason: evict)

      at LRUCache.disposeAfter (lib/state.js:78:17)

  console.log
    [session-state-tracker] Cache evicted: key-767... (reason: evict)

      at LRUCache.disposeAfter (lib/state.js:78:17)

  console.log
    [session-state-tracker] Cache evicted: key-768... (reason: evict)

      at LRUCache.disposeAfter (lib/state.js:78:17)

  console.log
    [session-state-tracker] Cache evicted: key-769... (reason: evict)

      at LRUCache.disposeAfter (lib/state.js:78:17)

  console.log
    [session-state-tracker] Cache evicted: key-770... (reason: evict)

      at LRUCache.disposeAfter (lib/state.js:78:17)

  console.log
    [session-state-tracker] Cache evicted: key-771... (reason: evict)

      at LRUCache.disposeAfter (lib/state.js:78:17)

  console.log
    [session-state-tracker] Cache evicted: key-772... (reason: evict)

      at LRUCache.disposeAfter (lib/state.js:78:17)

  console.log
    [session-state-tracker] Cache evicted: key-773... (reason: evict)

      at LRUCache.disposeAfter (lib/state.js:78:17)

  console.log
    [session-state-tracker] Cache evicted: key-774... (reason: evict)

      at LRUCache.disposeAfter (lib/state.js:78:17)

  console.log
    [session-state-tracker] Cache evicted: key-775... (reason: evict)

      at LRUCache.disposeAfter (lib/state.js:78:17)

  console.log
    [session-state-tracker] Cache evicted: key-776... (reason: evict)

      at LRUCache.disposeAfter (lib/state.js:78:17)

  console.log
    [session-state-tracker] Cache evicted: key-777... (reason: evict)

      at LRUCache.disposeAfter (lib/state.js:78:17)

  console.log
    [session-state-tracker] Cache evicted: key-778... (reason: evict)

      at LRUCache.disposeAfter (lib/state.js:78:17)

  console.log
    [session-state-tracker] Cache evicted: key-779... (reason: evict)

      at LRUCache.disposeAfter (lib/state.js:78:17)

  console.log
    [session-state-tracker] Cache evicted: key-780... (reason: evict)

      at LRUCache.disposeAfter (lib/state.js:78:17)

  console.log
    [session-state-tracker] Cache evicted: key-781... (reason: evict)

      at LRUCache.disposeAfter (lib/state.js:78:17)

  console.log
    [session-state-tracker] Cache evicted: key-782... (reason: evict)

      at LRUCache.disposeAfter (lib/state.js:78:17)

  console.log
    [session-state-tracker] Cache evicted: key-783... (reason: evict)

      at LRUCache.disposeAfter (lib/state.js:78:17)

  console.log
    [session-state-tracker] Cache evicted: key-784... (reason: evict)

      at LRUCache.disposeAfter (lib/state.js:78:17)

  console.log
    [session-state-tracker] Cache evicted: key-785... (reason: evict)

      at LRUCache.disposeAfter (lib/state.js:78:17)

  console.log
    [session-state-tracker] Cache evicted: key-786... (reason: evict)

      at LRUCache.disposeAfter (lib/state.js:78:17)

  console.log
    [session-state-tracker] Cache evicted: key-787... (reason: evict)

      at LRUCache.disposeAfter (lib/state.js:78:17)

  console.log
    [session-state-tracker] Cache evicted: key-788... (reason: evict)

      at LRUCache.disposeAfter (lib/state.js:78:17)

  console.log
    [session-state-tracker] Cache evicted: key-789... (reason: evict)

      at LRUCache.disposeAfter (lib/state.js:78:17)

  console.log
    [session-state-tracker] Cache evicted: key-790... (reason: evict)

      at LRUCache.disposeAfter (lib/state.js:78:17)

  console.log
    [session-state-tracker] Cache evicted: key-791... (reason: evict)

      at LRUCache.disposeAfter (lib/state.js:78:17)

  console.log
    [session-state-tracker] Cache evicted: key-792... (reason: evict)

      at LRUCache.disposeAfter (lib/state.js:78:17)

  console.log
    [session-state-tracker] Cache evicted: key-793... (reason: evict)

      at LRUCache.disposeAfter (lib/state.js:78:17)

  console.log
    [session-state-tracker] Cache evicted: key-794... (reason: evict)

      at LRUCache.disposeAfter (lib/state.js:78:17)

  console.log
    [session-state-tracker] Cache evicted: key-795... (reason: evict)

      at LRUCache.disposeAfter (lib/state.js:78:17)

  console.log
    [session-state-tracker] Cache evicted: key-796... (reason: evict)

      at LRUCache.disposeAfter (lib/state.js:78:17)

  console.log
    [session-state-tracker] Cache evicted: key-797... (reason: evict)

      at LRUCache.disposeAfter (lib/state.js:78:17)

  console.log
    [session-state-tracker] Cache evicted: key-798... (reason: evict)

      at LRUCache.disposeAfter (lib/state.js:78:17)

  console.log
    [session-state-tracker] Cache evicted: key-799... (reason: evict)

      at LRUCache.disposeAfter (lib/state.js:78:17)

  console.log
    [session-state-tracker] Cache evicted: key-800... (reason: evict)

      at LRUCache.disposeAfter (lib/state.js:78:17)

  console.log
    [session-state-tracker] Cache evicted: key-801... (reason: evict)

      at LRUCache.disposeAfter (lib/state.js:78:17)

  console.log
    [session-state-tracker] Cache evicted: key-802... (reason: evict)

      at LRUCache.disposeAfter (lib/state.js:78:17)

  console.log
    [session-state-tracker] Cache evicted: key-803... (reason: evict)

      at LRUCache.disposeAfter (lib/state.js:78:17)

  console.log
    [session-state-tracker] Cache evicted: key-804... (reason: evict)

      at LRUCache.disposeAfter (lib/state.js:78:17)

  console.log
    [session-state-tracker] Cache evicted: key-805... (reason: evict)

      at LRUCache.disposeAfter (lib/state.js:78:17)

  console.log
    [session-state-tracker] Cache evicted: key-806... (reason: evict)

      at LRUCache.disposeAfter (lib/state.js:78:17)

  console.log
    [session-state-tracker] Cache evicted: key-807... (reason: evict)

      at LRUCache.disposeAfter (lib/state.js:78:17)

  console.log
    [session-state-tracker] Cache evicted: key-808... (reason: evict)

      at LRUCache.disposeAfter (lib/state.js:78:17)

  console.log
    [session-state-tracker] Cache evicted: key-809... (reason: evict)

      at LRUCache.disposeAfter (lib/state.js:78:17)

  console.log
    [session-state-tracker] Cache evicted: key-810... (reason: evict)

      at LRUCache.disposeAfter (lib/state.js:78:17)

  console.log
    [session-state-tracker] Cache evicted: key-811... (reason: evict)

      at LRUCache.disposeAfter (lib/state.js:78:17)

  console.log
    [session-state-tracker] Cache evicted: key-812... (reason: evict)

      at LRUCache.disposeAfter (lib/state.js:78:17)

  console.log
    [session-state-tracker] Cache evicted: key-813... (reason: evict)

      at LRUCache.disposeAfter (lib/state.js:78:17)

  console.log
    [session-state-tracker] Cache evicted: key-814... (reason: evict)

      at LRUCache.disposeAfter (lib/state.js:78:17)

  console.log
    [session-state-tracker] Cache evicted: key-815... (reason: evict)

      at LRUCache.disposeAfter (lib/state.js:78:17)

  console.log
    [session-state-tracker] Cache evicted: key-816... (reason: evict)

      at LRUCache.disposeAfter (lib/state.js:78:17)

  console.log
    [session-state-tracker] Cache evicted: key-817... (reason: evict)

      at LRUCache.disposeAfter (lib/state.js:78:17)

  console.log
    [session-state-tracker] Cache evicted: key-818... (reason: evict)

      at LRUCache.disposeAfter (lib/state.js:78:17)

  console.log
    [session-state-tracker] Cache evicted: key-819... (reason: evict)

      at LRUCache.disposeAfter (lib/state.js:78:17)

  console.log
    [session-state-tracker] Cache evicted: key-820... (reason: evict)

      at LRUCache.disposeAfter (lib/state.js:78:17)

  console.log
    [session-state-tracker] Cache evicted: key-821... (reason: evict)

      at LRUCache.disposeAfter (lib/state.js:78:17)

  console.log
    [session-state-tracker] Cache evicted: key-822... (reason: evict)

      at LRUCache.disposeAfter (lib/state.js:78:17)

  console.log
    [session-state-tracker] Cache evicted: key-823... (reason: evict)

      at LRUCache.disposeAfter (lib/state.js:78:17)

  console.log
    [session-state-tracker] Cache evicted: key-824... (reason: evict)

      at LRUCache.disposeAfter (lib/state.js:78:17)

  console.log
    [session-state-tracker] Cache evicted: key-825... (reason: evict)

      at LRUCache.disposeAfter (lib/state.js:78:17)

  console.log
    [session-state-tracker] Cache evicted: key-826... (reason: evict)

      at LRUCache.disposeAfter (lib/state.js:78:17)

  console.log
    [session-state-tracker] Cache evicted: key-827... (reason: evict)

      at LRUCache.disposeAfter (lib/state.js:78:17)

  console.log
    [session-state-tracker] Cache evicted: key-828... (reason: evict)

      at LRUCache.disposeAfter (lib/state.js:78:17)

  console.log
    [session-state-tracker] Cache evicted: key-829... (reason: evict)

      at LRUCache.disposeAfter (lib/state.js:78:17)

  console.log
    [session-state-tracker] Cache evicted: key-830... (reason: evict)

      at LRUCache.disposeAfter (lib/state.js:78:17)

  console.log
    [session-state-tracker] Cache evicted: key-831... (reason: evict)

      at LRUCache.disposeAfter (lib/state.js:78:17)

  console.log
    [session-state-tracker] Cache evicted: key-832... (reason: evict)

      at LRUCache.disposeAfter (lib/state.js:78:17)

  console.log
    [session-state-tracker] Cache evicted: key-833... (reason: evict)

      at LRUCache.disposeAfter (lib/state.js:78:17)

  console.log
    [session-state-tracker] Cache evicted: key-834... (reason: evict)

      at LRUCache.disposeAfter (lib/state.js:78:17)

  console.log
    [session-state-tracker] Cache evicted: key-835... (reason: evict)

      at LRUCache.disposeAfter (lib/state.js:78:17)

  console.log
    [session-state-tracker] Cache evicted: key-836... (reason: evict)

      at LRUCache.disposeAfter (lib/state.js:78:17)

  console.log
    [session-state-tracker] Cache evicted: key-837... (reason: evict)

      at LRUCache.disposeAfter (lib/state.js:78:17)

  console.log
    [session-state-tracker] Cache evicted: key-838... (reason: evict)

      at LRUCache.disposeAfter (lib/state.js:78:17)

  console.log
    [session-state-tracker] Cache evicted: key-839... (reason: evict)

      at LRUCache.disposeAfter (lib/state.js:78:17)

  console.log
    [session-state-tracker] Cache evicted: key-840... (reason: evict)

      at LRUCache.disposeAfter (lib/state.js:78:17)

  console.log
    [session-state-tracker] Cache evicted: key-841... (reason: evict)

      at LRUCache.disposeAfter (lib/state.js:78:17)

  console.log
    [session-state-tracker] Cache evicted: key-842... (reason: evict)

      at LRUCache.disposeAfter (lib/state.js:78:17)

  console.log
    [session-state-tracker] Cache evicted: key-843... (reason: evict)

      at LRUCache.disposeAfter (lib/state.js:78:17)

  console.log
    [session-state-tracker] Cache evicted: key-844... (reason: evict)

      at LRUCache.disposeAfter (lib/state.js:78:17)

  console.log
    [session-state-tracker] Cache evicted: key-845... (reason: evict)

      at LRUCache.disposeAfter (lib/state.js:78:17)

  console.log
    [session-state-tracker] Cache evicted: key-846... (reason: evict)

      at LRUCache.disposeAfter (lib/state.js:78:17)

  console.log
    [session-state-tracker] Cache evicted: key-847... (reason: evict)

      at LRUCache.disposeAfter (lib/state.js:78:17)

  console.log
    [session-state-tracker] Cache evicted: key-848... (reason: evict)

      at LRUCache.disposeAfter (lib/state.js:78:17)

  console.log
    [session-state-tracker] Cache evicted: key-849... (reason: evict)

      at LRUCache.disposeAfter (lib/state.js:78:17)

  console.log
    [session-state-tracker] Cache evicted: key-850... (reason: evict)

      at LRUCache.disposeAfter (lib/state.js:78:17)

  console.log
    [session-state-tracker] Cache evicted: key-851... (reason: evict)

      at LRUCache.disposeAfter (lib/state.js:78:17)

  console.log
    [session-state-tracker] Cache evicted: key-852... (reason: evict)

      at LRUCache.disposeAfter (lib/state.js:78:17)

  console.log
    [session-state-tracker] Cache evicted: key-853... (reason: evict)

      at LRUCache.disposeAfter (lib/state.js:78:17)

  console.log
    [session-state-tracker] Cache evicted: key-854... (reason: evict)

      at LRUCache.disposeAfter (lib/state.js:78:17)

  console.log
    [session-state-tracker] Cache evicted: key-855... (reason: evict)

      at LRUCache.disposeAfter (lib/state.js:78:17)

  console.log
    [session-state-tracker] Cache evicted: key-856... (reason: evict)

      at LRUCache.disposeAfter (lib/state.js:78:17)

  console.log
    [session-state-tracker] Cache evicted: key-857... (reason: evict)

      at LRUCache.disposeAfter (lib/state.js:78:17)

  console.log
    [session-state-tracker] Cache evicted: key-858... (reason: evict)

      at LRUCache.disposeAfter (lib/state.js:78:17)

  console.log
    [session-state-tracker] Cache evicted: key-859... (reason: evict)

      at LRUCache.disposeAfter (lib/state.js:78:17)

  console.log
    [session-state-tracker] Cache evicted: key-860... (reason: evict)

      at LRUCache.disposeAfter (lib/state.js:78:17)

  console.log
    [session-state-tracker] Cache evicted: key-861... (reason: evict)

      at LRUCache.disposeAfter (lib/state.js:78:17)

  console.log
    [session-state-tracker] Cache evicted: key-862... (reason: evict)

      at LRUCache.disposeAfter (lib/state.js:78:17)

  console.log
    [session-state-tracker] Cache evicted: key-863... (reason: evict)

      at LRUCache.disposeAfter (lib/state.js:78:17)

  console.log
    [session-state-tracker] Cache evicted: key-864... (reason: evict)

      at LRUCache.disposeAfter (lib/state.js:78:17)

  console.log
    [session-state-tracker] Cache evicted: key-865... (reason: evict)

      at LRUCache.disposeAfter (lib/state.js:78:17)

  console.log
    [session-state-tracker] Cache evicted: key-866... (reason: evict)

      at LRUCache.disposeAfter (lib/state.js:78:17)

  console.log
    [session-state-tracker] Cache evicted: key-867... (reason: evict)

      at LRUCache.disposeAfter (lib/state.js:78:17)

  console.log
    [session-state-tracker] Cache evicted: key-868... (reason: evict)

      at LRUCache.disposeAfter (lib/state.js:78:17)

  console.log
    [session-state-tracker] Cache evicted: key-869... (reason: evict)

      at LRUCache.disposeAfter (lib/state.js:78:17)

  console.log
    [session-state-tracker] Cache evicted: key-870... (reason: evict)

      at LRUCache.disposeAfter (lib/state.js:78:17)

  console.log
    [session-state-tracker] Cache evicted: key-871... (reason: evict)

      at LRUCache.disposeAfter (lib/state.js:78:17)

  console.log
    [session-state-tracker] Cache evicted: key-872... (reason: evict)

      at LRUCache.disposeAfter (lib/state.js:78:17)

  console.log
    [session-state-tracker] Cache evicted: key-873... (reason: evict)

      at LRUCache.disposeAfter (lib/state.js:78:17)

  console.log
    [session-state-tracker] Cache evicted: key-874... (reason: evict)

      at LRUCache.disposeAfter (lib/state.js:78:17)

  console.log
    [session-state-tracker] Cache evicted: key-875... (reason: evict)

      at LRUCache.disposeAfter (lib/state.js:78:17)

  console.log
    [session-state-tracker] Cache evicted: key-876... (reason: evict)

      at LRUCache.disposeAfter (lib/state.js:78:17)

  console.log
    [session-state-tracker] Cache evicted: key-877... (reason: evict)

      at LRUCache.disposeAfter (lib/state.js:78:17)

  console.log
    [session-state-tracker] Cache evicted: key-878... (reason: evict)

      at LRUCache.disposeAfter (lib/state.js:78:17)

  console.log
    [session-state-tracker] Cache evicted: key-879... (reason: evict)

      at LRUCache.disposeAfter (lib/state.js:78:17)

  console.log
    [session-state-tracker] Cache evicted: key-880... (reason: evict)

      at LRUCache.disposeAfter (lib/state.js:78:17)

  console.log
    [session-state-tracker] Cache evicted: key-881... (reason: evict)

      at LRUCache.disposeAfter (lib/state.js:78:17)

  console.log
    [session-state-tracker] Cache evicted: key-882... (reason: evict)

      at LRUCache.disposeAfter (lib/state.js:78:17)

  console.log
    [session-state-tracker] Cache evicted: key-883... (reason: evict)

      at LRUCache.disposeAfter (lib/state.js:78:17)

  console.log
    [session-state-tracker] Cache evicted: key-884... (reason: evict)

      at LRUCache.disposeAfter (lib/state.js:78:17)

  console.log
    [session-state-tracker] Cache evicted: key-885... (reason: evict)

      at LRUCache.disposeAfter (lib/state.js:78:17)

  console.log
    [session-state-tracker] Cache evicted: key-886... (reason: evict)

      at LRUCache.disposeAfter (lib/state.js:78:17)

  console.log
    [session-state-tracker] Cache evicted: key-887... (reason: evict)

      at LRUCache.disposeAfter (lib/state.js:78:17)

  console.log
    [session-state-tracker] Cache evicted: key-888... (reason: evict)

      at LRUCache.disposeAfter (lib/state.js:78:17)

  console.log
    [session-state-tracker] Cache evicted: key-889... (reason: evict)

      at LRUCache.disposeAfter (lib/state.js:78:17)

  console.log
    [session-state-tracker] Cache evicted: key-890... (reason: evict)

      at LRUCache.disposeAfter (lib/state.js:78:17)

  console.log
    [session-state-tracker] Cache evicted: key-891... (reason: evict)

      at LRUCache.disposeAfter (lib/state.js:78:17)

  console.log
    [session-state-tracker] Cache evicted: key-892... (reason: evict)

      at LRUCache.disposeAfter (lib/state.js:78:17)

  console.log
    [session-state-tracker] Cache evicted: key-893... (reason: evict)

      at LRUCache.disposeAfter (lib/state.js:78:17)

  console.log
    [session-state-tracker] Cache evicted: key-894... (reason: evict)

      at LRUCache.disposeAfter (lib/state.js:78:17)

  console.log
    [session-state-tracker] Cache evicted: key-895... (reason: evict)

      at LRUCache.disposeAfter (lib/state.js:78:17)

  console.log
    [session-state-tracker] Cache evicted: key-896... (reason: evict)

      at LRUCache.disposeAfter (lib/state.js:78:17)

  console.log
    [session-state-tracker] Cache evicted: key-897... (reason: evict)

      at LRUCache.disposeAfter (lib/state.js:78:17)

  console.log
    [session-state-tracker] Cache evicted: key-898... (reason: evict)

      at LRUCache.disposeAfter (lib/state.js:78:17)

  console.log
    [session-state-tracker] Cache evicted: key-899... (reason: evict)

      at LRUCache.disposeAfter (lib/state.js:78:17)

  console.log
    [session-state-tracker] Cache evicted: key-900... (reason: delete)

      at LRUCache.disposeAfter (lib/state.js:78:17)

  console.log
    [session-state-tracker] Cache evicted: key-901... (reason: delete)

      at LRUCache.disposeAfter (lib/state.js:78:17)

  console.log
    [session-state-tracker] Cache evicted: key-902... (reason: delete)

      at LRUCache.disposeAfter (lib/state.js:78:17)

  console.log
    [session-state-tracker] Cache evicted: key-903... (reason: delete)

      at LRUCache.disposeAfter (lib/state.js:78:17)

  console.log
    [session-state-tracker] Cache evicted: key-904... (reason: delete)

      at LRUCache.disposeAfter (lib/state.js:78:17)

  console.log
    [session-state-tracker] Cache evicted: key-905... (reason: delete)

      at LRUCache.disposeAfter (lib/state.js:78:17)

  console.log
    [session-state-tracker] Cache evicted: key-908... (reason: delete)

      at LRUCache.disposeAfter (lib/state.js:78:17)

  console.log
    [session-state-tracker] Cache evicted: key-909... (reason: delete)

      at LRUCache.disposeAfter (lib/state.js:78:17)

  console.log
    [session-state-tracker] Cache evicted: key-911... (reason: delete)

      at LRUCache.disposeAfter (lib/state.js:78:17)

  console.log
    [session-state-tracker] Cache evicted: key-915... (reason: delete)

      at LRUCache.disposeAfter (lib/state.js:78:17)

  console.log
    [session-state-tracker] Cache evicted: key-917... (reason: delete)

      at LRUCache.disposeAfter (lib/state.js:78:17)

  console.log
    [session-state-tracker] Cache evicted: key-919... (reason: delete)

      at LRUCache.disposeAfter (lib/state.js:78:17)

  console.log
    [session-state-tracker] Cache evicted: key-922... (reason: delete)

      at LRUCache.disposeAfter (lib/state.js:78:17)

  console.log
    [session-state-tracker] Cache evicted: key-924... (reason: delete)

      at LRUCache.disposeAfter (lib/state.js:78:17)

  console.log
    [session-state-tracker] Cache evicted: key-925... (reason: delete)

      at LRUCache.disposeAfter (lib/state.js:78:17)

  console.log
    [session-state-tracker] Cache evicted: key-926... (reason: delete)

      at LRUCache.disposeAfter (lib/state.js:78:17)

  console.log
    [session-state-tracker] Cache evicted: key-929... (reason: delete)

      at LRUCache.disposeAfter (lib/state.js:78:17)

  console.log
    [session-state-tracker] Cache evicted: key-930... (reason: delete)

      at LRUCache.disposeAfter (lib/state.js:78:17)

  console.log
    [session-state-tracker] Cache evicted: key-931... (reason: delete)

      at LRUCache.disposeAfter (lib/state.js:78:17)

  console.log
    [session-state-tracker] Cache evicted: key-932... (reason: delete)

      at LRUCache.disposeAfter (lib/state.js:78:17)

  console.log
    [session-state-tracker] Cache evicted: key-933... (reason: delete)

      at LRUCache.disposeAfter (lib/state.js:78:17)

  console.log
    [session-state-tracker] Cache evicted: key-934... (reason: delete)

      at LRUCache.disposeAfter (lib/state.js:78:17)

  console.log
    [session-state-tracker] Cache evicted: key-935... (reason: delete)

      at LRUCache.disposeAfter (lib/state.js:78:17)

  console.log
    [session-state-tracker] Cache evicted: key-941... (reason: delete)

      at LRUCache.disposeAfter (lib/state.js:78:17)

  console.log
    [session-state-tracker] Cache evicted: key-942... (reason: delete)

      at LRUCache.disposeAfter (lib/state.js:78:17)

  console.log
    [session-state-tracker] Cache evicted: key-943... (reason: delete)

      at LRUCache.disposeAfter (lib/state.js:78:17)

  console.log
    [session-state-tracker] Cache evicted: key-945... (reason: delete)

      at LRUCache.disposeAfter (lib/state.js:78:17)

  console.log
    [session-state-tracker] Cache evicted: key-947... (reason: delete)

      at LRUCache.disposeAfter (lib/state.js:78:17)

  console.log
    [session-state-tracker] Cache evicted: key-948... (reason: delete)

      at LRUCache.disposeAfter (lib/state.js:78:17)

  console.log
    [session-state-tracker] Cache evicted: key-952... (reason: delete)

      at LRUCache.disposeAfter (lib/state.js:78:17)

  console.log
    [session-state-tracker] Cache evicted: key-953... (reason: delete)

      at LRUCache.disposeAfter (lib/state.js:78:17)

  console.log
    [session-state-tracker] Cache evicted: key-955... (reason: delete)

      at LRUCache.disposeAfter (lib/state.js:78:17)

  console.log
    [session-state-tracker] Cache evicted: key-957... (reason: delete)

      at LRUCache.disposeAfter (lib/state.js:78:17)

  console.log
    [session-state-tracker] Cache evicted: key-959... (reason: delete)

      at LRUCache.disposeAfter (lib/state.js:78:17)

  console.log
    [session-state-tracker] Cache evicted: key-961... (reason: delete)

      at LRUCache.disposeAfter (lib/state.js:78:17)

  console.log
    [session-state-tracker] Cache evicted: key-962... (reason: delete)

      at LRUCache.disposeAfter (lib/state.js:78:17)

  console.log
    [session-state-tracker] Cache evicted: key-964... (reason: delete)

      at LRUCache.disposeAfter (lib/state.js:78:17)

  console.log
    [session-state-tracker] Cache evicted: key-965... (reason: delete)

      at LRUCache.disposeAfter (lib/state.js:78:17)

  console.log
    [session-state-tracker] Cache evicted: key-966... (reason: delete)

      at LRUCache.disposeAfter (lib/state.js:78:17)

  console.log
    [session-state-tracker] Cache evicted: key-967... (reason: delete)

      at LRUCache.disposeAfter (lib/state.js:78:17)

  console.log
    [session-state-tracker] Cache evicted: key-969... (reason: delete)

      at LRUCache.disposeAfter (lib/state.js:78:17)

  console.log
    [session-state-tracker] Cache evicted: key-971... (reason: delete)

      at LRUCache.disposeAfter (lib/state.js:78:17)

  console.log
    [session-state-tracker] Cache evicted: key-973... (reason: delete)

      at LRUCache.disposeAfter (lib/state.js:78:17)

  console.log
    [session-state-tracker] Cache evicted: key-974... (reason: delete)

      at LRUCache.disposeAfter (lib/state.js:78:17)

  console.log
    [session-state-tracker] Cache evicted: key-975... (reason: delete)

      at LRUCache.disposeAfter (lib/state.js:78:17)

  console.log
    [session-state-tracker] Cache evicted: key-977... (reason: delete)

      at LRUCache.disposeAfter (lib/state.js:78:17)

  console.log
    [session-state-tracker] Cache evicted: key-978... (reason: delete)

      at LRUCache.disposeAfter (lib/state.js:78:17)

  console.log
    [session-state-tracker] Cache evicted: key-982... (reason: delete)

      at LRUCache.disposeAfter (lib/state.js:78:17)

  console.log
    [session-state-tracker] Cache evicted: key-983... (reason: delete)

      at LRUCache.disposeAfter (lib/state.js:78:17)

  console.log
    [session-state-tracker] Cache evicted: key-984... (reason: delete)

      at LRUCache.disposeAfter (lib/state.js:78:17)

  console.log
    [session-state-tracker] Cache evicted: key-986... (reason: delete)

      at LRUCache.disposeAfter (lib/state.js:78:17)

  console.log
    [session-state-tracker] Cache evicted: key-987... (reason: delete)

      at LRUCache.disposeAfter (lib/state.js:78:17)

  console.log
    [session-state-tracker] Cache evicted: key-988... (reason: delete)

      at LRUCache.disposeAfter (lib/state.js:78:17)

  console.log
    [session-state-tracker] Cache evicted: key-989... (reason: delete)

      at LRUCache.disposeAfter (lib/state.js:78:17)

  console.log
    [session-state-tracker] Cache evicted: key-990... (reason: delete)

      at LRUCache.disposeAfter (lib/state.js:78:17)

  console.log
    [session-state-tracker] Cache evicted: key-991... (reason: delete)

      at LRUCache.disposeAfter (lib/state.js:78:17)

  console.log
    [session-state-tracker] Cache evicted: key-992... (reason: delete)

      at LRUCache.disposeAfter (lib/state.js:78:17)

  console.log
    [session-state-tracker] Cache evicted: key-993... (reason: delete)

      at LRUCache.disposeAfter (lib/state.js:78:17)

  console.log
    [session-state-tracker] Cache evicted: key-994... (reason: delete)

      at LRUCache.disposeAfter (lib/state.js:78:17)

  console.log
    [session-state-tracker] Cache evicted: key-995... (reason: delete)

      at LRUCache.disposeAfter (lib/state.js:78:17)

  console.log
    [session-state-tracker] Cache evicted: key-996... (reason: delete)

      at LRUCache.disposeAfter (lib/state.js:78:17)

  console.log
    [session-state-tracker] Cache evicted: key-997... (reason: delete)

      at LRUCache.disposeAfter (lib/state.js:78:17)

  console.log
    [session-state-tracker] Cache evicted: key-999... (reason: delete)

      at LRUCache.disposeAfter (lib/state.js:78:17)

  console.log
    [session-state-tracker] Cache evicted: key-985... (reason: delete)

      at LRUCache.disposeAfter (lib/state.js:78:17)

  console.log
    [session-state-tracker] Cache evicted: key-976... (reason: delete)

      at LRUCache.disposeAfter (lib/state.js:78:17)

  console.log
    [session-state-tracker] Cache evicted: key-998... (reason: delete)

      at LRUCache.disposeAfter (lib/state.js:78:17)

  console.log
    [session-state-tracker] Cache evicted: key-920... (reason: delete)

      at LRUCache.disposeAfter (lib/state.js:78:17)

  console.log
    [session-state-tracker] Cache evicted: key-923... (reason: delete)

      at LRUCache.disposeAfter (lib/state.js:78:17)

  console.log
    [session-state-tracker] Cache evicted: key-956... (reason: delete)

      at LRUCache.disposeAfter (lib/state.js:78:17)

  console.log
    [session-state-tracker] Cache evicted: key-939... (reason: delete)

      at LRUCache.disposeAfter (lib/state.js:78:17)

  console.log
    [session-state-tracker] Cache evicted: key-981... (reason: delete)

      at LRUCache.disposeAfter (lib/state.js:78:17)

  console.log
    [session-state-tracker] Cache evicted: key-963... (reason: delete)

      at LRUCache.disposeAfter (lib/state.js:78:17)

  console.log
    [session-state-tracker] Cache evicted: key-960... (reason: delete)

      at LRUCache.disposeAfter (lib/state.js:78:17)

  console.log
    [session-state-tracker] Cache evicted: key-921... (reason: delete)

      at LRUCache.disposeAfter (lib/state.js:78:17)

  console.log
    [session-state-tracker] Cache evicted: key-936... (reason: delete)

      at LRUCache.disposeAfter (lib/state.js:78:17)

  console.log
    [session-state-tracker] Cache evicted: key-958... (reason: delete)

      at LRUCache.disposeAfter (lib/state.js:78:17)

  console.log
    [session-state-tracker] Cache evicted: key-980... (reason: delete)

      at LRUCache.disposeAfter (lib/state.js:78:17)

  console.log
    [session-state-tracker] Cache evicted: key-937... (reason: delete)

      at LRUCache.disposeAfter (lib/state.js:78:17)

  console.log
    [session-state-tracker] Cache evicted: key-972... (reason: delete)

      at LRUCache.disposeAfter (lib/state.js:78:17)

  console.log
    [session-state-tracker] Cache evicted: key-906... (reason: delete)

      at LRUCache.disposeAfter (lib/state.js:78:17)

  console.log
    [session-state-tracker] Cache evicted: key-916... (reason: delete)

      at LRUCache.disposeAfter (lib/state.js:78:17)

  console.log
    [session-state-tracker] Cache evicted: key-979... (reason: delete)

      at LRUCache.disposeAfter (lib/state.js:78:17)

  console.log
    [session-state-tracker] Cache evicted: key-951... (reason: delete)

      at LRUCache.disposeAfter (lib/state.js:78:17)

  console.log
    [session-state-tracker] Cache evicted: key-950... (reason: delete)

      at LRUCache.disposeAfter (lib/state.js:78:17)

  console.log
    [session-state-tracker] Cache evicted: key-949... (reason: delete)

      at LRUCache.disposeAfter (lib/state.js:78:17)

  console.log
    [session-state-tracker] Cache evicted: key-913... (reason: delete)

      at LRUCache.disposeAfter (lib/state.js:78:17)

  console.log
    [session-state-tracker] Cache evicted: key-968... (reason: delete)

      at LRUCache.disposeAfter (lib/state.js:78:17)

  console.log
    [session-state-tracker] Cache evicted: key-928... (reason: delete)

      at LRUCache.disposeAfter (lib/state.js:78:17)

  console.log
    [session-state-tracker] Cache evicted: key-954... (reason: delete)

      at LRUCache.disposeAfter (lib/state.js:78:17)

  console.log
    [session-state-tracker] Cache evicted: key-944... (reason: delete)

      at LRUCache.disposeAfter (lib/state.js:78:17)

  console.log
    [session-state-tracker] Cache evicted: key-918... (reason: delete)

      at LRUCache.disposeAfter (lib/state.js:78:17)

  console.log
    [session-state-tracker] Cache evicted: key-914... (reason: delete)

      at LRUCache.disposeAfter (lib/state.js:78:17)

  console.log
    [session-state-tracker] Cache evicted: key-970... (reason: delete)

      at LRUCache.disposeAfter (lib/state.js:78:17)

  console.log
    [session-state-tracker] Cache evicted: key-927... (reason: delete)

      at LRUCache.disposeAfter (lib/state.js:78:17)

  console.log
    [session-state-tracker] Cache evicted: key-907... (reason: delete)

      at LRUCache.disposeAfter (lib/state.js:78:17)

  console.log
    [session-state-tracker] Cache evicted: key-910... (reason: delete)

      at LRUCache.disposeAfter (lib/state.js:78:17)

  console.log
    [session-state-tracker] Cache evicted: key-946... (reason: delete)

      at LRUCache.disposeAfter (lib/state.js:78:17)

  console.log
    [session-state-tracker] Cache evicted: key-912... (reason: delete)

      at LRUCache.disposeAfter (lib/state.js:78:17)

  console.log
    [session-state-tracker] Cache evicted: key-938... (reason: delete)

      at LRUCache.disposeAfter (lib/state.js:78:17)

  console.log
    [session-state-tracker] Cache evicted: key-940... (reason: delete)

      at LRUCache.disposeAfter (lib/state.js:78:17)

  console.log
    preCompaction avg: 0.04ms, max: 1.00ms

      at Object.<anonymous> (tests/performance.test.js:197:15)

  console.log
    sessionStart with 5 prefetch queries: 1ms

      at Object.<anonymous> (tests/performance.test.js:227:15)

  console.log
    cache.get avg: 0.000ms

      at Object.<anonymous> (tests/performance.test.js:281:15)

PASS tests/performance.test.js
  Performance Benchmarks
    readState Performance
      ✓ should complete within 50ms average (over 100 iterations) (48 ms)
    writeState Performance
      ✓ should complete within 50ms average (over 100 iterations) (41 ms)
    Cache get/set Performance
      ✓ should complete cache operations under 5ms (885 ms)
      ✓ should handle high load without significant slowdown (784 ms)
    Hook Performance
      ✓ preCompaction should complete within 500ms (36 ms)
      ✓ sessionStart with prefetch should complete within 2s (parallel) (4 ms)
      ✓ postCompaction should complete within 100ms (10 ms)
    cached_memory_search Performance
      ✓ cache hit should be sub-millisecond (4 ms)

Test Suites: 4 failed, 1 passed, 5 total
Tests:       57 failed, 71 passed, 128 total
Snapshots:   0 total
Time:        2.444 s
Ran all test suites.
